     1                                  %include "../include/define.s"
     1                              <1> BOOT_LOAD equ 0x7C00      ;//boot程序加载地址
     2                              <1> BOOT_SIZE equ (1024 * 8)  ;//boot代码段大小
     3                              <1> BOOT_END  equ (BOOT_LOAD + BOOT_SIZE) ;
     4                              <1> 
     5                              <1> SECT_SIZE equ (512)       ;//sector大小
     6                              <1> BOOT_SECT equ (BOOT_SIZE / SECT_SIZE)   ;//boot的sector数
     7                              <1> 
     8                              <1> E820_RECORD_SIZE equ 20
     9                              <1> 
    10                              <1> KERNEL_LOAD equ 0x0010_1000
    11                              <1> KERNEL_SIZE equ (1024*8) ;//kernel的大小仍然是8k
    12                              <1> KERNEL_SECT equ (KERNEL_SIZE / SECT_SIZE)
    13                              <1> 
    14                              <1> VECT_BASE			equ		0x0010_0000		;	0010_0000:0010_07FF
     2                                  %include "../include/macro.s"
     1                              <1> %macro cdecl 1-*.nolist  ;//1-*是一个以上的参数
     2                              <1> 
     3                              <1> 	%rep %0 - 1         ;//%0是参数的个数
     4                              <1> 		push %{-1:-1}  ;//%将参数倒着压栈
     5                              <1> 		%rotate -1   
     6                              <1> 	%endrep
     7                              <1> 	%rotate -1      ;//恢复原来的参数
     8                              <1> 
     9                              <1> 	call %1
    10                              <1> 	%if 1 < %0
    11                              <1> 		add sp,(__BITS__ >> 3)*(%0 - 1)     ;//__BITS__是表示16比特模式还是32比特模式
    12                              <1> 	%endif									;//给每个参数分配栈空间
    13                              <1> %endmacro
    14                              <1> 
    15                              <1> struc drive
    16 00000000 <res 00000002>      <1> 	.no resw 1	 ;驱动号
    17 00000002 <res 00000002>      <1> 	.cyln resw 1 ;cylinder
    18 00000004 <res 00000002>      <1> 	.head resw 1 ;head
    19 00000006 <res 00000002>      <1> 	.sect resw 1 ;sector
    20                              <1> endstruc
    21                              <1> 
    22                              <1> %macro set_vect 1-*
    23                              <1> 	push eax
    24                              <1> 	push edi
    25                              <1> 
    26                              <1> 	mov edi,VECT_BASE + (%1*8)  ;向量地址
    27                              <1> 	mov eax, %2
    28                              <1> 
    29                              <1> 	mov  [edi + 0],ax		;例外地址[15:0]
    30                              <1> 	shr eax,16
    31                              <1> 	mov  [edi + 6],ax		;例外地址[31:16]
    32                              <1> 
    33                              <1> 	pop edi
    34                              <1> 	pop eax
    35                              <1> %endmacro
    36                              <1> 
    37                              <1> 
    38                              <1> %macro outp 2
    39                              <1> 	mov al,%2
    40                              <1> 	out %1,al
    41                              <1> %endmacro
     3                                  	
     4                                  	ORG KERNEL_LOAD
     5                                  
     6                                  [BITS 32]
     7                                  ;*******************
     8                                  ;entry  point
     9                                  ;*******************
    10                                  kernel:
    11                                  	;----------------------
    12                                  	;获取font address
    13                                  	;----------------------
    14 00000000 BE007E0000              	mov esi,BOOT_LOAD + SECT_SIZE ;ESI = 0x7C00 + 512
    15 00000005 0FB706                  	movzx eax,word[esi + 0]				;//eax = segment
    16 00000008 0FB75E02                	movzx ebx,word[esi + 2]				;//ebx = offset
    17 0000000C C1E004                  	shl eax,4
    18 0000000F 01D8                    	add eax,ebx
    19 00000011 A3[A4000000]            	mov [FONT_ADR],eax					;FONT_ADR[0] = eax
    20                                  
    21                                  
    22                                      ;------------------------
    23                                  	;中断向量生成和登陆
    24                                  	;------------------------
    25 00000016 E853060000              	cdecl init_int					;//中断向量初始化
    26 0000001B E8CF070000              	cdecl init_pic					;//中断向量controller初始化
    27                                  
    28                                  	set_vect 0x00,int_zero_div		;//中断登陆:除0
    28 00000020 50                  <1>  push eax
    28 00000021 57                  <1>  push edi
    28                              <1> 
    28 00000022 BF00001000          <1>  mov edi,VECT_BASE + (%1*8)
    28 00000027 B8[D5070000]        <1>  mov eax, %2
    28                              <1> 
    28 0000002C 668907              <1>  mov [edi + 0],ax
    28 0000002F C1E810              <1>  shr eax,16
    28 00000032 66894706            <1>  mov [edi + 6],ax
    28                              <1> 
    28 00000036 5F                  <1>  pop edi
    28 00000037 58                  <1>  pop eax
    29                                  	set_vect 0x28,int_rtc			;//中断登陆:RTC
    29 00000038 50                  <1>  push eax
    29 00000039 57                  <1>  push edi
    29                              <1> 
    29 0000003A BF40011000          <1>  mov edi,VECT_BASE + (%1*8)
    29 0000003F B8[2E080000]        <1>  mov eax, %2
    29                              <1> 
    29 00000044 668907              <1>  mov [edi + 0],ax
    29 00000047 C1E810              <1>  shr eax,16
    29 0000004A 66894706            <1>  mov [edi + 6],ax
    29                              <1> 
    29 0000004E 5F                  <1>  pop edi
    29 0000004F 58                  <1>  pop eax
    30                                  
    31                                  	;--------------------
    32                                  	;RTC自发中断许可
    33                                  	;--------------------
    34 00000050 6A10E8C30700006683-     	cdecl rtc_int_en,0x10			;//rtc_int_en(UIE)允许更新循环结束中断
    34 00000059 C404               
    35                                  
    36                                  	;-------------------
    37                                  	;IMR(中断主寄存器)的设定
    38                                  	;-------------------
    39                                  	outp 0x21,0b_1111_1011			;//终端有效:从PIC
    39 0000005B B0FB                <1>  mov al,%2
    39 0000005D E621                <1>  out %1,al
    40                                  	outp 0xA1,0b_1111_1110			;//中断有效:RTC
    40 0000005F B0FE                <1>  mov al,%2
    40 00000061 E6A1                <1>  out %1,al
    41                                  
    42                                  	;-----------------
    43                                  	;CPU的中断许可
    44                                  	;-----------------
    45 00000063 FB                      	sti
    46                                  
    47                                  	;---------------
    48                                  	;表示字符串
    49                                  	;---------------
    50 00000064 68[95000000]680F01-     	cdecl draw_str,25,14,0x010F,.s0;
    50 0000006C 00006A0E6A19E8F101-
    50 00000075 00006683C410       
    51                                  
    52                                  	;----------------
    53                                  	;表示时间
    54                                  	;----------------
    55                                  .10L:
    56 0000007B A1[A8000000]            	mov eax,[RTC_TIME]		;//获取时间
    57 00000080 5068000700006A006A-     	cdecl draw_time,72,0,0x0700,eax  ;//时间的显示
    57 00000089 48E8410500006683C4-
    57 00000092 10                 
    58                                  
    59 00000093 EBE6                    	jmp .10L
    60 00000095 48656C6C6F2C206B65-     .s0 db "Hello, kernel!",0
    60 0000009E 726E656C2100       
    61                                  
    62                                  ALIGN 4,db 0
    63 000000A4 00000000                FONT_ADR: dd 0
    64 000000A8 00000000                RTC_TIME : dd 0
    65                                  
    66                                  ;*************************
    67                                  ;model
    68                                  ;*************************
    69                                  %include "../modules/protect/vga.s"
     1                              <1> vga_set_read_plane:
     2                              <1> 	
     3 000000AC 55                  <1> 		push	ebp	
     4 000000AD 89E5                <1> 		mov		ebp, esp						
     5                              <1> 
     6 000000AF 50                  <1> 		push	eax
     7 000000B0 52                  <1> 		push	edx
     8                              <1> 
     9                              <1> 		;---------------------------------------
    10                              <1> 		;选择读取的plane
    11                              <1> 		;---------------------------------------
    12 000000B1 8A6508              <1> 		mov		ah, [ebp + 8]					; AH  = 指定读取的palne(----RGB)
    13 000000B4 80E403              <1> 		and		ah, 0x03						; AH &= 0x03; // mask掉不要的bit
    14 000000B7 B004                <1> 		mov		al, 0x04						; AL  = 读取map选择寄存器
    15 000000B9 66BACE03            <1> 		mov		dx, 0x03CE						; DX  = 图像控制端口
    16 000000BD 66EF                <1> 		out		dx, ax							; // 端口输出
    17                              <1> 
    18 000000BF 5A                  <1> 		pop		edx
    19 000000C0 58                  <1> 		pop		eax
    20 000000C1 89EC                <1> 		mov		esp, ebp
    21 000000C3 5D                  <1> 		pop		ebp
    22                              <1> 
    23 000000C4 C3                  <1> 		ret
    24                              <1> 
    25                              <1> vga_set_write_plane:
    26                              <1> 											
    27 000000C5 55                  <1> 		push	ebp								
    28 000000C6 89E5                <1> 		mov		ebp, esp						
    29                              <1> 											
    30 000000C8 50                  <1> 		push	eax
    31 000000C9 52                  <1> 		push	edx
    32                              <1> 
    33                              <1> 		;---------------------------------------
    34                              <1> 		; 选择写入的plane
    35                              <1> 		;---------------------------------------
    36 000000CA 8A6508              <1> 		mov		ah, [ebp + 8]					; AH = 指定写入的plane(Bit:----IRGB)
    37 000000CD 80E40F              <1> 		and		ah, 0x0F						; AH = 0x0F; // mask掉不需要的比特
    38 000000D0 B002                <1> 		mov		al, 0x02						; AL = 指定写入plane
    39 000000D2 66BAC403            <1> 		mov		dx, 0x03C4						; DX = sequence控制端口
    40 000000D6 66EF                <1> 		out		dx, ax							; // 端口输出
    41                              <1> 
    42                              <1> 
    43 000000D8 5A                  <1> 		pop		edx
    44 000000D9 58                  <1> 		pop		eax
    45                              <1> 
    46 000000DA 89EC                <1> 		mov		esp, ebp
    47 000000DC 5D                  <1> 		pop		ebp
    48                              <1> 
    49 000000DD C3                  <1> 		ret
    50                              <1> 
    51                              <1> ;
    52                              <1> vram_font_copy:
    53                              <1> 
    54                              <1> 
    55 000000DE 55                  <1> 		push	ebp							
    56 000000DF 89E5                <1> 		mov		ebp, esp						
    57                              <1> 
    58 000000E1 50                  <1> 		push	eax
    59 000000E2 53                  <1> 		push	ebx
    60 000000E3 51                  <1> 		push	ecx
    61 000000E4 52                  <1> 		push	edx
    62 000000E5 56                  <1> 		push	esi
    63 000000E6 57                  <1> 		push	edi
    64                              <1> 
    65                              <1> 		;---------------------------------------
    66                              <1> 		; 获取参数
    67                              <1> 		;---------------------------------------
    68 000000E7 8B7508              <1> 		mov		esi, [ebp + 8]					; ESI = font地址
    69 000000EA 8B7D0C              <1> 		mov		edi, [ebp +12]					; EDI = VRAM地址;
    70 000000ED 0FB64510            <1> 		movzx	eax, byte [ebp +16]				; EAX = plane(用比特指定);
    71 000000F1 0FB75D14            <1> 		movzx	ebx, word [ebp +20]				; EBX = 颜色;
    72                              <1> 
    73                              <1> 		;//背景色或者前景色包含plane的时候设置为0xff,不包含的时候设置为0x00
    74                              <1> 
    75 000000F5 84C7                <1> 		test	bh, al							; ZF = (背景色 & plane);
    76 000000F7 0F94C6              <1> 		setz	dh								; AH = ZF ? 0x01 : 0x00
    77 000000FA FECE                <1> 		dec		dh								; AH--; // 0x00 or 0xFF
    78                              <1> 
    79 000000FC 84C3                <1> 		test	bl, al							; ZF = (前景色 & plane);
    80 000000FE 0F94C2              <1> 		setz	dl								; AL = ZF ? 0x01 : 0x00
    81 00000101 FECA                <1> 		dec		dl								; AL--; // 0x00 or 0xFF
    82                              <1> 
    83                              <1> 		;---------------------------------------
    84                              <1> 		; 复制16个点的font
    85                              <1> 		;---------------------------------------
    86 00000103 FC                  <1> 		cld										; DF  = 0; 
    87                              <1> 
    88 00000104 B910000000          <1> 		mov		ecx, 16							; ECX = 16; // 16个点
    89                              <1> .10L:											; do
    90                              <1> 												; {
    91                              <1> 		;---------------------------------------
    92                              <1> 		; 生成font_mask
    93                              <1> 		;---------------------------------------
    94 00000109 AC                  <1> 		lodsb									;   AL  = *ESI++; //  font
    95 0000010A 88C4                <1> 		mov		ah, al							;   AH ~= AL;     // !font(比特反转)
    96 0000010C F6D4                <1> 		not		ah								;   
    97                              <1> 
    98                              <1> 		;---------------------------------------
    99                              <1> 		; 前景色
   100                              <1> 		;---------------------------------------
   101 0000010E 20D0                <1> 		and		al, dl							;   AL =前景色 & font;
   102                              <1> 
   103                              <1> 		;---------------------------------------
   104                              <1> 		; 背景色
   105                              <1> 		;---------------------------------------
   106 00000110 F7C310000000        <1> 		test	ebx, 0x0010						;   if (透明模式)
   107 00000116 7404                <1> 		jz		.11F							;   {
   108 00000118 2227                <1> 		and		ah, [edi]						;     AH = !font & [EDI] // 现在值
   109 0000011A EB02                <1> 		jmp		.11E							;   }
   110                              <1> .11F:											;   else
   111                              <1> 												;   {
   112 0000011C 20F4                <1> 		and		ah, dh							;     AH = !font & 背景色;
   113                              <1> .11E:											;   }
   114                              <1> 
   115                              <1> 		;---------------------------------------
   116                              <1> 		; 前景色和背景色的合成
   117                              <1> 		;---------------------------------------
   118 0000011E 08E0                <1> 		or		al, ah							;   AL  = 前景 | 背景;
   119                              <1> 
   120                              <1> 		;---------------------------------------
   121                              <1> 		; 输出新的值
   122                              <1> 		;---------------------------------------
   123 00000120 8807                <1> 		mov		[edi], al						;   [EDI] = AL; // 写入plane
   124                              <1> 
   125 00000122 83C750              <1> 		add		edi, 80							;   EDI += 80;(font是30x80)
   126 00000125 E2E2                <1> 		loop	.10L							; } while (--ECX);
   127                              <1> .10E:											; 
   128 00000127 5F                  <1> 		pop		edi
   129 00000128 5E                  <1> 		pop		esi
   130 00000129 5A                  <1> 		pop		edx
   131 0000012A 59                  <1> 		pop		ecx
   132 0000012B 5B                  <1> 		pop		ebx
   133 0000012C 58                  <1> 		pop		eax
   134                              <1> 
   135 0000012D 89EC                <1> 		mov		esp, ebp
   136 0000012F 5D                  <1> 		pop		ebp
   137                              <1> 
   138 00000130 C3                  <1> 		ret
   139                              <1> 
   140                              <1> vram_bit_copy:
   141                              <1> 
   142 00000131 55                  <1> 		push	ebp							
   143 00000132 89E5                <1> 		mov		ebp, esp						
   144                              <1> 												
   145 00000134 50                  <1> 		push	eax
   146 00000135 53                  <1> 		push	ebx
   147 00000136 57                  <1> 		push	edi
   148                              <1> 
   149                              <1> 		;---------------------------------------
   150                              <1> 		; 获取参数
   151                              <1> 		;---------------------------------------
   152 00000137 8B7D0C              <1> 		mov		edi, [ebp +12]					; EDI = VRAM地址
   153 0000013A 0FB64510            <1> 		movzx	eax, byte [ebp +16]				; EAX = palne(bit);
   154 0000013E 0FB75D14            <1> 		movzx	ebx, word [ebp +20]				; EBX = 表示颜色;
   155                              <1> 
   156 00000142 84C3                <1> 		test	bl, al							; ZF = (前景色 & plane);
   157 00000144 0F94C3              <1> 		setz	bl								; BL = ZF ? 0x01 : 0x00
   158 00000147 FECB                <1> 		dec		bl								; BL--; // 0x00 or 0xFF
   159                              <1> 
   160                              <1> 		;---------------------------------------
   161                              <1> 		; 输出比特模式的反
   162                              <1> 		;---------------------------------------
   163 00000149 8A4508              <1> 		mov		al, [ebp + 8]					; AL = 输出比特模式
   164 0000014C 88C4                <1> 		mov		ah, al							; AH ~= AL;     // ! 输出比特模式
   165 0000014E F6D4                <1> 		not		ah								; 
   166                              <1> 
   167                              <1> 		;---------------------------------------
   168                              <1> 		; 生成输入的值
   169                              <1> 		;---------------------------------------
   170 00000150 2227                <1> 		and		ah, [edi]						; AH  =  ! 输出比特模式 & 现在值
   171 00000152 20D8                <1> 		and		al, bl							; AL  = 输出比特模式 &  表示色
   172 00000154 08E0                <1> 		or		al, ah							; AL |= AH;
   173                              <1> 
   174                              <1> 		;---------------------------------------
   175                              <1> 		; 数据写入
   176                              <1> 		;---------------------------------------
   177 00000156 8807                <1> 		mov		[edi], al						; [EDI] = BL; // 写入palne
   178                              <1> 
   179                              <1> 
   180 00000158 5F                  <1> 		pop		edi
   181 00000159 5B                  <1> 		pop		ebx
   182 0000015A 58                  <1> 		pop		eax
   183                              <1> 
   184 0000015B 89EC                <1> 		mov		esp, ebp
   185 0000015D 5D                  <1> 		pop		ebp
   186                              <1> 
   187 0000015E C3                  <1> 		ret
   188                              <1> 
    70                                  %include "../modules/protect/draw_char.s"
     1                              <1> draw_char:
     2                              <1> 
     3 0000015F 55                  <1> 		push	ebp			
     4 00000160 89E5                <1> 		mov		ebp, esp	
     5                              <1> 											
     6                              <1> 
     7 00000162 50                  <1> 		push	eax
     8 00000163 53                  <1> 		push	ebx
     9 00000164 51                  <1> 		push	ecx
    10 00000165 52                  <1> 		push	edx
    11 00000166 56                  <1> 		push	esi
    12 00000167 57                  <1> 		push	edi
    13                              <1> 
    14                              <1> 		;---------------------------------------
    15                              <1> 		; 取得参数
    16                              <1> 		;---------------------------------------
    17 00000168 0FB67514            <1> 		movzx	esi, byte [ebp +20]				; ESI  = 字符码
    18 0000016C C1E604              <1> 		shl		esi, 4							; CL *= 16; // 1字符16byte
    19 0000016F 0335[A4000000]      <1> 		add		esi, [FONT_ADR]					; ESI = font地址;
    20                              <1> 
    21                              <1> 		;---------------------------------------
    22                              <1> 		; 取得复制目的地的地址
    23                              <1> 		; Adr = 0xA0000 + (640 / 8 * 16) * y + x
    24                              <1> 		;---------------------------------------
    25 00000175 8B7D0C              <1> 		mov		edi, [ebp +12]					; Y(行)
    26 00000178 C1E708              <1> 		shl		edi, 8							; EDI = Y * 256;
    27 0000017B 8DBCBF00000A00      <1> 		lea		edi, [edi * 4 + edi + 0xA0000]	; EDI = Y *   4 + Y;
    28 00000182 037D08              <1> 		add		edi, [ebp + 8]					; X(列)
    29                              <1> 
    30                              <1> 		;---------------------------------------
    31                              <1> 		; 输出一字符的font
    32                              <1> 		;---------------------------------------
    33 00000185 0FB75D10            <1> 		movzx	ebx, word [ebp +16]				; // 颜色
    34                              <1> 
    35 00000189 6A03E81CFFFFFF6683- <1> 		cdecl	vga_set_read_plane, 0x03		; // 写入plane(亮度:I)
    35 00000192 C404                <1>
    36 00000194 6A08E82AFFFFFF6683- <1> 		cdecl	vga_set_write_plane, 0x08		; // 输出plane(亮度:I)
    36 0000019D C404                <1>
    37 0000019F 536A085756E835FFFF- <1> 		cdecl	vram_font_copy, esi, edi, 0x08, ebx
    37 000001A8 FF6683C410          <1>
    38                              <1> 
    39 000001AD 6A02E8F8FEFFFF6683- <1> 		cdecl	vga_set_read_plane, 0x02		; //写入plane(红:R)
    39 000001B6 C404                <1>
    40 000001B8 6A04E806FFFFFF6683- <1> 		cdecl	vga_set_write_plane, 0x04		; //输出plane(红:R)
    40 000001C1 C404                <1>
    41 000001C3 536A045756E811FFFF- <1> 		cdecl	vram_font_copy, esi, edi, 0x04, ebx
    41 000001CC FF6683C410          <1>
    42                              <1> 
    43 000001D1 6A01E8D4FEFFFF6683- <1> 		cdecl	vga_set_read_plane, 0x01		; // 写入plane(绿:G)
    43 000001DA C404                <1>
    44 000001DC 6A02E8E2FEFFFF6683- <1> 		cdecl	vga_set_write_plane, 0x02		; // 输出plane(绿:G)
    44 000001E5 C404                <1>
    45 000001E7 536A025756E8EDFEFF- <1> 		cdecl	vram_font_copy, esi, edi, 0x02, ebx
    45 000001F0 FF6683C410          <1>
    46                              <1> 
    47 000001F5 6A00E8B0FEFFFF6683- <1> 		cdecl	vga_set_read_plane, 0x00		; // 写入plane(蓝:B)
    47 000001FE C404                <1>
    48 00000200 6A01E8BEFEFFFF6683- <1> 		cdecl	vga_set_write_plane, 0x01		; // 输出plane(蓝:B)
    48 00000209 C404                <1>
    49 0000020B 536A015756E8C9FEFF- <1> 		cdecl	vram_font_copy, esi, edi, 0x01, ebx
    49 00000214 FF6683C410          <1>
    50                              <1> 
    51                              <1> 
    52 00000219 5F                  <1> 		pop		edi
    53 0000021A 5E                  <1> 		pop		esi
    54 0000021B 5A                  <1> 		pop		edx
    55 0000021C 59                  <1> 		pop		ecx
    56 0000021D 5B                  <1> 		pop		ebx
    57 0000021E 58                  <1> 		pop		eax
    58                              <1> 
    59 0000021F 89EC                <1> 		mov		esp, ebp
    60 00000221 5D                  <1> 		pop		ebp
    61                              <1> 
    62 00000222 C3                  <1> 		ret
    63                              <1> 
    71                                  %include "../modules/protect/draw_font.s"
     1                              <1> draw_font:
     2 00000223 55                  <1> 		push	ebp		
     3 00000224 89E5                <1> 		mov		ebp, esp		
     4                              <1> 							
     5                              <1> 
     6 00000226 50                  <1> 		push	eax
     7 00000227 53                  <1> 		push	ebx
     8 00000228 51                  <1> 		push	ecx
     9 00000229 52                  <1> 		push	edx
    10 0000022A 56                  <1> 		push	esi
    11 0000022B 57                  <1> 		push	edi
    12                              <1> 
    13 0000022C 8B7508              <1> 		mov		esi, [ebp + 8]					; ESI = X(列)
    14 0000022F 8B7D0C              <1> 		mov		edi, [ebp +12]					; EDI = Y(行)
    15                              <1> 
    16                              <1> 		;---------------------------------------
    17                              <1> 		; 僼僅儞僩堦棗傪昞帵
    18                              <1> 		;---------------------------------------
    19 00000232 B900000000          <1> 		mov		ecx, 0							; for (ECX = 0;
    20 00000237 81F900010000        <1> .10L:	cmp		ecx, 256						;      ECX < 256;
    21 0000023D 731F                <1> 		jae		.10E							; 
    22                              <1> 												;      ECX++)
    23                              <1> 												; {
    24                              <1> 												;   // 一行表示16个字符,列位置
    25 0000023F 89C8                <1> 		mov		eax, ecx						;   EAX  = ECX;
    26 00000241 83E00F              <1> 		and		eax, 0x0F						;   EAX &= 0x0F
    27 00000244 01F0                <1> 		add		eax, esi						;   EAX += X;
    28                              <1> 												;   
    29                              <1> 												;   // 行位置
    30 00000246 89CB                <1> 		mov		ebx, ecx						;   EBX  = ECX;
    31 00000248 C1EB04              <1> 		shr		ebx, 4							;   EBX /= 16
    32 0000024B 01FB                <1> 		add		ebx, edi						;   EBX += Y;
    33                              <1> 
    34 0000024D 516A075350E808FFFF- <1> 		cdecl	draw_char, eax, ebx, 0x07, ecx	;   draw_char();
    34 00000256 FF6683C410          <1>
    35                              <1> 
    36 0000025B 41                  <1> 		inc		ecx								;   // for (... ECX++)
    37 0000025C EBD9                <1> 		jmp		.10L							; 
    38                              <1> .10E:											; }
    39                              <1> 
    40                              <1> 
    41 0000025E 5F                  <1> 		pop		edi
    42 0000025F 5E                  <1> 		pop		esi
    43 00000260 5A                  <1> 		pop		edx
    44 00000261 59                  <1> 		pop		ecx
    45 00000262 5B                  <1> 		pop		ebx
    46 00000263 58                  <1> 		pop		eax
    47                              <1> 
    48 00000264 89EC                <1> 		mov		esp, ebp
    49 00000266 5D                  <1> 		pop		ebp
    50                              <1> 
    51 00000267 C3                  <1> 		ret
    52                              <1> 
    72                                  %include "../modules/protect/draw_str.s"
     1                              <1> draw_str:
     2                              <1> 
     3 00000268 55                  <1> 		push	ebp							
     4 00000269 89E5                <1> 		mov		ebp, esp					
     5                              <1> 
     6                              <1> 
     7 0000026B 50                  <1> 		push	eax
     8 0000026C 53                  <1> 		push	ebx
     9 0000026D 51                  <1> 		push	ecx
    10 0000026E 52                  <1> 		push	edx
    11 0000026F 56                  <1> 		push	esi
    12                              <1> 
    13                              <1> 		;---------------------------------------
    14                              <1> 		; 获取参数
    15                              <1> 		;---------------------------------------
    16 00000270 8B4D08              <1> 		mov		ecx, [ebp + 8]					; ECX = 列;
    17 00000273 8B550C              <1> 		mov		edx, [ebp +12]					; EDX = 行;
    18 00000276 0FB75D10            <1> 		movzx	ebx, word [ebp + 16]			; EBX = 颜色;
    19 0000027A 8B7514              <1> 		mov		esi, [ebp +20]					; ESI = 字符串地址;
    20                              <1> 
    21 0000027D FC                  <1> 		cld										; DF = 0; // 正方向
    22                              <1> .10L:											; do
    23                              <1> 												; {
    24 0000027E AC                  <1> 		lodsb									;   AL = *ESI++; // 暥帤傪庢摼
    25 0000027F 3C00                <1> 		cmp		al, 0							;   if (0 == AL)
    26 00000281 7425                <1> 		je		.10E							;     break;
    27                              <1> 
    28 00000283 50535251E8D3FEFFFF- <1> 		cdecl	draw_char, ecx, edx, ebx, eax	;   draw_char();
    28 0000028C 6683C410            <1>
    29                              <1> 
    30                              <1> 		; 師偺暥帤偺埵抲傪挷惍
    31 00000290 41                  <1> 		inc		ecx								;   ECX++;           // 列+1
    32 00000291 83F950              <1> 		cmp		ecx, 80							;   if (80 <= ECX)   // 80列超过的话要换行
    33 00000294 7C10                <1> 		jl		.12E							;   {
    34 00000296 B900000000          <1> 		mov		ecx, 0							;     ECX = 0;       // 列 = 0
    35 0000029B 42                  <1> 		inc		edx								;     EDX++;         // 行 + 1
    36 0000029C 83FA1E              <1> 		cmp		edx, 30							;     if (30 <= EDX) // 30行以上换页
    37 0000029F 7C05                <1> 		jl		.12E							;     {
    38 000002A1 BA00000000          <1> 		mov		edx, 0							;       EDX = 0;     // 行 = 0
    39                              <1> 												;     }
    40                              <1> .12E:											;   }
    41 000002A6 EBD6                <1> 		jmp		.10L							;   
    42                              <1> .10E:											; } while (1);
    43                              <1> 
    44 000002A8 5E                  <1> 		pop		esi
    45 000002A9 5A                  <1> 		pop		edx
    46 000002AA 59                  <1> 		pop		ecx
    47 000002AB 5B                  <1> 		pop		ebx
    48 000002AC 58                  <1> 		pop		eax
    49                              <1> 
    50 000002AD 89EC                <1> 		mov		esp, ebp
    51 000002AF 5D                  <1> 		pop		ebp
    52                              <1> 
    53 000002B0 C3                  <1> 		ret
    54                              <1> 
    73                                  %include "../modules/protect/draw_color_bar.s"
     1                              <1> draw_color_bar:
     2 000002B1 55                  <1> 		push	ebp						
     3 000002B2 89E5                <1> 		mov		ebp, esp						
     4                              <1> 
     5 000002B4 50                  <1> 		push	eax
     6 000002B5 53                  <1> 		push	ebx
     7 000002B6 51                  <1> 		push	ecx
     8 000002B7 52                  <1> 		push	edx
     9 000002B8 56                  <1> 		push	esi
    10 000002B9 57                  <1> 		push	edi
    11                              <1> 
    12 000002BA 8B7508              <1> 		mov		esi, [ebp + 8]					; ESI = X乮楍乯
    13 000002BD 8B7D0C              <1> 		mov		edi, [ebp +12]					; EDI = Y乮峴乯
    14                              <1> 
    15                              <1> 		;---------------------------------------
    16                              <1> 		; 表示colorbar
    17                              <1> 		;---------------------------------------
    18 000002C0 B900000000          <1> 		mov		ecx, 0							; for (ECX = 0;
    19 000002C5 83F910              <1> .10L:	cmp		ecx, 16							;      ECX < 16;
    20 000002C8 732E                <1> 		jae		.10E							; 
    21                              <1> 												;      ECX++)
    22                              <1> 												; {
    23                              <1> 												;   // 偶数列在左边,奇数列在右边
    24 000002CA 89C8                <1> 		mov		eax, ecx						;   EAX  = ECX;
    25 000002CC 83E001              <1> 		and		eax, 0x01						;   EAX &= 0x01;;//奇数
    26 000002CF C1E003              <1> 		shl		eax, 3							;   EAX *= 8;  // 往右移动8个字符
    27 000002D2 01F0                <1> 		add		eax, esi						;   EAX += X;
    28                              <1> 												;   
    29                              <1> 												;   // 每两个颜色10E行
    30 000002D4 89CB                <1> 		mov		ebx, ecx						;   EBX  = ECX;
    31 000002D6 D1EB                <1> 		shr		ebx, 1							;   EBX /= 2
    32 000002D8 01FB                <1> 		add		ebx, edi						;   EBX += Y;
    33                              <1> 												;   
    34                              <1> 												;   //输出的颜色
    35 000002DA 89CA                <1> 		mov		edx, ecx						;   EDX  = ECX;
    36 000002DC D1E2                <1> 		shl		edx, 1							;   EDX *= 2;
    37 000002DE 8B92[0B030000]      <1> 		mov		edx, [.t0 + edx]				;   EDX += Y;
    38                              <1> 
    39 000002E4 68[02030000]525350- <1> 		cdecl	draw_str, eax, ebx, edx, .s0	;   draw_str();
    39 000002EC E877FFFFFF6683C410  <1>
    40                              <1> 
    41 000002F5 41                  <1> 		inc		ecx								;   // for (... ECX++)
    42 000002F6 EBCD                <1> 		jmp		.10L							; 
    43                              <1> .10E:											; }
    44                              <1> 
    45 000002F8 5F                  <1> 		pop		edi
    46 000002F9 5E                  <1> 		pop		esi
    47 000002FA 5A                  <1> 		pop		edx
    48 000002FB 59                  <1> 		pop		ecx
    49 000002FC 5B                  <1> 		pop		ebx
    50 000002FD 58                  <1> 		pop		eax
    51                              <1> 
    52 000002FE 89EC                <1> 		mov		esp, ebp
    53 00000300 5D                  <1> 		pop		ebp
    54                              <1> 
    55 00000301 C3                  <1> 		ret
    56                              <1> 
    57 00000302 202020202020202000  <1> .s0:	db '        ', 0						;8个空白字符
    58                              <1> 
    59 0000030B 00000008            <1> .t0:	dw	0x0000, 0x0800						; colorbar的背景色
    60 0000030F 00010009            <1> 		dw	0x0100, 0x0900
    61 00000313 0002000A            <1> 		dw	0x0200, 0x0A00
    62 00000317 0003000B            <1> 		dw	0x0300, 0x0B00
    63 0000031B 0004000C            <1> 		dw	0x0400, 0x0C00
    64 0000031F 0005000D            <1> 		dw	0x0500, 0x0D00
    65 00000323 0006000E            <1> 		dw	0x0600, 0x0E00
    66 00000327 0007000F            <1> 		dw	0x0700, 0x0F00
    67                              <1> 
    74                                  %include "../modules/protect/draw_pixel.s"
     1                              <1> 
     2                              <1> draw_pixel:
     3                              <1> 
     4 0000032B 55                  <1> 		push	ebp			
     5 0000032C 89E5                <1> 		mov		ebp, esp						
     6 0000032E 50                  <1> 		push	eax
     7 0000032F 53                  <1> 		push	ebx
     8 00000330 51                  <1> 		push	ecx
     9 00000331 57                  <1> 		push	edi
    10                              <1> 
    11                              <1> 		;---------------------------------------
    12                              <1> 		; 将Y坐标扩大80倍(640/8)
    13                              <1> 		;---------------------------------------
    14 00000332 8B7D0C              <1> 		mov		edi, [ebp +12]					; EDI  = Y坐标
    15 00000335 C1E704              <1> 		shl		edi, 4							; EDI *= 16;
    16 00000338 8DBCBF00000A00      <1> 		lea		edi, [edi * 4 + edi + 0xA_0000]	; EDI  = 0xA00000[EDI * 4 + EDI];
    17                              <1> 
    18                              <1> 		;---------------------------------------
    19                              <1> 		; 加上X坐标的1/8
    20                              <1> 		;---------------------------------------
    21 0000033F 8B5D08              <1> 		mov		ebx, [ebp + 8]					; EBX  = X坐标
    22 00000342 89D9                <1> 		mov		ecx, ebx						; ECX  = X坐标;(暂存)
    23 00000344 C1EB03              <1> 		shr		ebx, 3							; EBX /= 8;
    24 00000347 01DF                <1> 		add		edi, ebx						; EDI += EBX;
    25                              <1> 
    26                              <1> 		;---------------------------------------
    27                              <1> 		; X坐标除8的余数来计算bit位置
    28                              <1> 		; (0=0x80, 1=0x40,... 7=0x01)
    29                              <1> 		;---------------------------------------
    30 00000349 83E107              <1> 		and		ecx, 0x07						; ECX = X & 0x07;
    31 0000034C BB80000000          <1> 		mov		ebx, 0x80						; EBX = 0x80;
    32 00000351 D3EB                <1> 		shr		ebx, cl							; EBX >>= ECX;
    33                              <1> 
    34                              <1> 		;---------------------------------------
    35                              <1> 		; 指定颜色
    36                              <1> 		;---------------------------------------
    37 00000353 8B4D10              <1> 		mov		ecx, [ebp +16]					; // 昞帵怓
    38                              <1> 
    39                              <1> 		;---------------------------------------
    40                              <1> 		; 输出plane
    41                              <1> 		;---------------------------------------
    42 00000356 6A03E84FFDFFFF6683- <1> 		cdecl	vga_set_read_plane, 0x03		; 
    42 0000035F C404                <1>
    43 00000361 6A08E85DFDFFFF6683- <1> 		cdecl	vga_set_write_plane, 0x08		;
    43 0000036A C404                <1>
    44 0000036C 516A085753E8BBFDFF- <1> 		cdecl	vram_bit_copy, ebx, edi, 0x08, ecx
    44 00000375 FF6683C410          <1>
    45                              <1> 
    46 0000037A 6A02E82BFDFFFF6683- <1> 		cdecl	vga_set_read_plane, 0x02		; 
    46 00000383 C404                <1>
    47 00000385 6A04E839FDFFFF6683- <1> 		cdecl	vga_set_write_plane, 0x04		; 
    47 0000038E C404                <1>
    48 00000390 516A045753E897FDFF- <1> 		cdecl	vram_bit_copy, ebx, edi, 0x04, ecx
    48 00000399 FF6683C410          <1>
    49                              <1> 
    50 0000039E 6A01E807FDFFFF6683- <1> 		cdecl	vga_set_read_plane, 0x01		; 
    50 000003A7 C404                <1>
    51 000003A9 6A02E815FDFFFF6683- <1> 		cdecl	vga_set_write_plane, 0x02		; 
    51 000003B2 C404                <1>
    52 000003B4 516A025753E873FDFF- <1> 		cdecl	vram_bit_copy, ebx, edi, 0x02, ecx
    52 000003BD FF6683C410          <1>
    53                              <1> 
    54 000003C2 6A00E8E3FCFFFF6683- <1> 		cdecl	vga_set_read_plane, 0x00		; 
    54 000003CB C404                <1>
    55 000003CD 6A01E8F1FCFFFF6683- <1> 		cdecl	vga_set_write_plane, 0x01		; 
    55 000003D6 C404                <1>
    56 000003D8 516A015753E84FFDFF- <1> 		cdecl	vram_bit_copy, ebx, edi, 0x01, ecx
    56 000003E1 FF6683C410          <1>
    57                              <1> 
    58                              <1> 
    59 000003E6 5F                  <1> 		pop		edi
    60 000003E7 59                  <1> 		pop		ecx
    61 000003E8 5B                  <1> 		pop		ebx
    62 000003E9 58                  <1> 		pop		eax
    63                              <1> 
    64 000003EA 89EC                <1> 		mov		esp, ebp
    65 000003EC 5D                  <1> 		pop		ebp
    66                              <1> 
    67 000003ED C3                  <1> 		ret
    68                              <1> 
    75                                  %include "../modules/protect/draw_line.s"
     1                              <1> draw_line:
     2                              <1> 
     3                              <1> 
     4 000003EE 55                  <1> 		push	ebp								
     5 000003EF 89E5                <1> 		mov		ebp, esp					
     6                              <1> 												; ---------------
     7 000003F1 6A00                <1> 		push	dword 0							;    - 4| sum   = 0; // 相对轴的积算值
     8 000003F3 6A00                <1> 		push	dword 0							;    - 8| x0    = 0; // X坐标
     9 000003F5 6A00                <1> 		push	dword 0							;    -12| dx    = 0; // X增加份
    10 000003F7 6A00                <1> 		push	dword 0							;    -16| inc_x = 0; // X坐标增加份(1 or -1)
    11 000003F9 6A00                <1> 		push	dword 0							;    -20| y0    = 0; // Y坐标
    12 000003FB 6A00                <1> 		push	dword 0							;    -24| dy    = 0; // Y增加份
    13 000003FD 6A00                <1> 		push	dword 0							;    -28| inc_y = 0; // Y坐标增加份(1 or -1)
    14                              <1> 												; ------|--------
    15 000003FF 50                  <1> 		push	eax
    16 00000400 53                  <1> 		push	ebx
    17 00000401 51                  <1> 		push	ecx
    18 00000402 52                  <1> 		push	edx
    19 00000403 56                  <1> 		push	esi
    20 00000404 57                  <1> 		push	edi
    21                              <1> 
    22                              <1> 		;---------------------------------------
    23                              <1> 		; 计算宽(X轴)
    24                              <1> 		;---------------------------------------
    25 00000405 8B4508              <1> 		mov		eax, [ebp + 8]					; EAX = X0;
    26 00000408 8B5D10              <1> 		mov		ebx, [ebp +16]					; EBX = X1;
    27 0000040B 29C3                <1> 		sub		ebx, eax						; EBX = X1 - X0; //宽
    28 0000040D 7D09                <1> 		jge		.10F							; if (宽 < 0)
    29                              <1> 												; {
    30 0000040F F7DB                <1> 		neg		ebx								;   宽   *= -1;
    31 00000411 BEFFFFFFFF          <1> 		mov		esi, -1							;   // X坐标的增加份
    32 00000416 EB05                <1> 		jmp		.10E							; }
    33                              <1> .10F:											; else
    34                              <1> 												; {
    35 00000418 BE01000000          <1> 		mov		esi, 1							;   // X坐标的增加份
    36                              <1> .10E:											; }
    37                              <1> 
    38                              <1> 		;---------------------------------------
    39                              <1> 		; 计算高(Y轴)
    40                              <1> 		;---------------------------------------
    41 0000041D 8B4D0C              <1> 		mov		ecx, [ebp +12]					; ECX = Y0
    42 00000420 8B5514              <1> 		mov		edx, [ebp +20]					; EDX = Y1
    43 00000423 29CA                <1> 		sub		edx, ecx						; EDX = Y1 - Y0; // 高
    44 00000425 7D09                <1> 		jge		.20F							; if (高 < 0)
    45                              <1> 												; {
    46 00000427 F7DA                <1> 		neg		edx								;   高 *= -1;
    47 00000429 BFFFFFFFFF          <1> 		mov		edi, -1							;   // Y坐标的增加份
    48 0000042E EB05                <1> 		jmp		.20E							; }
    49                              <1> .20F:											; else
    50                              <1> 												; {
    51 00000430 BF01000000          <1> 		mov		edi, 1							;   // Y坐标的增加份
    52                              <1> .20E:											; }
    53                              <1> 
    54                              <1> 		;---------------------------------------
    55                              <1> 		; X轴
    56                              <1> 		;---------------------------------------
    57 00000435 8945F8              <1> 		mov		[ebp - 8], eax					;   // X轴:开始坐标
    58 00000438 895DF4              <1> 		mov		[ebp -12], ebx					;   // X轴:宽
    59 0000043B 8975F0              <1> 		mov		[ebp -16], esi					;   // X轴:增加份(基准轴1 or -1)
    60                              <1> 
    61                              <1> 		;---------------------------------------
    62                              <1> 		; Y轴
    63                              <1> 		;---------------------------------------
    64 0000043E 894DEC              <1> 		mov		[ebp -20], ecx					;   // Y轴:开始坐标
    65 00000441 8955E8              <1> 		mov		[ebp -24], edx					;   // Y轴:长
    66 00000444 897DE4              <1> 		mov		[ebp -28], edi					;   // Y轴:增加份(基准轴 1 or -1)
    67                              <1> 
    68                              <1> 		;---------------------------------------
    69                              <1> 		; 决定哪个是基准轴
    70                              <1> 		;---------------------------------------
    71 00000447 39D3                <1> 		cmp		ebx, edx						; if (宽 <= 高)
    72 00000449 7F08                <1> 		jg		.22F							; {
    73                              <1> 												;   
    74 0000044B 8D75EC              <1> 		lea		esi, [ebp -20]					;   // Y轴是基准轴
    75 0000044E 8D7DF8              <1> 		lea		edi, [ebp - 8]					;   // X轴是相对轴
    76                              <1> 												;   
    77 00000451 EB06                <1> 		jmp		.22E							; }
    78                              <1> .22F:											; else
    79                              <1> 												; {
    80 00000453 8D75F8              <1> 		lea		esi, [ebp - 8]					;   // X轴是基准轴
    81 00000456 8D7DEC              <1> 		lea		edi, [ebp -20]					;   // Y轴是相对轴
    82                              <1> .22E:											; }
    83                              <1> 
    84                              <1> 		;---------------------------------------
    85                              <1> 		; 循环执行次数(基准轴的点数)
    86                              <1> 		;---------------------------------------
    87 00000459 8B4EFC              <1> 		mov		ecx, [esi - 4]					; ECX = 基准轴画面宽度;
    88 0000045C 83F900              <1> 		cmp		ecx, 0							; if (0 == ECX)
    89 0000045F 7505                <1> 		jnz		.30E							; {
    90 00000461 B901000000          <1> 		mov		ecx, 1							;   ECX = 1;
    91                              <1> .30E:											; }
    92                              <1> 
    93                              <1> 		;---------------------------------------
    94                              <1> 		; 划线
    95                              <1> 		;---------------------------------------
    96                              <1> .50L:											; do
    97                              <1> 												; {
    98 00000466 FF7518FF75ECFF75F8- <1> 		cdecl	draw_pixel, dword [ebp - 8],dword [ebp -20],dword [ebp +24]		; //画点
    98 0000046F E8B7FEFFFF6683C40C  <1>
    99                              <1> 
   100                              <1> 												;   // 基准轴更新(1个点)
   101 00000478 8B46F8              <1> 		mov		eax, [esi - 8]					;   EAX = 基准轴增加份(1 or -1);
   102 0000047B 0106                <1> 		add		[esi - 0], eax					;   
   103                              <1> 
   104                              <1> 												;   // 相对轴更新
   105 0000047D 8B45FC              <1> 		mov		eax, [ebp - 4]					;   EAX  = sum; // 相对轴的积算值;
   106 00000480 0347FC              <1> 		add		eax, [edi - 4]					;   EAX += dy;  // 增加的分(相对轴的积算值)
   107 00000483 8B5EFC              <1> 		mov		ebx, [esi - 4]					;   EBX  = dx;  // 增加的分(基准轴的画幅)
   108                              <1> 
   109 00000486 39D8                <1> 		cmp		eax, ebx						;   if (积算值 <= 相对轴的增加份)
   110 00000488 7C07                <1> 		jl		.52E							;   {
   111 0000048A 29D8                <1> 		sub		eax, ebx						;     EAX -= EBX; // 积算值减去相对轴的增加份
   112                              <1> 												;     
   113                              <1> 												;     // 相对值坐标更新(1个点)
   114 0000048C 8B5FF8              <1> 		mov		ebx, [edi - 8]					;     EBX =  相对轴增加的分;
   115 0000048F 011F                <1> 		add		[edi - 0], ebx					;		
   116                              <1> .52E:											;   }
   117 00000491 8945FC              <1> 		mov		[ebp - 4], eax					;   // 积算值更新
   118                              <1> 												;   
   119 00000494 E2D0                <1> 		loop	.50L							;   
   120                              <1> .50E:											; } while (迭代次数--);
   121                              <1> 
   122                              <1> 
   123 00000496 5F                  <1> 		pop		edi
   124 00000497 5E                  <1> 		pop		esi
   125 00000498 5A                  <1> 		pop		edx
   126 00000499 59                  <1> 		pop		ecx
   127 0000049A 5B                  <1> 		pop		ebx
   128 0000049B 58                  <1> 		pop		eax
   129                              <1> 
   130 0000049C 89EC                <1> 		mov		esp, ebp
   131 0000049E 5D                  <1> 		pop		ebp
   132                              <1> 
   133 0000049F C3                  <1> 		ret
   134                              <1> 
    76                                  %include "../modules/protect/draw_rect.s"
     1                              <1> draw_rect:
     2                              <1> 
     3 000004A0 55                  <1> 		push	ebp								
     4 000004A1 89E5                <1> 		mov		ebp, esp						
     5                              <1> 
     6 000004A3 50                  <1> 		push		eax
     7 000004A4 53                  <1> 		push		ebx
     8 000004A5 51                  <1> 		push		ecx
     9 000004A6 52                  <1> 		push		edx
    10 000004A7 56                  <1> 		push		esi
    11                              <1> 
    12                              <1> 		;---------------------------------------
    13                              <1> 		; 获取参数
    14                              <1> 		;---------------------------------------
    15 000004A8 8B4508              <1> 		mov		eax, [ebp + 8]					; EAX = X0;
    16 000004AB 8B5D0C              <1> 		mov		ebx, [ebp +12]					; EBX = Y0;
    17 000004AE 8B4D10              <1> 		mov		ecx, [ebp +16]					; ECX = X1;
    18 000004B1 8B5514              <1> 		mov		edx, [ebp +20]					; EDX = Y1;
    19 000004B4 8B7518              <1> 		mov		esi, [ebp +24]					; ESI = 颜色;
    20                              <1> 
    21                              <1> 		;---------------------------------------
    22                              <1> 		; 确定坐标的大小
    23                              <1> 		;---------------------------------------
    24 000004B7 39C8                <1> 		cmp		eax, ecx						; if (X1 < X0)
    25 000004B9 7C01                <1> 		jl		.10E							; {
    26 000004BB 91                  <1> 		xchg	eax, ecx						;   交换X0和X1
    27                              <1> .10E:											; }
    28                              <1> 
    29 000004BC 39D3                <1> 		cmp		ebx, edx						; if (Y1 < Y0)
    30 000004BE 7C02                <1> 		jl		.20E							; {
    31 000004C0 87DA                <1> 		xchg	ebx, edx						;   交换Y0和Y1
    32                              <1> .20E:											; }
    33                              <1> 
    34                              <1> 		;---------------------------------------
    35                              <1> 		; 画矩形
    36                              <1> 		;---------------------------------------
    37 000004C2 5653515350E822FFFF- <1> 		cdecl	draw_line, eax, ebx, ecx, ebx, esi	; 上线
    37 000004CB FF6683C414          <1>
    38 000004D0 5652505350E814FFFF- <1> 		cdecl	draw_line, eax, ebx, eax, edx, esi	; 左线
    38 000004D9 FF6683C414          <1>
    39                              <1> 
    40 000004DE 4A                  <1> 		dec		edx									; EDX--; // 下线往上挪一个点
    41 000004DF 5652515250E805FFFF- <1> 		cdecl	draw_line, eax, edx, ecx, edx, esi	; 下线
    41 000004E8 FF6683C414          <1>
    42 000004ED 42                  <1> 		inc		edx
    43                              <1> 
    44 000004EE 49                  <1> 		dec		ecx									; ECX--; // 右线向左挪一个点
    45 000004EF 5652515351E8F5FEFF- <1> 		cdecl	draw_line, ecx, ebx, ecx, edx, esi	; 右线
    45 000004F8 FF6683C414          <1>
    46                              <1> 
    47                              <1> 
    48 000004FD 5E                  <1> 		pop		esi
    49 000004FE 5A                  <1> 		pop		edx
    50 000004FF 59                  <1> 		pop		ecx
    51 00000500 5B                  <1> 		pop		ebx
    52 00000501 58                  <1> 		pop		eax
    53                              <1> 
    54 00000502 89EC                <1> 		mov		esp, ebp
    55 00000504 5D                  <1> 		pop		ebp
    56                              <1> 
    57 00000505 C3                  <1> 		ret
    58                              <1> 
    77                                  %include "../modules/protect/itoa.s"
     1                              <1> 
     2                              <1> itoa:
     3                              <1> 
     4 00000506 55                  <1> 		push	ebp								
     5 00000507 89E5                <1> 		mov		ebp, esp					
     6                              <1> 
     7 00000509 50                  <1> 		push	eax
     8 0000050A 53                  <1> 		push	ebx
     9 0000050B 51                  <1> 		push	ecx
    10 0000050C 52                  <1> 		push	edx
    11 0000050D 56                  <1> 		push	esi
    12 0000050E 57                  <1> 		push	edi
    13                              <1> 
    14                              <1> 		;---------------------------------------
    15                              <1> 		; 获取参数
    16                              <1> 		;---------------------------------------
    17 0000050F 8B4508              <1> 		mov		eax, [ebp + 8]					; val  = 数值;
    18 00000512 8B750C              <1> 		mov		esi, [ebp +12]					; dst  = buffer address;
    19 00000515 8B4D10              <1> 		mov		ecx, [ebp +16]					; size = 剩下的buffer address;
    20                              <1> 
    21 00000518 89F7                <1> 		mov		edi, esi						; // buffer的末尾
    22 0000051A 01CF                <1> 		add		edi, ecx						; dst  = &dst[size - 1];
    23 0000051C 4F                  <1> 		dec		edi								; 
    24                              <1> 
    25 0000051D 8B5D18              <1> 		mov		ebx, [ebp +24]					; flags = option;
    26                              <1> 
    27                              <1> 		;---------------------------------------
    28                              <1> 		; 判定是否有符号
    29                              <1> 		;---------------------------------------
    30 00000520 F7C301000000        <1> 		test	ebx, 0b0001						; if (flags & 0x01)// 有符号
    31 00000526 7408                <1> .10Q:	je		.10E							; {
    32 00000528 83F800              <1> 		cmp		eax, 0							;   if (val < 0)
    33 0000052B 7D03                <1> .12Q:	jge		.12E							;   {
    34 0000052D 83CB02              <1> 		or		ebx, 0b0010						;     flags |=  2; // 表示符号
    35                              <1> .12E:											;   }
    36                              <1> .10E:											; }
    37                              <1> 
    38                              <1> 		;---------------------------------------
    39                              <1> 		; 符号输出判定
    40                              <1> 		;---------------------------------------
    41 00000530 F7C302000000        <1> 		test	ebx, 0b0010						; if (flags & 0x02)// 符号输出判定
    42 00000536 7410                <1> .20Q:	je		.20E							; {
    43 00000538 83F800              <1> 		cmp		eax, 0							;   if (val < 0)
    44 0000053B 7D07                <1> .22Q:	jge		.22F							;   {
    45 0000053D F7D8                <1> 		neg		eax								;     val *= -1;   // 变成正数
    46 0000053F C6062D              <1> 		mov		[esi], byte '-'					;     *dst = '-';  // 打印负号
    47 00000542 EB03                <1> 		jmp		.22E							;   }
    48                              <1> .22F:											;   else
    49                              <1> 												;   {
    50 00000544 C6062B              <1> 		mov		[esi], byte '+'					;     *dst = '+';  // 正号
    51                              <1> .22E:											;   }
    52 00000547 49                  <1> 		dec		ecx								;   size--;        // 剩下的buffer_size-1
    53                              <1> .20E:											; }
    54                              <1> 
    55                              <1> 		;---------------------------------------
    56                              <1> 		; ASCII变换
    57                              <1> 		;---------------------------------------
    58 00000548 8B5D14              <1> 		mov		ebx, [ebp +20]					; BX = 基数
    59                              <1> .30L:											; do
    60                              <1> 												; {
    61 0000054B BA00000000          <1> 		mov		edx, 0							;   
    62 00000550 F7F3                <1> 		div		ebx								;   DX = DX:AX % 基数;
    63                              <1> 												;   AX = DX:AX / 基数;
    64                              <1> 												;   
    65 00000552 89D6                <1> 		mov		esi, edx						;   // 查表
    66 00000554 8A96[7F050000]      <1> 		mov		dl, byte [.ascii + esi]			;   DL = ASCII[DX];
    67                              <1> 												;   
    68 0000055A 8817                <1> 		mov		[edi], dl						;   *dst = DL;
    69 0000055C 4F                  <1> 		dec		edi								;   dst--;
    70                              <1> 												;   
    71 0000055D 83F800              <1> 		cmp		eax, 0							;   
    72 00000560 E0E9                <1> 		loopnz	.30L							; } while (AX);
    73                              <1> .30E:
    74                              <1> 
    75                              <1> 		;---------------------------------------
    76                              <1> 		; 空栏填充
    77                              <1> 		;---------------------------------------
    78 00000562 83F900              <1> 		cmp		ecx, 0							; if (size)
    79 00000565 740E                <1> .40Q:	je		.40E							; {
    80 00000567 B020                <1> 		mov		al, ' '							;   AL = ' ';  // ' '填充()默认值
    81 00000569 66837D1804          <1> 		cmp		[ebp +24], word 0b0100			;   if (flags & 0x04)
    82 0000056E 7502                <1> .42Q:	jne		.42E							;   {
    83 00000570 B030                <1> 		mov		al, '0'							;     AL = '0'; // '0'填充
    84                              <1> .42E:											;   }
    85 00000572 FD                  <1> 		std										;   // DF = 1(-方向)
    86 00000573 F3AA                <1> 		rep stosb								;   while (--CX) *DI-- = ' ';
    87                              <1> .40E:											; }
    88                              <1> 
    89                              <1> 
    90 00000575 5F                  <1> 		pop		edi
    91 00000576 5E                  <1> 		pop		esi
    92 00000577 5A                  <1> 		pop		edx
    93 00000578 59                  <1> 		pop		ecx
    94 00000579 5B                  <1> 		pop		ebx
    95 0000057A 58                  <1> 		pop		eax
    96                              <1> 
    97                              <1> 
    98 0000057B 89EC                <1> 		mov		esp, ebp
    99 0000057D 5D                  <1> 		pop		ebp
   100                              <1> 
   101 0000057E C3                  <1> 		ret
   102                              <1> 
   103 0000057F 303132333435363738- <1> .ascii	db		"0123456789ABCDEF"				; 变换表
   103 00000588 39414243444546      <1>
   104                              <1> 
    78                                  %include "../modules/protect/rtc.s"
     1                              <1> rtc_get_time:
     2 0000058F 55                  <1> 		push	ebp								
     3 00000590 89E5                <1> 		mov		ebp, esp
     4                              <1> 										
     5 00000592 53                  <1> 		push	ebx
     6                              <1> 
     7                              <1> 		;---------------------------------------
     8                              <1> 		; RTC时间信息获得
     9                              <1> 		;---------------------------------------
    10 00000593 B00A                <1> 		mov		al, 0x0A						; // 寄存器A
    11 00000595 E670                <1> 		out		0x70, al						; outp(0x70, AL);
    12 00000597 E471                <1> 		in		al, 0x71						; AL = 寄存器A;
    13 00000599 A880                <1> 		test	al, 0x80						; if (DM & UIP) // 更新中
    14 0000059B 7407                <1> 		je		.10F							; {
    15 0000059D B801000000          <1> 		mov		eax, 1							;   ret = 1; // 数据更新中
    16 000005A2 EB27                <1> 		jmp		.10E							; }
    17                              <1> .10F:											; else
    18                              <1> 												; {
    19                              <1> 												;   // RAM[0x04]:时
    20 000005A4 B004                <1> 		mov		al, 0x04						;   AL = 0x04;
    21 000005A6 E670                <1> 		out		0x70, al						;   outp(0x70, AL);
    22 000005A8 E471                <1> 		in		al, 0x71						;   AL = inp(0x71); // 时data
    23                              <1> 												;   
    24 000005AA C1E008              <1> 		shl		eax, 8							;   EAX <<= 8;      // bit移位
    25                              <1> 												;   
    26                              <1> 												;   // RAM[0x02]:分
    27 000005AD B002                <1> 		mov		al, 0x02						;   AL = 0x02;
    28 000005AF E670                <1> 		out		0x70, al						;   outp(0x70, AL);
    29 000005B1 E471                <1> 		in		al, 0x71						;   AL = inp(0x71); // 分data
    30                              <1> 												;   
    31 000005B3 C1E008              <1> 		shl		eax, 8							;   EAX <<= 8;      // bit移位
    32                              <1> 												;   
    33                              <1> 												;   // RAM[0x00]:秒
    34 000005B6 B000                <1> 		mov		al, 0x00						;   AL = 0x00;
    35 000005B8 E670                <1> 		out		0x70, al						;   outp(0x70, AL);
    36 000005BA E471                <1> 		in		al, 0x71						;   AL = inp(0x71); //秒data
    37                              <1> 												;   
    38 000005BC 25FFFFFF00          <1> 		and		eax, 0x00_FF_FF_FF				;   // 只有低位的3byte有效
    39                              <1> 												;   
    40 000005C1 8B5D08              <1> 		mov		ebx, [ebp + 8]					;   ebx = 保存地址;
    41 000005C4 8903                <1> 		mov		[ebx], eax						;   [dst] = 时间;
    42                              <1> 												;   
    43 000005C6 B800000000          <1> 		mov		eax, 0							;   ret = 0; // 正常
    44                              <1> .10E:											; }
    45                              <1> 
    46 000005CB 5B                  <1> 		pop		ebx
    47                              <1> 
    48 000005CC 89EC                <1> 		mov		esp, ebp
    49 000005CE 5D                  <1> 		pop		ebp
    50                              <1> 
    51 000005CF C3                  <1> 		ret
    52                              <1> 
    79                                  %include "../modules/protect/draw_time.s"
     1                              <1> draw_time:
     2 000005D0 55                  <1> 		push	ebp	
     3 000005D1 89E5                <1> 		mov		ebp, esp
     4                              <1> 											
     5                              <1> 
     6 000005D3 50                  <1> 		push	eax
     7 000005D4 53                  <1> 		push	ebx
     8                              <1> 
     9                              <1> 		;---------------------------------------
    10                              <1> 		; 获取时间数据
    11                              <1> 		;---------------------------------------
    12 000005D5 8B4514              <1> 	    mov		eax, [ebp +20]					; EAX = 时间数据;
    13 000005D8 3B05[56060000]      <1> 		cmp		eax, [.last]					; if (崱夞 != 慜夞)
    14 000005DE 7467                <1> 		je		.10E							; {
    15                              <1> 												;   
    16 000005E0 A3[56060000]        <1> 		mov		[.last], eax					;   // 慜夞偺帪崗抣傪峏怴
    17                              <1> 
    18 000005E5 BB00000000          <1> 		mov		ebx, 0							;   EBX = 0;
    19 000005EA 88C3                <1> 		mov		bl, al							;   EBX = 秒;
    20 000005EC 6A046A106A0268-     <1> 		cdecl	itoa, ebx, .sec, 2, 16, 0b0100	;   //转换成字符串
    20 000005F3 [64060000]53E809FF- <1>
    20 000005FB FFFF6683C414        <1>
    21                              <1> 
    22 00000601 88E3                <1> 		mov		bl, ah							;   EBX = 分;
    23 00000603 6A046A106A0268-     <1> 		cdecl	itoa, ebx, .min, 2, 16, 0b0100	;   // 转换成字符串
    23 0000060A [61060000]53E8F2FE- <1>
    23 00000612 FFFF6683C414        <1>
    24                              <1> 
    25 00000618 C1E810              <1> 		shr		eax, 16							;   EBX = 时;
    26 0000061B 6A046A106A0268-     <1> 		cdecl	itoa, eax, .hour, 2, 16, 0b0100	;   // 转换成字符串
    26 00000622 [5E060000]50E8DAFE- <1>
    26 0000062A FFFF6683C414        <1>
    27                              <1> 
    28                              <1> 												;   // 输出时间
    29 00000630 68[5E060000]FF7510- <1> 		cdecl	draw_str, dword [ebp + 8], dword [ebp +12], dword [ebp +16], .hour
    29 00000638 FF750CFF7508E825FC- <1>
    29 00000641 FFFF6683C410        <1>
    30                              <1> 												;     
    31                              <1> 												;   }
    32                              <1> .10E:											; }
    33                              <1> 
    34 00000647 5B                  <1> 		pop		ebx
    35 00000648 58                  <1> 		pop		eax
    36                              <1> 
    37 00000649 89EC                <1> 		mov		esp, ebp
    38 0000064B 5D                  <1> 		pop		ebp
    39                              <1> 
    40 0000064C C3                  <1> 		ret
    41                              <1> 
    42 0000064D 00                  <1> ALIGN 2, db 0
    43 0000064E 0000000000000000    <1> .temp:	dq	0
    44 00000656 0000000000000000    <1> .last:	dq	0
    45 0000065E 5A5A3A              <1> .hour:	db	"ZZ:"
    46 00000661 5A5A3A              <1> .min:	db	"ZZ:"
    47 00000664 5A5A00              <1> .sec:	db	"ZZ", 0
    48                              <1> 
    80                                  %include "../modules/protect/interrupt.s"
     1                              <1> ;************************************************************************
     2                              <1> ;中断向量的初始化
     3                              <1> ;************************************************************************
     4 00000667 90                  <1> ALIGN 4
     5 00000668 FF07                <1> IDTR:	dw 		8 * 256 - 1					; idt_limit
     6 0000066A 00001000            <1> 		dd 		VECT_BASE					; idt location
     7                              <1> 
     8                              <1> ;************************************************************************
     9                              <1> ;中断table的初始化
    10                              <1> ;************************************************************************
    11                              <1> init_int:
    12 0000066E 50                  <1> 		push	eax
    13 0000066F 53                  <1> 		push	ebx
    14 00000670 51                  <1> 		push	ecx
    15 00000671 57                  <1> 		push	edi
    16                              <1> 
    17                              <1> 		;---------------------------------------
    18                              <1> 		; 所有的中断表的初始化
    19                              <1> 		;---------------------------------------
    20 00000672 8D05[B7070000]      <1> 		lea		eax, [int_default]				; EAX   = 中断处理的地址;
    21 00000678 BB008E0800          <1> 		mov		ebx, 0x0008_8E00				; EBX   = segment selector -> code segment;
    22 0000067D 6693                <1> 		xchg	ax, bx							; // 低位的word交换
    23                              <1> 
    24 0000067F B900010000          <1> 		mov		ecx, 256						; ECX   =	中断向量的个数
    25 00000684 BF00001000          <1> 		mov		edi, VECT_BASE					; EDI   =   中断向量表
    26                              <1> 
    27                              <1> .10L:											; do
    28                              <1> 												; {
    29 00000689 891F                <1> 		mov		[edi + 0], ebx					;   [EDI + 0] = 中断描述符(低位)
    30 0000068B 894704              <1> 		mov		[edi + 4], eax					;   [EDI + 4] = 中断描述符(高位)
    31 0000068E 83C708              <1> 		add		edi, 8							;   EDI += 8;
    32 00000691 E2F6                <1> 		loop	.10L							; } while (ECX--);
    33                              <1> 
    34                              <1> 		;---------------------------------------
    35                              <1> 		; 中断描述符的设定
    36                              <1> 		;---------------------------------------
    37 00000693 0F011D[68060000]    <1> 		lidt	[IDTR]							; // 加载中断描述符
    38                              <1> 
    39 0000069A 5F                  <1> 		pop		edi
    40 0000069B 59                  <1> 		pop		ecx
    41 0000069C 5B                  <1> 		pop		ebx
    42 0000069D 58                  <1> 		pop		eax
    43                              <1> 
    44 0000069E C3                  <1> 		ret
    45                              <1> 
    46                              <1> 
    47                              <1> 
    48                              <1> ;************************************************************************
    49                              <1> ;表示stack的值
    50                              <1> ;************************************************************************
    51                              <1> int_stop:
    52                              <1> 		;---------------------------------------
    53                              <1> 		; EAX表示的字符串
    54                              <1> 		;---------------------------------------
    55 0000069F 50680F0600006A0F6A- <1> 		cdecl	draw_str, 25, 15, 0x060F, eax	; draw_str(EAX);
    55 000006A8 19E8BAFBFFFF6683C4- <1>
    55 000006B1 10                  <1>
    56                              <1> 
    57                              <1> 		;---------------------------------------
    58                              <1> 		; 将stack_data转换成字符串
    59                              <1> 		;---------------------------------------
    60 000006B2 8B0424              <1> 		mov		eax, [esp + 0]					; EAX = ESP[ 0];
    61 000006B5 6A046A106A0868-     <1> 		cdecl	itoa, eax, .p1, 8, 16, 0b0100	; itoa(EAX, 8, 16, 0b0100);
    61 000006BC [7A070000]50E840FE- <1>
    61 000006C4 FFFF6683C414        <1>
    62                              <1> 
    63 000006CA 8B442404            <1> 		mov		eax, [esp + 4]					; EAX = ESP[ 4];
    64 000006CE 6A046A106A0868-     <1> 		cdecl	itoa, eax, .p2, 8, 16, 0b0100	; itoa(EAX, 8, 16, 0b0100);
    64 000006D5 [8B070000]50E827FE- <1>
    64 000006DD FFFF6683C414        <1>
    65                              <1> 
    66 000006E3 8B442408            <1> 		mov		eax, [esp + 8]					; EAX = ESP[ 8];
    67 000006E7 6A046A106A0868-     <1> 		cdecl	itoa, eax, .p3, 8, 16, 0b0100	; itoa(EAX, 8, 16, 0b0100);
    67 000006EE [9C070000]50E80EFE- <1>
    67 000006F6 FFFF6683C414        <1>
    68                              <1> 
    69 000006FC 8B44240C            <1> 		mov		eax, [esp +12]					; EAX = ESP[12];
    70 00000700 6A046A106A0868-     <1> 		cdecl	itoa, eax, .p4, 8, 16, 0b0100	; itoa(EAX, 8, 16, 0b0100);
    70 00000707 [AD070000]50E8F5FD- <1>
    70 0000070F FFFF6683C414        <1>
    71                              <1> 
    72                              <1> 		;---------------------------------------
    73                              <1> 		; 字符串打印
    74                              <1> 		;---------------------------------------
    75 00000715 68[73070000]68040F- <1> 		cdecl	draw_str, 25, 16, 0x0F04, .s1	; draw_str("ESP+ 0:-------- ");
    75 0000071D 00006A106A19E840FB- <1>
    75 00000726 FFFF6683C410        <1>
    76 0000072C 68[84070000]68040F- <1> 		cdecl	draw_str, 25, 17, 0x0F04, .s2	; draw_str("   + 4:-------- ");
    76 00000734 00006A116A19E829FB- <1>
    76 0000073D FFFF6683C410        <1>
    77 00000743 68[95070000]68040F- <1> 		cdecl	draw_str, 25, 18, 0x0F04, .s3	; draw_str("   + 8:-------- ");
    77 0000074B 00006A126A19E812FB- <1>
    77 00000754 FFFF6683C410        <1>
    78 0000075A 68[A6070000]68040F- <1> 		cdecl	draw_str, 25, 19, 0x0F04, .s4	; draw_str("   +12:-------- ");
    78 00000762 00006A136A19E8FBFA- <1>
    78 0000076B FFFF6683C410        <1>
    79                              <1> 
    80                              <1> 		;---------------------------------------
    81                              <1> 		; 无限循环
    82                              <1> 		;---------------------------------------
    83 00000771 EBFE                <1> 		jmp		$								; while (1) ; // 无限循环
    84                              <1> 
    85 00000773 4553502B20303A      <1> .s1		db	"ESP+ 0:"
    86 0000077A 5F5F5F5F5F5F5F5F20- <1> .p1		db	"________ ", 0
    86 00000783 00                  <1>
    87 00000784 2020202B20343A      <1> .s2		db	"   + 4:"
    88 0000078B 5F5F5F5F5F5F5F5F20- <1> .p2		db	"________ ", 0
    88 00000794 00                  <1>
    89 00000795 2020202B20383A      <1> .s3		db	"   + 8:"
    90 0000079C 5F5F5F5F5F5F5F5F20- <1> .p3		db	"________ ", 0
    90 000007A5 00                  <1>
    91 000007A6 2020202B31323A      <1> .s4		db	"   +12:"
    92 000007AD 5F5F5F5F5F5F5F5F20- <1> .p4		db	"________ ", 0
    92 000007B6 00                  <1>
    93                              <1> 
    94                              <1> ;*************************
    95                              <1> ;default中断
    96                              <1> ;*************************
    97                              <1> int_default:
    98 000007B7 9C                  <1> 		pushf									; // EFLAGS(IF==0)
    99 000007B8 0E                  <1> 		push	cs								; // CS
   100 000007B9 68[9F060000]        <1> 		push	int_stop						; // 表示stack
   101                              <1> 
   102 000007BE B8[C4070000]        <1> 		mov		eax, .s0						; // 中断的类别
   103 000007C3 CF                  <1> 		iret
   104                              <1> 
   105 000007C4 203C2020202053544F- <1> .s0		db	" <    STOP    > ", 0
   105 000007CD 50202020203E2000    <1>
   106                              <1> 
   107                              <1> ;***********************
   108                              <1> ;除0中断
   109                              <1> ;***********************
   110                              <1> int_zero_div:
   111 000007D5 9C                  <1> 	pushf		;//EFLAGS
   112 000007D6 0E                  <1> 	push cs		;//cs
   113 000007D7 68[9F060000]        <1> 	push int_stop		;//显示stack
   114                              <1> 
   115 000007DC B8[E2070000]        <1> 	mov eax,.s0			;//中断的类别
   116 000007E1 CF                  <1> 	iret
   117                              <1> 
   118 000007E2 3C205A45524F204449- <1> .s0 db"< ZERO DIV >",0
   118 000007EB 56203E00            <1>
    81                                  %include "../modules/protect/pic.s"
     1                              <1> ;************************************************************************
     2                              <1> ;初始化programable interrupt controller
     3                              <1> ;************************************************************************
     4                              <1> init_pic:
     5 000007EF 50                  <1> 		push	eax
     6                              <1> 
     7                              <1> 		;---------------------------------------
     8                              <1> 		; 主控制设定
     9                              <1> 		;---------------------------------------
    10                              <1> 		outp	0x20, 0x11						; // MASTER.ICW1 = 0x11;
    10 000007F0 B011                <2>  mov al,%2
    10 000007F2 E620                <2>  out %1,al
    11                              <1> 		outp	0x21, 0x20						; // MASTER.ICW2 = 0x20;
    11 000007F4 B020                <2>  mov al,%2
    11 000007F6 E621                <2>  out %1,al
    12                              <1> 		outp	0x21, 0x04						; // MASTER.ICW3 = 0x04;
    12 000007F8 B004                <2>  mov al,%2
    12 000007FA E621                <2>  out %1,al
    13                              <1> 		outp	0x21, 0x05						; // MASTER.ICW4 = 0x05;
    13 000007FC B005                <2>  mov al,%2
    13 000007FE E621                <2>  out %1,al
    14                              <1> 		outp	0x21, 0xFF						; // 主中断mask
    14 00000800 B0FF                <2>  mov al,%2
    14 00000802 E621                <2>  out %1,al
    15                              <1> 
    16                              <1> 		;---------------------------------------
    17                              <1> 		; 从控制设定
    18                              <1> 		;---------------------------------------
    19                              <1> 		outp	0xA0, 0x11						; // SLAVE.ICW1  = 0x11;
    19 00000804 B011                <2>  mov al,%2
    19 00000806 E6A0                <2>  out %1,al
    20                              <1> 		outp	0xA1, 0x28						; // SLAVE.ICW2  = 0x28;
    20 00000808 B028                <2>  mov al,%2
    20 0000080A E6A1                <2>  out %1,al
    21                              <1> 		outp	0xA1, 0x02						; // SLAVE.ICW3  = 0x02;
    21 0000080C B002                <2>  mov al,%2
    21 0000080E E6A1                <2>  out %1,al
    22                              <1> 		outp	0xA1, 0x01						; // SLAVE.ICW4  = 0x01;
    22 00000810 B001                <2>  mov al,%2
    22 00000812 E6A1                <2>  out %1,al
    23                              <1> 		outp	0xA1, 0xFF						; // 从中断mask
    23 00000814 B0FF                <2>  mov al,%2
    23 00000816 E6A1                <2>  out %1,al
    24                              <1> 
    25                              <1> 
    26 00000818 58                  <1> 		pop		eax
    27                              <1> 
    28 00000819 C3                  <1> 		ret
    29                              <1> 
    82                                  %include "../modules/protect/int_rtc.s"
     1                              <1> ;************************************************************************
     2                              <1> ;	允许RTC自发中断
     3                              <1> ;************************************************************************
     4                              <1> rtc_int_en:
     5                              <1> 		;---------------------------------------
     6                              <1> 		; 允许中断设定
     7                              <1> 		;---------------------------------------
     8                              <1> 
     9 0000081A 55                  <1> 		push	ebp								
    10 0000081B 89E5                <1> 		mov		ebp, esp						
    11                              <1> 
    12 0000081D 50                  <1> 		push	eax
    13                              <1> 
    14                              <1> 		;---------------------------------------
    15                              <1> 		; 允许中断设定
    16                              <1> 		;---------------------------------------
    17                              <1> 		outp	0x70, 0x0B						; outp(0x70, AL);   // 选择寄存器B
    17 0000081E B00B                <2>  mov al,%2
    17 00000820 E670                <2>  out %1,al
    18                              <1> 
    19 00000822 E471                <1> 		in		al, 0x71						; AL  = port(0x71); //设定寄存器B的指定bit 
    20 00000824 0A4508              <1> 		or		al, [ebp + 8]					; AL |= bit;     //
    21                              <1> 
    22 00000827 E671                <1> 		out		0x71, al						; outp(0x71, AL);   // 写入寄存器B
    23                              <1> 
    24                              <1> 	
    25 00000829 58                  <1> 		pop		eax
    26                              <1> 
    27 0000082A 89EC                <1> 		mov		esp, ebp
    28 0000082C 5D                  <1> 		pop		ebp
    29                              <1> 
    30 0000082D C3                  <1> 		ret
    31                              <1> 
    32                              <1> 
    33                              <1> ;************************************************************************
    34                              <1> ;	RTC中断处理
    35                              <1> ;************************************************************************
    36                              <1> int_rtc:
    37 0000082E 60                  <1> 		pusha
    38 0000082F 1E                  <1> 		push	ds
    39 00000830 06                  <1> 		push	es
    40                              <1> 
    41                              <1> 		;---------------------------------------
    42                              <1> 		; 将ds和es设置为数据用segment selector
    43                              <1> 		;---------------------------------------
    44 00000831 66B81000            <1> 		mov		ax, 0x0010						; 
    45 00000835 8ED8                <1> 		mov		ds, ax							; 
    46 00000837 8EC0                <1> 		mov		es, ax							; 
    47                              <1> 
    48                              <1> 		;---------------------------------------
    49                              <1> 		; 从RTC获取时间
    50                              <1> 		;---------------------------------------
    51 00000839 68[A8000000]E84CFD- <1> 		cdecl	rtc_get_time, RTC_TIME			; EAX = get_time(&RTC_TIME);
    51 00000841 FFFF6683C404        <1>
    52                              <1> 												; 
    53                              <1> 		;---------------------------------------
    54                              <1> 		; 获取RTC中断的原因
    55                              <1> 		;---------------------------------------
    56                              <1> 		outp	0x70, 0x0C						; outp(0x70, 0x0C); // 选择寄存器C
    56 00000847 B00C                <2>  mov al,%2
    56 00000849 E670                <2>  out %1,al
    57 0000084B E471                <1> 		in		al, 0x71						; AL = inp();
    58                              <1> 
    59                              <1> 		;---------------------------------------
    60                              <1> 		; 清楚中断标识符(EOI)
    61                              <1> 		;---------------------------------------
    62                              <1> 		outp	0xA0, 0x20						; outp(0xA0, EOI); // 从PIC
    62 0000084D B020                <2>  mov al,%2
    62 0000084F E6A0                <2>  out %1,al
    63                              <1> 		outp	0x20, 0x20						; outp(0x20, EOI); // 主PIC
    63 00000851 B020                <2>  mov al,%2
    63 00000853 E620                <2>  out %1,al
    64                              <1> 
    65                              <1> 
    66 00000855 07                  <1> 		pop		es								; 
    67 00000856 1F                  <1> 		pop		ds								; 
    68 00000857 61                  <1> 		popa									; 
    69                              <1> 
    70 00000858 CF                  <1> 		iret									; 中断返回
    71                              <1> 
    83                                  
    84                                  ;********************
    85                                  ;padding
    86                                  ;********************
    87 00000859 00<rept>                	times KERNEL_SIZE -($-$$) db 0;
