     1                                  %include "../include/define.s"
     1                              <1> BOOT_LOAD equ 0x7C00      ;//boot程序加载地址
     2                              <1> BOOT_SIZE equ (1024 * 8)  ;//boot代码段大小
     3                              <1> BOOT_END  equ (BOOT_LOAD + BOOT_SIZE) ;
     4                              <1> 
     5                              <1> SECT_SIZE equ (512)       ;//sector大小
     6                              <1> BOOT_SECT equ (BOOT_SIZE / SECT_SIZE)   ;//boot的sector数
     7                              <1> 
     8                              <1> E820_RECORD_SIZE equ 20
     9                              <1> 
    10                              <1> KERNEL_LOAD equ 0x0010_1000
    11                              <1> KERNEL_SIZE equ (1024*8) ;//kernel的大小仍然是8k
    12                              <1> KERNEL_SECT equ (KERNEL_SIZE / SECT_SIZE)
     2                                  %include "../include/macro.s"
     1                              <1> %macro cdecl 1-*.nolist  ;//1-*是一个以上的参数
     2                              <1> 
     3                              <1> 	%rep %0 - 1         ;//%0是参数的个数
     4                              <1> 		push %{-1:-1}  ;//%将参数倒着压栈
     5                              <1> 		%rotate -1   
     6                              <1> 	%endrep
     7                              <1> 	%rotate -1      ;//恢复原来的参数
     8                              <1> 
     9                              <1> 	call %1
    10                              <1> 	%if 1 < %0
    11                              <1> 		add sp,(__BITS__ >> 3)*(%0 - 1)     ;//__BITS__是表示16比特模式还是32比特模式
    12                              <1> 	%endif									;//给每个参数分配栈空间
    13                              <1> %endmacro
    14                              <1> 
    15                              <1> struc drive
    16 00000000 <res 00000002>      <1> 	.no resw 1	 ;驱动号
    17 00000002 <res 00000002>      <1> 	.cyln resw 1 ;cylinder
    18 00000004 <res 00000002>      <1> 	.head resw 1 ;head
    19 00000006 <res 00000002>      <1> 	.sect resw 1 ;sector
    20                              <1> endstruc
    21                              <1> 
     3                                  	
     4                                  	ORG KERNEL_LOAD
     5                                  
     6                                  [BITS 32]
     7                                  ;*******************
     8                                  ;entry  point
     9                                  ;*******************
    10                                  kernel:
    11                                  	;----------------------
    12                                  	;获取font address
    13                                  	;----------------------
    14 00000000 BE007E0000              	mov esi,BOOT_LOAD + SECT_SIZE ;ESI = 0x7C00 + 512
    15 00000005 0FB706                  	movzx eax,word[esi + 0]				;//eax = segment
    16 00000008 0FB75E02                	movzx ebx,word[esi + 2]				;//ebx = offset
    17 0000000C C1E004                  	shl eax,4
    18 0000000F 01D8                    	add eax,ebx
    19 00000011 A3[68000000]            	mov [FONT_ADR],eax					;FONT_ADR[0] = eax
    20                                  
    21 00000016 68[57000000]680F01-     	cdecl draw_str,25,14,0x010F,.s0;
    21 0000001E 00006A0E6A19E80302-
    21 00000027 00006683C410       
    22                                  	;------------------------------
    23                                  	;打印时间
    24                                  	;------------------------------
    25                                  .10L:
    26 0000002D 68[6C000000]E81C05-     		cdecl rtc_get_time,RCT_TIME
    26 00000035 00006683C404       
    27 0000003B FF35[6C000000]6800-     		cdecl draw_time,72,0,0x0700,dword[RCT_TIME]
    27 00000043 0700006A006A48E845-
    27 0000004C 0500006683C410     
    28                                  
    29 00000053 EBD8                    		jmp	.10L
    30                                  			
    31                                  		
    32 00000055 EBFE                    	jmp $
    33 00000057 48656C6C6F2C206B65-     .s0 db "Hello, kernel!",0
    33 00000060 726E656C2100       
    34                                  
    35 00000066 00<rept>                ALIGN 4,db 0
    36 00000068 00000000                FONT_ADR: dd 0
    37 0000006C 00000000                RCT_TIME : dd 0
    38                                  
    39                                  ;*************************
    40                                  ;model
    41                                  ;*************************
    42                                  %include "../modules/protect/vga.s"
     1                              <1> vga_set_read_plane:
     2                              <1> 	
     3 00000070 55                  <1> 		push	ebp	
     4 00000071 89E5                <1> 		mov		ebp, esp						
     5                              <1> 
     6 00000073 50                  <1> 		push	eax
     7 00000074 52                  <1> 		push	edx
     8                              <1> 
     9                              <1> 		;---------------------------------------
    10                              <1> 		;选择读取的plane
    11                              <1> 		;---------------------------------------
    12 00000075 8A6508              <1> 		mov		ah, [ebp + 8]					; AH  = 指定读取的palne(----RGB)
    13 00000078 80E403              <1> 		and		ah, 0x03						; AH &= 0x03; // mask掉不要的bit
    14 0000007B B004                <1> 		mov		al, 0x04						; AL  = 读取map选择寄存器
    15 0000007D 66BACE03            <1> 		mov		dx, 0x03CE						; DX  = 图像控制端口
    16 00000081 66EF                <1> 		out		dx, ax							; // 端口输出
    17                              <1> 
    18 00000083 5A                  <1> 		pop		edx
    19 00000084 58                  <1> 		pop		eax
    20 00000085 89EC                <1> 		mov		esp, ebp
    21 00000087 5D                  <1> 		pop		ebp
    22                              <1> 
    23 00000088 C3                  <1> 		ret
    24                              <1> 
    25                              <1> vga_set_write_plane:
    26                              <1> 											
    27 00000089 55                  <1> 		push	ebp								
    28 0000008A 89E5                <1> 		mov		ebp, esp						
    29                              <1> 											
    30 0000008C 50                  <1> 		push	eax
    31 0000008D 52                  <1> 		push	edx
    32                              <1> 
    33                              <1> 		;---------------------------------------
    34                              <1> 		; 选择写入的plane
    35                              <1> 		;---------------------------------------
    36 0000008E 8A6508              <1> 		mov		ah, [ebp + 8]					; AH = 指定写入的plane(Bit:----IRGB)
    37 00000091 80E40F              <1> 		and		ah, 0x0F						; AH = 0x0F; // mask掉不需要的比特
    38 00000094 B002                <1> 		mov		al, 0x02						; AL = 指定写入plane
    39 00000096 66BAC403            <1> 		mov		dx, 0x03C4						; DX = sequence控制端口
    40 0000009A 66EF                <1> 		out		dx, ax							; // 端口输出
    41                              <1> 
    42                              <1> 
    43 0000009C 5A                  <1> 		pop		edx
    44 0000009D 58                  <1> 		pop		eax
    45                              <1> 
    46 0000009E 89EC                <1> 		mov		esp, ebp
    47 000000A0 5D                  <1> 		pop		ebp
    48                              <1> 
    49 000000A1 C3                  <1> 		ret
    50                              <1> 
    51                              <1> ;
    52                              <1> vram_font_copy:
    53                              <1> 
    54                              <1> 
    55 000000A2 55                  <1> 		push	ebp							
    56 000000A3 89E5                <1> 		mov		ebp, esp						
    57                              <1> 
    58 000000A5 50                  <1> 		push	eax
    59 000000A6 53                  <1> 		push	ebx
    60 000000A7 51                  <1> 		push	ecx
    61 000000A8 52                  <1> 		push	edx
    62 000000A9 56                  <1> 		push	esi
    63 000000AA 57                  <1> 		push	edi
    64                              <1> 
    65                              <1> 		;---------------------------------------
    66                              <1> 		; 获取参数
    67                              <1> 		;---------------------------------------
    68 000000AB 8B7508              <1> 		mov		esi, [ebp + 8]					; ESI = font地址
    69 000000AE 8B7D0C              <1> 		mov		edi, [ebp +12]					; EDI = VRAM地址;
    70 000000B1 0FB64510            <1> 		movzx	eax, byte [ebp +16]				; EAX = plane(用比特指定);
    71 000000B5 0FB75D14            <1> 		movzx	ebx, word [ebp +20]				; EBX = 颜色;
    72                              <1> 
    73                              <1> 		;//背景色或者前景色包含plane的时候设置为0xff,不包含的时候设置为0x00
    74                              <1> 
    75 000000B9 84C7                <1> 		test	bh, al							; ZF = (背景色 & plane);
    76 000000BB 0F94C6              <1> 		setz	dh								; AH = ZF ? 0x01 : 0x00
    77 000000BE FECE                <1> 		dec		dh								; AH--; // 0x00 or 0xFF
    78                              <1> 
    79 000000C0 84C3                <1> 		test	bl, al							; ZF = (前景色 & plane);
    80 000000C2 0F94C2              <1> 		setz	dl								; AL = ZF ? 0x01 : 0x00
    81 000000C5 FECA                <1> 		dec		dl								; AL--; // 0x00 or 0xFF
    82                              <1> 
    83                              <1> 		;---------------------------------------
    84                              <1> 		; 复制16个点的font
    85                              <1> 		;---------------------------------------
    86 000000C7 FC                  <1> 		cld										; DF  = 0; 
    87                              <1> 
    88 000000C8 B910000000          <1> 		mov		ecx, 16							; ECX = 16; // 16个点
    89                              <1> .10L:											; do
    90                              <1> 												; {
    91                              <1> 		;---------------------------------------
    92                              <1> 		; 生成font_mask
    93                              <1> 		;---------------------------------------
    94 000000CD AC                  <1> 		lodsb									;   AL  = *ESI++; //  font
    95 000000CE 88C4                <1> 		mov		ah, al							;   AH ~= AL;     // !font(比特反转)
    96 000000D0 F6D4                <1> 		not		ah								;   
    97                              <1> 
    98                              <1> 		;---------------------------------------
    99                              <1> 		; 前景色
   100                              <1> 		;---------------------------------------
   101 000000D2 20D0                <1> 		and		al, dl							;   AL =前景色 & font;
   102                              <1> 
   103                              <1> 		;---------------------------------------
   104                              <1> 		; 背景色
   105                              <1> 		;---------------------------------------
   106 000000D4 F7C310000000        <1> 		test	ebx, 0x0010						;   if (透明模式)
   107 000000DA 7404                <1> 		jz		.11F							;   {
   108 000000DC 2227                <1> 		and		ah, [edi]						;     AH = !font & [EDI] // 现在值
   109 000000DE EB02                <1> 		jmp		.11E							;   }
   110                              <1> .11F:											;   else
   111                              <1> 												;   {
   112 000000E0 20F4                <1> 		and		ah, dh							;     AH = !font & 背景色;
   113                              <1> .11E:											;   }
   114                              <1> 
   115                              <1> 		;---------------------------------------
   116                              <1> 		; 前景色和背景色的合成
   117                              <1> 		;---------------------------------------
   118 000000E2 08E0                <1> 		or		al, ah							;   AL  = 前景 | 背景;
   119                              <1> 
   120                              <1> 		;---------------------------------------
   121                              <1> 		; 输出新的值
   122                              <1> 		;---------------------------------------
   123 000000E4 8807                <1> 		mov		[edi], al						;   [EDI] = AL; // 写入plane
   124                              <1> 
   125 000000E6 83C750              <1> 		add		edi, 80							;   EDI += 80;(font是30x80)
   126 000000E9 E2E2                <1> 		loop	.10L							; } while (--ECX);
   127                              <1> .10E:											; 
   128 000000EB 5F                  <1> 		pop		edi
   129 000000EC 5E                  <1> 		pop		esi
   130 000000ED 5A                  <1> 		pop		edx
   131 000000EE 59                  <1> 		pop		ecx
   132 000000EF 5B                  <1> 		pop		ebx
   133 000000F0 58                  <1> 		pop		eax
   134                              <1> 
   135 000000F1 89EC                <1> 		mov		esp, ebp
   136 000000F3 5D                  <1> 		pop		ebp
   137                              <1> 
   138 000000F4 C3                  <1> 		ret
   139                              <1> 
   140                              <1> vram_bit_copy:
   141                              <1> 
   142 000000F5 55                  <1> 		push	ebp							
   143 000000F6 89E5                <1> 		mov		ebp, esp						
   144                              <1> 												
   145 000000F8 50                  <1> 		push	eax
   146 000000F9 53                  <1> 		push	ebx
   147 000000FA 57                  <1> 		push	edi
   148                              <1> 
   149                              <1> 		;---------------------------------------
   150                              <1> 		; 获取参数
   151                              <1> 		;---------------------------------------
   152 000000FB 8B7D0C              <1> 		mov		edi, [ebp +12]					; EDI = VRAM地址
   153 000000FE 0FB64510            <1> 		movzx	eax, byte [ebp +16]				; EAX = palne(bit);
   154 00000102 0FB75D14            <1> 		movzx	ebx, word [ebp +20]				; EBX = 表示颜色;
   155                              <1> 
   156 00000106 84C3                <1> 		test	bl, al							; ZF = (前景色 & plane);
   157 00000108 0F94C3              <1> 		setz	bl								; BL = ZF ? 0x01 : 0x00
   158 0000010B FECB                <1> 		dec		bl								; BL--; // 0x00 or 0xFF
   159                              <1> 
   160                              <1> 		;---------------------------------------
   161                              <1> 		; 输出比特模式的反
   162                              <1> 		;---------------------------------------
   163 0000010D 8A4508              <1> 		mov		al, [ebp + 8]					; AL = 输出比特模式
   164 00000110 88C4                <1> 		mov		ah, al							; AH ~= AL;     // ! 输出比特模式
   165 00000112 F6D4                <1> 		not		ah								; 
   166                              <1> 
   167                              <1> 		;---------------------------------------
   168                              <1> 		; 生成输入的值
   169                              <1> 		;---------------------------------------
   170 00000114 2227                <1> 		and		ah, [edi]						; AH  =  ! 输出比特模式 & 现在值
   171 00000116 20D8                <1> 		and		al, bl							; AL  = 输出比特模式 &  表示色
   172 00000118 08E0                <1> 		or		al, ah							; AL |= AH;
   173                              <1> 
   174                              <1> 		;---------------------------------------
   175                              <1> 		; 数据写入
   176                              <1> 		;---------------------------------------
   177 0000011A 8807                <1> 		mov		[edi], al						; [EDI] = BL; // 写入palne
   178                              <1> 
   179                              <1> 
   180 0000011C 5F                  <1> 		pop		edi
   181 0000011D 5B                  <1> 		pop		ebx
   182 0000011E 58                  <1> 		pop		eax
   183                              <1> 
   184 0000011F 89EC                <1> 		mov		esp, ebp
   185 00000121 5D                  <1> 		pop		ebp
   186                              <1> 
   187 00000122 C3                  <1> 		ret
   188                              <1> 
    43                                  %include "../modules/protect/draw_char.s"
     1                              <1> draw_char:
     2                              <1> 
     3 00000123 55                  <1> 		push	ebp			
     4 00000124 89E5                <1> 		mov		ebp, esp	
     5                              <1> 											
     6                              <1> 
     7 00000126 50                  <1> 		push	eax
     8 00000127 53                  <1> 		push	ebx
     9 00000128 51                  <1> 		push	ecx
    10 00000129 52                  <1> 		push	edx
    11 0000012A 56                  <1> 		push	esi
    12 0000012B 57                  <1> 		push	edi
    13                              <1> 
    14                              <1> 		;---------------------------------------
    15                              <1> 		; 取得参数
    16                              <1> 		;---------------------------------------
    17 0000012C 0FB67514            <1> 		movzx	esi, byte [ebp +20]				; ESI  = 字符码
    18 00000130 C1E604              <1> 		shl		esi, 4							; CL *= 16; // 1字符16byte
    19 00000133 0335[68000000]      <1> 		add		esi, [FONT_ADR]					; ESI = font地址;
    20                              <1> 
    21                              <1> 		;---------------------------------------
    22                              <1> 		; 取得复制目的地的地址
    23                              <1> 		; Adr = 0xA0000 + (640 / 8 * 16) * y + x
    24                              <1> 		;---------------------------------------
    25 00000139 8B7D0C              <1> 		mov		edi, [ebp +12]					; Y(行)
    26 0000013C C1E708              <1> 		shl		edi, 8							; EDI = Y * 256;
    27 0000013F 8DBCBF00000A00      <1> 		lea		edi, [edi * 4 + edi + 0xA0000]	; EDI = Y *   4 + Y;
    28 00000146 037D08              <1> 		add		edi, [ebp + 8]					; X(列)
    29                              <1> 
    30                              <1> 		;---------------------------------------
    31                              <1> 		; 输出一字符的font
    32                              <1> 		;---------------------------------------
    33 00000149 0FB75D10            <1> 		movzx	ebx, word [ebp +16]				; // 颜色
    34                              <1> 
    35 0000014D 6A03E81CFFFFFF6683- <1> 		cdecl	vga_set_read_plane, 0x03		; // 写入plane(亮度:I)
    35 00000156 C404                <1>
    36 00000158 6A08E82AFFFFFF6683- <1> 		cdecl	vga_set_write_plane, 0x08		; // 输出plane(亮度:I)
    36 00000161 C404                <1>
    37 00000163 536A085756E835FFFF- <1> 		cdecl	vram_font_copy, esi, edi, 0x08, ebx
    37 0000016C FF6683C410          <1>
    38                              <1> 
    39 00000171 6A02E8F8FEFFFF6683- <1> 		cdecl	vga_set_read_plane, 0x02		; //写入plane(红:R)
    39 0000017A C404                <1>
    40 0000017C 6A04E806FFFFFF6683- <1> 		cdecl	vga_set_write_plane, 0x04		; //输出plane(红:R)
    40 00000185 C404                <1>
    41 00000187 536A045756E811FFFF- <1> 		cdecl	vram_font_copy, esi, edi, 0x04, ebx
    41 00000190 FF6683C410          <1>
    42                              <1> 
    43 00000195 6A01E8D4FEFFFF6683- <1> 		cdecl	vga_set_read_plane, 0x01		; // 写入plane(绿:G)
    43 0000019E C404                <1>
    44 000001A0 6A02E8E2FEFFFF6683- <1> 		cdecl	vga_set_write_plane, 0x02		; // 输出plane(绿:G)
    44 000001A9 C404                <1>
    45 000001AB 536A025756E8EDFEFF- <1> 		cdecl	vram_font_copy, esi, edi, 0x02, ebx
    45 000001B4 FF6683C410          <1>
    46                              <1> 
    47 000001B9 6A00E8B0FEFFFF6683- <1> 		cdecl	vga_set_read_plane, 0x00		; // 写入plane(蓝:B)
    47 000001C2 C404                <1>
    48 000001C4 6A01E8BEFEFFFF6683- <1> 		cdecl	vga_set_write_plane, 0x01		; // 输出plane(蓝:B)
    48 000001CD C404                <1>
    49 000001CF 536A015756E8C9FEFF- <1> 		cdecl	vram_font_copy, esi, edi, 0x01, ebx
    49 000001D8 FF6683C410          <1>
    50                              <1> 
    51                              <1> 
    52 000001DD 5F                  <1> 		pop		edi
    53 000001DE 5E                  <1> 		pop		esi
    54 000001DF 5A                  <1> 		pop		edx
    55 000001E0 59                  <1> 		pop		ecx
    56 000001E1 5B                  <1> 		pop		ebx
    57 000001E2 58                  <1> 		pop		eax
    58                              <1> 
    59 000001E3 89EC                <1> 		mov		esp, ebp
    60 000001E5 5D                  <1> 		pop		ebp
    61                              <1> 
    62 000001E6 C3                  <1> 		ret
    63                              <1> 
    44                                  %include "../modules/protect/draw_font.s"
     1                              <1> draw_font:
     2 000001E7 55                  <1> 		push	ebp		
     3 000001E8 89E5                <1> 		mov		ebp, esp		
     4                              <1> 							
     5                              <1> 
     6 000001EA 50                  <1> 		push	eax
     7 000001EB 53                  <1> 		push	ebx
     8 000001EC 51                  <1> 		push	ecx
     9 000001ED 52                  <1> 		push	edx
    10 000001EE 56                  <1> 		push	esi
    11 000001EF 57                  <1> 		push	edi
    12                              <1> 
    13 000001F0 8B7508              <1> 		mov		esi, [ebp + 8]					; ESI = X(列)
    14 000001F3 8B7D0C              <1> 		mov		edi, [ebp +12]					; EDI = Y(行)
    15                              <1> 
    16                              <1> 		;---------------------------------------
    17                              <1> 		; 僼僅儞僩堦棗傪昞帵
    18                              <1> 		;---------------------------------------
    19 000001F6 B900000000          <1> 		mov		ecx, 0							; for (ECX = 0;
    20 000001FB 81F900010000        <1> .10L:	cmp		ecx, 256						;      ECX < 256;
    21 00000201 731F                <1> 		jae		.10E							; 
    22                              <1> 												;      ECX++)
    23                              <1> 												; {
    24                              <1> 												;   // 一行表示16个字符,列位置
    25 00000203 89C8                <1> 		mov		eax, ecx						;   EAX  = ECX;
    26 00000205 83E00F              <1> 		and		eax, 0x0F						;   EAX &= 0x0F
    27 00000208 01F0                <1> 		add		eax, esi						;   EAX += X;
    28                              <1> 												;   
    29                              <1> 												;   // 行位置
    30 0000020A 89CB                <1> 		mov		ebx, ecx						;   EBX  = ECX;
    31 0000020C C1EB04              <1> 		shr		ebx, 4							;   EBX /= 16
    32 0000020F 01FB                <1> 		add		ebx, edi						;   EBX += Y;
    33                              <1> 
    34 00000211 516A075350E808FFFF- <1> 		cdecl	draw_char, eax, ebx, 0x07, ecx	;   draw_char();
    34 0000021A FF6683C410          <1>
    35                              <1> 
    36 0000021F 41                  <1> 		inc		ecx								;   // for (... ECX++)
    37 00000220 EBD9                <1> 		jmp		.10L							; 
    38                              <1> .10E:											; }
    39                              <1> 
    40                              <1> 
    41 00000222 5F                  <1> 		pop		edi
    42 00000223 5E                  <1> 		pop		esi
    43 00000224 5A                  <1> 		pop		edx
    44 00000225 59                  <1> 		pop		ecx
    45 00000226 5B                  <1> 		pop		ebx
    46 00000227 58                  <1> 		pop		eax
    47                              <1> 
    48 00000228 89EC                <1> 		mov		esp, ebp
    49 0000022A 5D                  <1> 		pop		ebp
    50                              <1> 
    51 0000022B C3                  <1> 		ret
    52                              <1> 
    45                                  %include "../modules/protect/draw_str.s"
     1                              <1> draw_str:
     2                              <1> 
     3 0000022C 55                  <1> 		push	ebp							
     4 0000022D 89E5                <1> 		mov		ebp, esp					
     5                              <1> 
     6                              <1> 
     7 0000022F 50                  <1> 		push	eax
     8 00000230 53                  <1> 		push	ebx
     9 00000231 51                  <1> 		push	ecx
    10 00000232 52                  <1> 		push	edx
    11 00000233 56                  <1> 		push	esi
    12                              <1> 
    13                              <1> 		;---------------------------------------
    14                              <1> 		; 获取参数
    15                              <1> 		;---------------------------------------
    16 00000234 8B4D08              <1> 		mov		ecx, [ebp + 8]					; ECX = 列;
    17 00000237 8B550C              <1> 		mov		edx, [ebp +12]					; EDX = 行;
    18 0000023A 0FB75D10            <1> 		movzx	ebx, word [ebp + 16]			; EBX = 颜色;
    19 0000023E 8B7514              <1> 		mov		esi, [ebp +20]					; ESI = 字符串地址;
    20                              <1> 
    21 00000241 FC                  <1> 		cld										; DF = 0; // 正方向
    22                              <1> .10L:											; do
    23                              <1> 												; {
    24 00000242 AC                  <1> 		lodsb									;   AL = *ESI++; // 暥帤傪庢摼
    25 00000243 3C00                <1> 		cmp		al, 0							;   if (0 == AL)
    26 00000245 7425                <1> 		je		.10E							;     break;
    27                              <1> 
    28 00000247 50535251E8D3FEFFFF- <1> 		cdecl	draw_char, ecx, edx, ebx, eax	;   draw_char();
    28 00000250 6683C410            <1>
    29                              <1> 
    30                              <1> 		; 師偺暥帤偺埵抲傪挷惍
    31 00000254 41                  <1> 		inc		ecx								;   ECX++;           // 列+1
    32 00000255 83F950              <1> 		cmp		ecx, 80							;   if (80 <= ECX)   // 80列超过的话要换行
    33 00000258 7C10                <1> 		jl		.12E							;   {
    34 0000025A B900000000          <1> 		mov		ecx, 0							;     ECX = 0;       // 列 = 0
    35 0000025F 42                  <1> 		inc		edx								;     EDX++;         // 行 + 1
    36 00000260 83FA1E              <1> 		cmp		edx, 30							;     if (30 <= EDX) // 30行以上换页
    37 00000263 7C05                <1> 		jl		.12E							;     {
    38 00000265 BA00000000          <1> 		mov		edx, 0							;       EDX = 0;     // 行 = 0
    39                              <1> 												;     }
    40                              <1> .12E:											;   }
    41 0000026A EBD6                <1> 		jmp		.10L							;   
    42                              <1> .10E:											; } while (1);
    43                              <1> 
    44 0000026C 5E                  <1> 		pop		esi
    45 0000026D 5A                  <1> 		pop		edx
    46 0000026E 59                  <1> 		pop		ecx
    47 0000026F 5B                  <1> 		pop		ebx
    48 00000270 58                  <1> 		pop		eax
    49                              <1> 
    50 00000271 89EC                <1> 		mov		esp, ebp
    51 00000273 5D                  <1> 		pop		ebp
    52                              <1> 
    53 00000274 C3                  <1> 		ret
    54                              <1> 
    46                                  %include "../modules/protect/draw_color_bar.s"
     1                              <1> draw_color_bar:
     2 00000275 55                  <1> 		push	ebp						
     3 00000276 89E5                <1> 		mov		ebp, esp						
     4                              <1> 
     5 00000278 50                  <1> 		push	eax
     6 00000279 53                  <1> 		push	ebx
     7 0000027A 51                  <1> 		push	ecx
     8 0000027B 52                  <1> 		push	edx
     9 0000027C 56                  <1> 		push	esi
    10 0000027D 57                  <1> 		push	edi
    11                              <1> 
    12 0000027E 8B7508              <1> 		mov		esi, [ebp + 8]					; ESI = X乮楍乯
    13 00000281 8B7D0C              <1> 		mov		edi, [ebp +12]					; EDI = Y乮峴乯
    14                              <1> 
    15                              <1> 		;---------------------------------------
    16                              <1> 		; 表示colorbar
    17                              <1> 		;---------------------------------------
    18 00000284 B900000000          <1> 		mov		ecx, 0							; for (ECX = 0;
    19 00000289 83F910              <1> .10L:	cmp		ecx, 16							;      ECX < 16;
    20 0000028C 732E                <1> 		jae		.10E							; 
    21                              <1> 												;      ECX++)
    22                              <1> 												; {
    23                              <1> 												;   // 偶数列在左边,奇数列在右边
    24 0000028E 89C8                <1> 		mov		eax, ecx						;   EAX  = ECX;
    25 00000290 83E001              <1> 		and		eax, 0x01						;   EAX &= 0x01;;//奇数
    26 00000293 C1E003              <1> 		shl		eax, 3							;   EAX *= 8;  // 往右移动8个字符
    27 00000296 01F0                <1> 		add		eax, esi						;   EAX += X;
    28                              <1> 												;   
    29                              <1> 												;   // 每两个颜色10E行
    30 00000298 89CB                <1> 		mov		ebx, ecx						;   EBX  = ECX;
    31 0000029A D1EB                <1> 		shr		ebx, 1							;   EBX /= 2
    32 0000029C 01FB                <1> 		add		ebx, edi						;   EBX += Y;
    33                              <1> 												;   
    34                              <1> 												;   //输出的颜色
    35 0000029E 89CA                <1> 		mov		edx, ecx						;   EDX  = ECX;
    36 000002A0 D1E2                <1> 		shl		edx, 1							;   EDX *= 2;
    37 000002A2 8B92[CF020000]      <1> 		mov		edx, [.t0 + edx]				;   EDX += Y;
    38                              <1> 
    39 000002A8 68[C6020000]525350- <1> 		cdecl	draw_str, eax, ebx, edx, .s0	;   draw_str();
    39 000002B0 E877FFFFFF6683C410  <1>
    40                              <1> 
    41 000002B9 41                  <1> 		inc		ecx								;   // for (... ECX++)
    42 000002BA EBCD                <1> 		jmp		.10L							; 
    43                              <1> .10E:											; }
    44                              <1> 
    45 000002BC 5F                  <1> 		pop		edi
    46 000002BD 5E                  <1> 		pop		esi
    47 000002BE 5A                  <1> 		pop		edx
    48 000002BF 59                  <1> 		pop		ecx
    49 000002C0 5B                  <1> 		pop		ebx
    50 000002C1 58                  <1> 		pop		eax
    51                              <1> 
    52 000002C2 89EC                <1> 		mov		esp, ebp
    53 000002C4 5D                  <1> 		pop		ebp
    54                              <1> 
    55 000002C5 C3                  <1> 		ret
    56                              <1> 
    57 000002C6 202020202020202000  <1> .s0:	db '        ', 0						;8个空白字符
    58                              <1> 
    59 000002CF 00000008            <1> .t0:	dw	0x0000, 0x0800						; colorbar的背景色
    60 000002D3 00010009            <1> 		dw	0x0100, 0x0900
    61 000002D7 0002000A            <1> 		dw	0x0200, 0x0A00
    62 000002DB 0003000B            <1> 		dw	0x0300, 0x0B00
    63 000002DF 0004000C            <1> 		dw	0x0400, 0x0C00
    64 000002E3 0005000D            <1> 		dw	0x0500, 0x0D00
    65 000002E7 0006000E            <1> 		dw	0x0600, 0x0E00
    66 000002EB 0007000F            <1> 		dw	0x0700, 0x0F00
    67                              <1> 
    47                                  %include "../modules/protect/draw_pixel.s"
     1                              <1> 
     2                              <1> draw_pixel:
     3                              <1> 
     4 000002EF 55                  <1> 		push	ebp			
     5 000002F0 89E5                <1> 		mov		ebp, esp						
     6 000002F2 50                  <1> 		push	eax
     7 000002F3 53                  <1> 		push	ebx
     8 000002F4 51                  <1> 		push	ecx
     9 000002F5 57                  <1> 		push	edi
    10                              <1> 
    11                              <1> 		;---------------------------------------
    12                              <1> 		; 将Y坐标扩大80倍(640/8)
    13                              <1> 		;---------------------------------------
    14 000002F6 8B7D0C              <1> 		mov		edi, [ebp +12]					; EDI  = Y坐标
    15 000002F9 C1E704              <1> 		shl		edi, 4							; EDI *= 16;
    16 000002FC 8DBCBF00000A00      <1> 		lea		edi, [edi * 4 + edi + 0xA_0000]	; EDI  = 0xA00000[EDI * 4 + EDI];
    17                              <1> 
    18                              <1> 		;---------------------------------------
    19                              <1> 		; 加上X坐标的1/8
    20                              <1> 		;---------------------------------------
    21 00000303 8B5D08              <1> 		mov		ebx, [ebp + 8]					; EBX  = X坐标
    22 00000306 89D9                <1> 		mov		ecx, ebx						; ECX  = X坐标;(暂存)
    23 00000308 C1EB03              <1> 		shr		ebx, 3							; EBX /= 8;
    24 0000030B 01DF                <1> 		add		edi, ebx						; EDI += EBX;
    25                              <1> 
    26                              <1> 		;---------------------------------------
    27                              <1> 		; X坐标除8的余数来计算bit位置
    28                              <1> 		; (0=0x80, 1=0x40,... 7=0x01)
    29                              <1> 		;---------------------------------------
    30 0000030D 83E107              <1> 		and		ecx, 0x07						; ECX = X & 0x07;
    31 00000310 BB80000000          <1> 		mov		ebx, 0x80						; EBX = 0x80;
    32 00000315 D3EB                <1> 		shr		ebx, cl							; EBX >>= ECX;
    33                              <1> 
    34                              <1> 		;---------------------------------------
    35                              <1> 		; 指定颜色
    36                              <1> 		;---------------------------------------
    37 00000317 8B4D10              <1> 		mov		ecx, [ebp +16]					; // 昞帵怓
    38                              <1> 
    39                              <1> 		;---------------------------------------
    40                              <1> 		; 输出plane
    41                              <1> 		;---------------------------------------
    42 0000031A 6A03E84FFDFFFF6683- <1> 		cdecl	vga_set_read_plane, 0x03		; 
    42 00000323 C404                <1>
    43 00000325 6A08E85DFDFFFF6683- <1> 		cdecl	vga_set_write_plane, 0x08		;
    43 0000032E C404                <1>
    44 00000330 516A085753E8BBFDFF- <1> 		cdecl	vram_bit_copy, ebx, edi, 0x08, ecx
    44 00000339 FF6683C410          <1>
    45                              <1> 
    46 0000033E 6A02E82BFDFFFF6683- <1> 		cdecl	vga_set_read_plane, 0x02		; 
    46 00000347 C404                <1>
    47 00000349 6A04E839FDFFFF6683- <1> 		cdecl	vga_set_write_plane, 0x04		; 
    47 00000352 C404                <1>
    48 00000354 516A045753E897FDFF- <1> 		cdecl	vram_bit_copy, ebx, edi, 0x04, ecx
    48 0000035D FF6683C410          <1>
    49                              <1> 
    50 00000362 6A01E807FDFFFF6683- <1> 		cdecl	vga_set_read_plane, 0x01		; 
    50 0000036B C404                <1>
    51 0000036D 6A02E815FDFFFF6683- <1> 		cdecl	vga_set_write_plane, 0x02		; 
    51 00000376 C404                <1>
    52 00000378 516A025753E873FDFF- <1> 		cdecl	vram_bit_copy, ebx, edi, 0x02, ecx
    52 00000381 FF6683C410          <1>
    53                              <1> 
    54 00000386 6A00E8E3FCFFFF6683- <1> 		cdecl	vga_set_read_plane, 0x00		; 
    54 0000038F C404                <1>
    55 00000391 6A01E8F1FCFFFF6683- <1> 		cdecl	vga_set_write_plane, 0x01		; 
    55 0000039A C404                <1>
    56 0000039C 516A015753E84FFDFF- <1> 		cdecl	vram_bit_copy, ebx, edi, 0x01, ecx
    56 000003A5 FF6683C410          <1>
    57                              <1> 
    58                              <1> 
    59 000003AA 5F                  <1> 		pop		edi
    60 000003AB 59                  <1> 		pop		ecx
    61 000003AC 5B                  <1> 		pop		ebx
    62 000003AD 58                  <1> 		pop		eax
    63                              <1> 
    64 000003AE 89EC                <1> 		mov		esp, ebp
    65 000003B0 5D                  <1> 		pop		ebp
    66                              <1> 
    67 000003B1 C3                  <1> 		ret
    68                              <1> 
    48                                  %include "../modules/protect/draw_line.s"
     1                              <1> draw_line:
     2                              <1> 
     3                              <1> 
     4 000003B2 55                  <1> 		push	ebp								
     5 000003B3 89E5                <1> 		mov		ebp, esp					
     6                              <1> 												; ---------------
     7 000003B5 6A00                <1> 		push	dword 0							;    - 4| sum   = 0; // 相对轴的积算值
     8 000003B7 6A00                <1> 		push	dword 0							;    - 8| x0    = 0; // X坐标
     9 000003B9 6A00                <1> 		push	dword 0							;    -12| dx    = 0; // X增加份
    10 000003BB 6A00                <1> 		push	dword 0							;    -16| inc_x = 0; // X坐标增加份(1 or -1)
    11 000003BD 6A00                <1> 		push	dword 0							;    -20| y0    = 0; // Y坐标
    12 000003BF 6A00                <1> 		push	dword 0							;    -24| dy    = 0; // Y增加份
    13 000003C1 6A00                <1> 		push	dword 0							;    -28| inc_y = 0; // Y坐标增加份(1 or -1)
    14                              <1> 												; ------|--------
    15 000003C3 50                  <1> 		push	eax
    16 000003C4 53                  <1> 		push	ebx
    17 000003C5 51                  <1> 		push	ecx
    18 000003C6 52                  <1> 		push	edx
    19 000003C7 56                  <1> 		push	esi
    20 000003C8 57                  <1> 		push	edi
    21                              <1> 
    22                              <1> 		;---------------------------------------
    23                              <1> 		; 计算宽(X轴)
    24                              <1> 		;---------------------------------------
    25 000003C9 8B4508              <1> 		mov		eax, [ebp + 8]					; EAX = X0;
    26 000003CC 8B5D10              <1> 		mov		ebx, [ebp +16]					; EBX = X1;
    27 000003CF 29C3                <1> 		sub		ebx, eax						; EBX = X1 - X0; //宽
    28 000003D1 7D09                <1> 		jge		.10F							; if (宽 < 0)
    29                              <1> 												; {
    30 000003D3 F7DB                <1> 		neg		ebx								;   宽   *= -1;
    31 000003D5 BEFFFFFFFF          <1> 		mov		esi, -1							;   // X坐标的增加份
    32 000003DA EB05                <1> 		jmp		.10E							; }
    33                              <1> .10F:											; else
    34                              <1> 												; {
    35 000003DC BE01000000          <1> 		mov		esi, 1							;   // X坐标的增加份
    36                              <1> .10E:											; }
    37                              <1> 
    38                              <1> 		;---------------------------------------
    39                              <1> 		; 计算高(Y轴)
    40                              <1> 		;---------------------------------------
    41 000003E1 8B4D0C              <1> 		mov		ecx, [ebp +12]					; ECX = Y0
    42 000003E4 8B5514              <1> 		mov		edx, [ebp +20]					; EDX = Y1
    43 000003E7 29CA                <1> 		sub		edx, ecx						; EDX = Y1 - Y0; // 高
    44 000003E9 7D09                <1> 		jge		.20F							; if (高 < 0)
    45                              <1> 												; {
    46 000003EB F7DA                <1> 		neg		edx								;   高 *= -1;
    47 000003ED BFFFFFFFFF          <1> 		mov		edi, -1							;   // Y坐标的增加份
    48 000003F2 EB05                <1> 		jmp		.20E							; }
    49                              <1> .20F:											; else
    50                              <1> 												; {
    51 000003F4 BF01000000          <1> 		mov		edi, 1							;   // Y坐标的增加份
    52                              <1> .20E:											; }
    53                              <1> 
    54                              <1> 		;---------------------------------------
    55                              <1> 		; X轴
    56                              <1> 		;---------------------------------------
    57 000003F9 8945F8              <1> 		mov		[ebp - 8], eax					;   // X轴:开始坐标
    58 000003FC 895DF4              <1> 		mov		[ebp -12], ebx					;   // X轴:宽
    59 000003FF 8975F0              <1> 		mov		[ebp -16], esi					;   // X轴:增加份(基准轴1 or -1)
    60                              <1> 
    61                              <1> 		;---------------------------------------
    62                              <1> 		; Y轴
    63                              <1> 		;---------------------------------------
    64 00000402 894DEC              <1> 		mov		[ebp -20], ecx					;   // Y轴:开始坐标
    65 00000405 8955E8              <1> 		mov		[ebp -24], edx					;   // Y轴:长
    66 00000408 897DE4              <1> 		mov		[ebp -28], edi					;   // Y轴:增加份(基准轴 1 or -1)
    67                              <1> 
    68                              <1> 		;---------------------------------------
    69                              <1> 		; 决定哪个是基准轴
    70                              <1> 		;---------------------------------------
    71 0000040B 39D3                <1> 		cmp		ebx, edx						; if (宽 <= 高)
    72 0000040D 7F08                <1> 		jg		.22F							; {
    73                              <1> 												;   
    74 0000040F 8D75EC              <1> 		lea		esi, [ebp -20]					;   // Y轴是基准轴
    75 00000412 8D7DF8              <1> 		lea		edi, [ebp - 8]					;   // X轴是相对轴
    76                              <1> 												;   
    77 00000415 EB06                <1> 		jmp		.22E							; }
    78                              <1> .22F:											; else
    79                              <1> 												; {
    80 00000417 8D75F8              <1> 		lea		esi, [ebp - 8]					;   // X轴是基准轴
    81 0000041A 8D7DEC              <1> 		lea		edi, [ebp -20]					;   // Y轴是相对轴
    82                              <1> .22E:											; }
    83                              <1> 
    84                              <1> 		;---------------------------------------
    85                              <1> 		; 循环执行次数(基准轴的点数)
    86                              <1> 		;---------------------------------------
    87 0000041D 8B4EFC              <1> 		mov		ecx, [esi - 4]					; ECX = 基准轴画面宽度;
    88 00000420 83F900              <1> 		cmp		ecx, 0							; if (0 == ECX)
    89 00000423 7505                <1> 		jnz		.30E							; {
    90 00000425 B901000000          <1> 		mov		ecx, 1							;   ECX = 1;
    91                              <1> .30E:											; }
    92                              <1> 
    93                              <1> 		;---------------------------------------
    94                              <1> 		; 划线
    95                              <1> 		;---------------------------------------
    96                              <1> .50L:											; do
    97                              <1> 												; {
    98 0000042A FF7518FF75ECFF75F8- <1> 		cdecl	draw_pixel, dword [ebp - 8],dword [ebp -20],dword [ebp +24]		; //画点
    98 00000433 E8B7FEFFFF6683C40C  <1>
    99                              <1> 
   100                              <1> 												;   // 基准轴更新(1个点)
   101 0000043C 8B46F8              <1> 		mov		eax, [esi - 8]					;   EAX = 基准轴增加份(1 or -1);
   102 0000043F 0106                <1> 		add		[esi - 0], eax					;   
   103                              <1> 
   104                              <1> 												;   // 相对轴更新
   105 00000441 8B45FC              <1> 		mov		eax, [ebp - 4]					;   EAX  = sum; // 相对轴的积算值;
   106 00000444 0347FC              <1> 		add		eax, [edi - 4]					;   EAX += dy;  // 增加的分(相对轴的积算值)
   107 00000447 8B5EFC              <1> 		mov		ebx, [esi - 4]					;   EBX  = dx;  // 增加的分(基准轴的画幅)
   108                              <1> 
   109 0000044A 39D8                <1> 		cmp		eax, ebx						;   if (积算值 <= 相对轴的增加份)
   110 0000044C 7C07                <1> 		jl		.52E							;   {
   111 0000044E 29D8                <1> 		sub		eax, ebx						;     EAX -= EBX; // 积算值减去相对轴的增加份
   112                              <1> 												;     
   113                              <1> 												;     // 相对值坐标更新(1个点)
   114 00000450 8B5FF8              <1> 		mov		ebx, [edi - 8]					;     EBX =  相对轴增加的分;
   115 00000453 011F                <1> 		add		[edi - 0], ebx					;		
   116                              <1> .52E:											;   }
   117 00000455 8945FC              <1> 		mov		[ebp - 4], eax					;   // 积算值更新
   118                              <1> 												;   
   119 00000458 E2D0                <1> 		loop	.50L							;   
   120                              <1> .50E:											; } while (迭代次数--);
   121                              <1> 
   122                              <1> 
   123 0000045A 5F                  <1> 		pop		edi
   124 0000045B 5E                  <1> 		pop		esi
   125 0000045C 5A                  <1> 		pop		edx
   126 0000045D 59                  <1> 		pop		ecx
   127 0000045E 5B                  <1> 		pop		ebx
   128 0000045F 58                  <1> 		pop		eax
   129                              <1> 
   130 00000460 89EC                <1> 		mov		esp, ebp
   131 00000462 5D                  <1> 		pop		ebp
   132                              <1> 
   133 00000463 C3                  <1> 		ret
   134                              <1> 
    49                                  %include "../modules/protect/draw_rect.s"
     1                              <1> draw_rect:
     2                              <1> 
     3 00000464 55                  <1> 		push	ebp								
     4 00000465 89E5                <1> 		mov		ebp, esp						
     5                              <1> 
     6 00000467 50                  <1> 		push		eax
     7 00000468 53                  <1> 		push		ebx
     8 00000469 51                  <1> 		push		ecx
     9 0000046A 52                  <1> 		push		edx
    10 0000046B 56                  <1> 		push		esi
    11                              <1> 
    12                              <1> 		;---------------------------------------
    13                              <1> 		; 获取参数
    14                              <1> 		;---------------------------------------
    15 0000046C 8B4508              <1> 		mov		eax, [ebp + 8]					; EAX = X0;
    16 0000046F 8B5D0C              <1> 		mov		ebx, [ebp +12]					; EBX = Y0;
    17 00000472 8B4D10              <1> 		mov		ecx, [ebp +16]					; ECX = X1;
    18 00000475 8B5514              <1> 		mov		edx, [ebp +20]					; EDX = Y1;
    19 00000478 8B7518              <1> 		mov		esi, [ebp +24]					; ESI = 颜色;
    20                              <1> 
    21                              <1> 		;---------------------------------------
    22                              <1> 		; 确定坐标的大小
    23                              <1> 		;---------------------------------------
    24 0000047B 39C8                <1> 		cmp		eax, ecx						; if (X1 < X0)
    25 0000047D 7C01                <1> 		jl		.10E							; {
    26 0000047F 91                  <1> 		xchg	eax, ecx						;   交换X0和X1
    27                              <1> .10E:											; }
    28                              <1> 
    29 00000480 39D3                <1> 		cmp		ebx, edx						; if (Y1 < Y0)
    30 00000482 7C02                <1> 		jl		.20E							; {
    31 00000484 87DA                <1> 		xchg	ebx, edx						;   交换Y0和Y1
    32                              <1> .20E:											; }
    33                              <1> 
    34                              <1> 		;---------------------------------------
    35                              <1> 		; 画矩形
    36                              <1> 		;---------------------------------------
    37 00000486 5653515350E822FFFF- <1> 		cdecl	draw_line, eax, ebx, ecx, ebx, esi	; 上线
    37 0000048F FF6683C414          <1>
    38 00000494 5652505350E814FFFF- <1> 		cdecl	draw_line, eax, ebx, eax, edx, esi	; 左线
    38 0000049D FF6683C414          <1>
    39                              <1> 
    40 000004A2 4A                  <1> 		dec		edx									; EDX--; // 下线往上挪一个点
    41 000004A3 5652515250E805FFFF- <1> 		cdecl	draw_line, eax, edx, ecx, edx, esi	; 下线
    41 000004AC FF6683C414          <1>
    42 000004B1 42                  <1> 		inc		edx
    43                              <1> 
    44 000004B2 49                  <1> 		dec		ecx									; ECX--; // 右线向左挪一个点
    45 000004B3 5652515351E8F5FEFF- <1> 		cdecl	draw_line, ecx, ebx, ecx, edx, esi	; 右线
    45 000004BC FF6683C414          <1>
    46                              <1> 
    47                              <1> 
    48 000004C1 5E                  <1> 		pop		esi
    49 000004C2 5A                  <1> 		pop		edx
    50 000004C3 59                  <1> 		pop		ecx
    51 000004C4 5B                  <1> 		pop		ebx
    52 000004C5 58                  <1> 		pop		eax
    53                              <1> 
    54 000004C6 89EC                <1> 		mov		esp, ebp
    55 000004C8 5D                  <1> 		pop		ebp
    56                              <1> 
    57 000004C9 C3                  <1> 		ret
    58                              <1> 
    50                                  %include "../modules/protect/itoa.s"
     1                              <1> 
     2                              <1> itoa:
     3                              <1> 
     4 000004CA 55                  <1> 		push	ebp								
     5 000004CB 89E5                <1> 		mov		ebp, esp					
     6                              <1> 
     7 000004CD 50                  <1> 		push	eax
     8 000004CE 53                  <1> 		push	ebx
     9 000004CF 51                  <1> 		push	ecx
    10 000004D0 52                  <1> 		push	edx
    11 000004D1 56                  <1> 		push	esi
    12 000004D2 57                  <1> 		push	edi
    13                              <1> 
    14                              <1> 		;---------------------------------------
    15                              <1> 		; 获取参数
    16                              <1> 		;---------------------------------------
    17 000004D3 8B4508              <1> 		mov		eax, [ebp + 8]					; val  = 数值;
    18 000004D6 8B750C              <1> 		mov		esi, [ebp +12]					; dst  = buffer address;
    19 000004D9 8B4D10              <1> 		mov		ecx, [ebp +16]					; size = 剩下的buffer address;
    20                              <1> 
    21 000004DC 89F7                <1> 		mov		edi, esi						; // buffer的末尾
    22 000004DE 01CF                <1> 		add		edi, ecx						; dst  = &dst[size - 1];
    23 000004E0 4F                  <1> 		dec		edi								; 
    24                              <1> 
    25 000004E1 8B5D18              <1> 		mov		ebx, [ebp +24]					; flags = option;
    26                              <1> 
    27                              <1> 		;---------------------------------------
    28                              <1> 		; 判定是否有符号
    29                              <1> 		;---------------------------------------
    30 000004E4 F7C301000000        <1> 		test	ebx, 0b0001						; if (flags & 0x01)// 有符号
    31 000004EA 7408                <1> .10Q:	je		.10E							; {
    32 000004EC 83F800              <1> 		cmp		eax, 0							;   if (val < 0)
    33 000004EF 7D03                <1> .12Q:	jge		.12E							;   {
    34 000004F1 83CB02              <1> 		or		ebx, 0b0010						;     flags |=  2; // 表示符号
    35                              <1> .12E:											;   }
    36                              <1> .10E:											; }
    37                              <1> 
    38                              <1> 		;---------------------------------------
    39                              <1> 		; 符号输出判定
    40                              <1> 		;---------------------------------------
    41 000004F4 F7C302000000        <1> 		test	ebx, 0b0010						; if (flags & 0x02)// 符号输出判定
    42 000004FA 7410                <1> .20Q:	je		.20E							; {
    43 000004FC 83F800              <1> 		cmp		eax, 0							;   if (val < 0)
    44 000004FF 7D07                <1> .22Q:	jge		.22F							;   {
    45 00000501 F7D8                <1> 		neg		eax								;     val *= -1;   // 变成正数
    46 00000503 C6062D              <1> 		mov		[esi], byte '-'					;     *dst = '-';  // 打印负号
    47 00000506 EB03                <1> 		jmp		.22E							;   }
    48                              <1> .22F:											;   else
    49                              <1> 												;   {
    50 00000508 C6062B              <1> 		mov		[esi], byte '+'					;     *dst = '+';  // 正号
    51                              <1> .22E:											;   }
    52 0000050B 49                  <1> 		dec		ecx								;   size--;        // 剩下的buffer_size-1
    53                              <1> .20E:											; }
    54                              <1> 
    55                              <1> 		;---------------------------------------
    56                              <1> 		; ASCII变换
    57                              <1> 		;---------------------------------------
    58 0000050C 8B5D14              <1> 		mov		ebx, [ebp +20]					; BX = 基数
    59                              <1> .30L:											; do
    60                              <1> 												; {
    61 0000050F BA00000000          <1> 		mov		edx, 0							;   
    62 00000514 F7F3                <1> 		div		ebx								;   DX = DX:AX % 基数;
    63                              <1> 												;   AX = DX:AX / 基数;
    64                              <1> 												;   
    65 00000516 89D6                <1> 		mov		esi, edx						;   // 查表
    66 00000518 8A96[43050000]      <1> 		mov		dl, byte [.ascii + esi]			;   DL = ASCII[DX];
    67                              <1> 												;   
    68 0000051E 8817                <1> 		mov		[edi], dl						;   *dst = DL;
    69 00000520 4F                  <1> 		dec		edi								;   dst--;
    70                              <1> 												;   
    71 00000521 83F800              <1> 		cmp		eax, 0							;   
    72 00000524 E0E9                <1> 		loopnz	.30L							; } while (AX);
    73                              <1> .30E:
    74                              <1> 
    75                              <1> 		;---------------------------------------
    76                              <1> 		; 空栏填充
    77                              <1> 		;---------------------------------------
    78 00000526 83F900              <1> 		cmp		ecx, 0							; if (size)
    79 00000529 740E                <1> .40Q:	je		.40E							; {
    80 0000052B B020                <1> 		mov		al, ' '							;   AL = ' ';  // ' '填充()默认值
    81 0000052D 66837D1804          <1> 		cmp		[ebp +24], word 0b0100			;   if (flags & 0x04)
    82 00000532 7502                <1> .42Q:	jne		.42E							;   {
    83 00000534 B030                <1> 		mov		al, '0'							;     AL = '0'; // '0'填充
    84                              <1> .42E:											;   }
    85 00000536 FD                  <1> 		std										;   // DF = 1(-方向)
    86 00000537 F3AA                <1> 		rep stosb								;   while (--CX) *DI-- = ' ';
    87                              <1> .40E:											; }
    88                              <1> 
    89                              <1> 
    90 00000539 5F                  <1> 		pop		edi
    91 0000053A 5E                  <1> 		pop		esi
    92 0000053B 5A                  <1> 		pop		edx
    93 0000053C 59                  <1> 		pop		ecx
    94 0000053D 5B                  <1> 		pop		ebx
    95 0000053E 58                  <1> 		pop		eax
    96                              <1> 
    97                              <1> 
    98 0000053F 89EC                <1> 		mov		esp, ebp
    99 00000541 5D                  <1> 		pop		ebp
   100                              <1> 
   101 00000542 C3                  <1> 		ret
   102                              <1> 
   103 00000543 303132333435363738- <1> .ascii	db		"0123456789ABCDEF"				; 变换表
   103 0000054C 39414243444546      <1>
   104                              <1> 
    51                                  %include "../modules/protect/rtc.s"
     1                              <1> rtc_get_time:
     2 00000553 55                  <1> 		push	ebp								
     3 00000554 89E5                <1> 		mov		ebp, esp
     4                              <1> 										
     5 00000556 53                  <1> 		push	ebx
     6                              <1> 
     7                              <1> 		;---------------------------------------
     8                              <1> 		; RTC时间信息获得
     9                              <1> 		;---------------------------------------
    10 00000557 B00A                <1> 		mov		al, 0x0A						; // 寄存器A
    11 00000559 E670                <1> 		out		0x70, al						; outp(0x70, AL);
    12 0000055B E471                <1> 		in		al, 0x71						; AL = 寄存器A;
    13 0000055D A880                <1> 		test	al, 0x80						; if (DM & UIP) // 更新中
    14 0000055F 7407                <1> 		je		.10F							; {
    15 00000561 B801000000          <1> 		mov		eax, 1							;   ret = 1; // 数据更新中
    16 00000566 EB27                <1> 		jmp		.10E							; }
    17                              <1> .10F:											; else
    18                              <1> 												; {
    19                              <1> 												;   // RAM[0x04]:时
    20 00000568 B004                <1> 		mov		al, 0x04						;   AL = 0x04;
    21 0000056A E670                <1> 		out		0x70, al						;   outp(0x70, AL);
    22 0000056C E471                <1> 		in		al, 0x71						;   AL = inp(0x71); // 时data
    23                              <1> 												;   
    24 0000056E C1E008              <1> 		shl		eax, 8							;   EAX <<= 8;      // bit移位
    25                              <1> 												;   
    26                              <1> 												;   // RAM[0x02]:分
    27 00000571 B002                <1> 		mov		al, 0x02						;   AL = 0x02;
    28 00000573 E670                <1> 		out		0x70, al						;   outp(0x70, AL);
    29 00000575 E471                <1> 		in		al, 0x71						;   AL = inp(0x71); // 分data
    30                              <1> 												;   
    31 00000577 C1E008              <1> 		shl		eax, 8							;   EAX <<= 8;      // bit移位
    32                              <1> 												;   
    33                              <1> 												;   // RAM[0x00]:秒
    34 0000057A B000                <1> 		mov		al, 0x00						;   AL = 0x00;
    35 0000057C E670                <1> 		out		0x70, al						;   outp(0x70, AL);
    36 0000057E E471                <1> 		in		al, 0x71						;   AL = inp(0x71); //秒data
    37                              <1> 												;   
    38 00000580 25FFFFFF00          <1> 		and		eax, 0x00_FF_FF_FF				;   // 只有低位的3byte有效
    39                              <1> 												;   
    40 00000585 8B5D08              <1> 		mov		ebx, [ebp + 8]					;   ebx = 保存地址;
    41 00000588 8903                <1> 		mov		[ebx], eax						;   [dst] = 时间;
    42                              <1> 												;   
    43 0000058A B800000000          <1> 		mov		eax, 0							;   ret = 0; // 正常
    44                              <1> .10E:											; }
    45                              <1> 
    46 0000058F 5B                  <1> 		pop		ebx
    47                              <1> 
    48 00000590 89EC                <1> 		mov		esp, ebp
    49 00000592 5D                  <1> 		pop		ebp
    50                              <1> 
    51 00000593 C3                  <1> 		ret
    52                              <1> 
    52                                  %include "../modules/protect/draw_time.s"
     1                              <1> draw_time:
     2 00000594 55                  <1> 		push	ebp	
     3 00000595 89E5                <1> 		mov		ebp, esp
     4                              <1> 											
     5                              <1> 
     6 00000597 50                  <1> 		push	eax
     7 00000598 53                  <1> 		push	ebx
     8                              <1> 
     9                              <1> 		;---------------------------------------
    10                              <1> 		; 获取时间数据
    11                              <1> 		;---------------------------------------
    12 00000599 8B4514              <1> 	    mov		eax, [ebp +20]					; EAX = 时间数据;
    13 0000059C 3B05[1A060000]      <1> 		cmp		eax, [.last]					; if (崱夞 != 慜夞)
    14 000005A2 7467                <1> 		je		.10E							; {
    15                              <1> 												;   
    16 000005A4 A3[1A060000]        <1> 		mov		[.last], eax					;   // 慜夞偺帪崗抣傪峏怴
    17                              <1> 
    18 000005A9 BB00000000          <1> 		mov		ebx, 0							;   EBX = 0;
    19 000005AE 88C3                <1> 		mov		bl, al							;   EBX = 秒;
    20 000005B0 6A046A106A0268-     <1> 		cdecl	itoa, ebx, .sec, 2, 16, 0b0100	;   //转换成字符串
    20 000005B7 [28060000]53E809FF- <1>
    20 000005BF FFFF6683C414        <1>
    21                              <1> 
    22 000005C5 88E3                <1> 		mov		bl, ah							;   EBX = 分;
    23 000005C7 6A046A106A0268-     <1> 		cdecl	itoa, ebx, .min, 2, 16, 0b0100	;   // 转换成字符串
    23 000005CE [25060000]53E8F2FE- <1>
    23 000005D6 FFFF6683C414        <1>
    24                              <1> 
    25 000005DC C1E810              <1> 		shr		eax, 16							;   EBX = 时;
    26 000005DF 6A046A106A0268-     <1> 		cdecl	itoa, eax, .hour, 2, 16, 0b0100	;   // 转换成字符串
    26 000005E6 [22060000]50E8DAFE- <1>
    26 000005EE FFFF6683C414        <1>
    27                              <1> 
    28                              <1> 												;   // 输出时间
    29 000005F4 68[22060000]FF7510- <1> 		cdecl	draw_str, dword [ebp + 8], dword [ebp +12], dword [ebp +16], .hour
    29 000005FC FF750CFF7508E825FC- <1>
    29 00000605 FFFF6683C410        <1>
    30                              <1> 												;     
    31                              <1> 												;   }
    32                              <1> .10E:											; }
    33                              <1> 
    34 0000060B 5B                  <1> 		pop		ebx
    35 0000060C 58                  <1> 		pop		eax
    36                              <1> 
    37 0000060D 89EC                <1> 		mov		esp, ebp
    38 0000060F 5D                  <1> 		pop		ebp
    39                              <1> 
    40 00000610 C3                  <1> 		ret
    41                              <1> 
    42 00000611 00                  <1> ALIGN 2, db 0
    43 00000612 0000000000000000    <1> .temp:	dq	0
    44 0000061A 0000000000000000    <1> .last:	dq	0
    45 00000622 5A5A3A              <1> .hour:	db	"ZZ:"
    46 00000625 5A5A3A              <1> .min:	db	"ZZ:"
    47 00000628 5A5A00              <1> .sec:	db	"ZZ", 0
    48                              <1> 
    53                                  
    54                                  ;********************
    55                                  ;padding
    56                                  ;********************
    57 0000062B 00<rept>                	times KERNEL_SIZE -($-$$) db 0;
