     1                                  %include "../include/define.s"
     1                              <1> BOOT_LOAD equ 0x7C00      ;//boot程序加载地址
     2                              <1> BOOT_SIZE equ (1024 * 8)  ;//boot代码段大小
     3                              <1> BOOT_END  equ (BOOT_LOAD + BOOT_SIZE) ;
     4                              <1> 
     5                              <1> SECT_SIZE equ (512)       ;//sector大小
     6                              <1> BOOT_SECT equ (BOOT_SIZE / SECT_SIZE)   ;//boot的sector数
     7                              <1> 
     8                              <1> E820_RECORD_SIZE equ 20
     9                              <1> 
    10                              <1> KERNEL_LOAD equ 0x0010_1000
    11                              <1> KERNEL_SIZE equ (1024*8) ;//kernel的大小仍然是8k
    12                              <1> KERNEL_SECT equ (KERNEL_SIZE / SECT_SIZE)
     2                                  %include "../include/macro.s"
     1                              <1> %macro cdecl 1-*.nolist  ;//1-*是一个以上的参数
     2                              <1> 
     3                              <1> 	%rep %0 - 1         ;//%0是参数的个数
     4                              <1> 		push %{-1:-1}  ;//%将参数倒着压栈
     5                              <1> 		%rotate -1   
     6                              <1> 	%endrep
     7                              <1> 	%rotate -1      ;//恢复原来的参数
     8                              <1> 
     9                              <1> 	call %1
    10                              <1> 	%if 1 < %0
    11                              <1> 		add sp,(__BITS__ >> 3)*(%0 - 1)     ;//__BITS__是表示16比特模式还是32比特模式
    12                              <1> 	%endif									;//给每个参数分配栈空间
    13                              <1> %endmacro
    14                              <1> 
    15                              <1> struc drive
    16 00000000 <res 00000002>      <1> 	.no resw 1	 ;驱动号
    17 00000002 <res 00000002>      <1> 	.cyln resw 1 ;cylinder
    18 00000004 <res 00000002>      <1> 	.head resw 1 ;head
    19 00000006 <res 00000002>      <1> 	.sect resw 1 ;sector
    20                              <1> endstruc
    21                              <1> 
     3                                  	
     4                                  	ORG KERNEL_LOAD
     5                                  
     6                                  [BITS 32]
     7                                  ;*******************
     8                                  ;entry  point
     9                                  ;*******************
    10                                  kernel:
    11                                  	;----------------------
    12                                  	;获取font address
    13                                  	;----------------------
    14 00000000 BE007E0000              	mov esi,BOOT_LOAD + SECT_SIZE ;ESI = 0x7C00 + 512
    15 00000005 0FB706                  	movzx eax,word[esi + 0]				;//eax = segment
    16 00000008 0FB75E02                	movzx ebx,word[esi + 2]				;//ebx = offset
    17 0000000C C1E004                  	shl eax,4
    18 0000000F 01D8                    	add eax,ebx
    19 00000011 A3[84010000]            	mov [FONT_ADR],eax					;FONT_ADR[0] = eax
    20                                  
    21                                  	;------------------------------
    22                                  	;打印线
    23                                  	;------------------------------
    24 00000016 6A0F6A006A006A646A-     	cdecl	draw_line, 100, 100,   0,   0, 0x0F
    24 0000001F 64E8A50400006683C4-
    24 00000028 14                 
    25 00000029 6A0F6A0068C8000000-     	cdecl	draw_line, 100, 100, 200,   0, 0x0F
    25 00000032 6A646A64E88F040000-
    25 0000003B 6683C414           
    26 0000003F 6A0F68C800000068C8-     	cdecl	draw_line, 100, 100, 200, 200, 0x0F
    26 00000048 0000006A646A64E876-
    26 00000051 0400006683C414     
    27 00000058 6A0F68C80000006A00-     	cdecl	draw_line, 100, 100,   0, 200, 0x0F
    27 00000061 6A646A64E860040000-
    27 0000006A 6683C414           
    28                                  
    29 0000006E 6A026A006A326A646A-     	cdecl	draw_line, 100, 100,  50,   0, 0x02
    29 00000077 64E84D0400006683C4-
    29 00000080 14                 
    30 00000081 6A036A006896000000-     	cdecl	draw_line, 100, 100, 150,   0, 0x03
    30 0000008A 6A646A64E837040000-
    30 00000093 6683C414           
    31 00000097 6A0468C80000006896-     	cdecl	draw_line, 100, 100, 150, 200, 0x04
    31 000000A0 0000006A646A64E81E-
    31 000000A9 0400006683C414     
    32 000000B0 6A0568C80000006A32-     	cdecl	draw_line, 100, 100,  50, 200, 0x05
    32 000000B9 6A646A64E808040000-
    32 000000C2 6683C414           
    33                                  
    34 000000C6 6A026A326A006A646A-     	cdecl	draw_line, 100, 100,   0,  50, 0x02
    34 000000CF 64E8F50300006683C4-
    34 000000D8 14                 
    35 000000D9 6A036A3268C8000000-     	cdecl	draw_line, 100, 100, 200,  50, 0x03
    35 000000E2 6A646A64E8DF030000-
    35 000000EB 6683C414           
    36 000000EF 6A04689600000068C8-     	cdecl	draw_line, 100, 100, 200, 150, 0x04
    36 000000F8 0000006A646A64E8C6-
    36 00000101 0300006683C414     
    37 00000108 6A0568960000006A00-     	cdecl	draw_line, 100, 100,   0, 150, 0x05
    37 00000111 6A646A64E8B0030000-
    37 0000011A 6683C414           
    38                                  
    39 0000011E 6A0F6A006A646A646A-     	cdecl	draw_line, 100, 100, 100,   0, 0x0F
    39 00000127 64E89D0300006683C4-
    39 00000130 14                 
    40 00000131 6A0F6A6468C8000000-     	cdecl	draw_line, 100, 100, 200, 100, 0x0F
    40 0000013A 6A646A64E887030000-
    40 00000143 6683C414           
    41 00000147 6A0F68C80000006A64-     	cdecl	draw_line, 100, 100, 100, 200, 0x0F
    41 00000150 6A646A64E871030000-
    41 00000159 6683C414           
    42 0000015D 6A0F6A646A006A646A-     	cdecl	draw_line, 100, 100,   0, 100, 0x0F
    42 00000166 64E85E0300006683C4-
    42 0000016F 14                 
    43                                  
    44                                  
    45 00000170 EBFE                    	jmp $
    46 00000172 48656C6C6F2C206B65-     .s0 db "Hello, kernel!",0
    46 0000017B 726E656C2100       
    47                                  
    48 00000181 00<rept>                ALIGN 4,db 0
    49 00000184 00000000                FONT_ADR: dd 0
    50                                  
    51                                  
    52                                  ;*************************
    53                                  ;model
    54                                  ;*************************
    55                                  %include "../modules/protect/vga.s"
     1                              <1> vga_set_read_plane:
     2                              <1> 	
     3 00000188 55                  <1> 		push	ebp	
     4 00000189 89E5                <1> 		mov		ebp, esp						
     5                              <1> 
     6 0000018B 50                  <1> 		push	eax
     7 0000018C 52                  <1> 		push	edx
     8                              <1> 
     9                              <1> 		;---------------------------------------
    10                              <1> 		;选择读取的plane
    11                              <1> 		;---------------------------------------
    12 0000018D 8A6508              <1> 		mov		ah, [ebp + 8]					; AH  = 指定读取的palne(----RGB)
    13 00000190 80E403              <1> 		and		ah, 0x03						; AH &= 0x03; // mask掉不要的bit
    14 00000193 B004                <1> 		mov		al, 0x04						; AL  = 读取map选择寄存器
    15 00000195 66BACE03            <1> 		mov		dx, 0x03CE						; DX  = 图像控制端口
    16 00000199 66EF                <1> 		out		dx, ax							; // 端口输出
    17                              <1> 
    18 0000019B 5A                  <1> 		pop		edx
    19 0000019C 58                  <1> 		pop		eax
    20 0000019D 89EC                <1> 		mov		esp, ebp
    21 0000019F 5D                  <1> 		pop		ebp
    22                              <1> 
    23 000001A0 C3                  <1> 		ret
    24                              <1> 
    25                              <1> vga_set_write_plane:
    26                              <1> 											
    27 000001A1 55                  <1> 		push	ebp								
    28 000001A2 89E5                <1> 		mov		ebp, esp						
    29                              <1> 											
    30 000001A4 50                  <1> 		push	eax
    31 000001A5 52                  <1> 		push	edx
    32                              <1> 
    33                              <1> 		;---------------------------------------
    34                              <1> 		; 选择写入的plane
    35                              <1> 		;---------------------------------------
    36 000001A6 8A6508              <1> 		mov		ah, [ebp + 8]					; AH = 指定写入的plane(Bit:----IRGB)
    37 000001A9 80E40F              <1> 		and		ah, 0x0F						; AH = 0x0F; // mask掉不需要的比特
    38 000001AC B002                <1> 		mov		al, 0x02						; AL = 指定写入plane
    39 000001AE 66BAC403            <1> 		mov		dx, 0x03C4						; DX = sequence控制端口
    40 000001B2 66EF                <1> 		out		dx, ax							; // 端口输出
    41                              <1> 
    42                              <1> 
    43 000001B4 5A                  <1> 		pop		edx
    44 000001B5 58                  <1> 		pop		eax
    45                              <1> 
    46 000001B6 89EC                <1> 		mov		esp, ebp
    47 000001B8 5D                  <1> 		pop		ebp
    48                              <1> 
    49 000001B9 C3                  <1> 		ret
    50                              <1> 
    51                              <1> ;
    52                              <1> vram_font_copy:
    53                              <1> 
    54                              <1> 
    55 000001BA 55                  <1> 		push	ebp							
    56 000001BB 89E5                <1> 		mov		ebp, esp						
    57                              <1> 
    58 000001BD 50                  <1> 		push	eax
    59 000001BE 53                  <1> 		push	ebx
    60 000001BF 51                  <1> 		push	ecx
    61 000001C0 52                  <1> 		push	edx
    62 000001C1 56                  <1> 		push	esi
    63 000001C2 57                  <1> 		push	edi
    64                              <1> 
    65                              <1> 		;---------------------------------------
    66                              <1> 		; 获取参数
    67                              <1> 		;---------------------------------------
    68 000001C3 8B7508              <1> 		mov		esi, [ebp + 8]					; ESI = font地址
    69 000001C6 8B7D0C              <1> 		mov		edi, [ebp +12]					; EDI = VRAM地址;
    70 000001C9 0FB64510            <1> 		movzx	eax, byte [ebp +16]				; EAX = plane(用比特指定);
    71 000001CD 0FB75D14            <1> 		movzx	ebx, word [ebp +20]				; EBX = 颜色;
    72                              <1> 
    73                              <1> 		;//背景色或者前景色包含plane的时候设置为0xff,不包含的时候设置为0x00
    74                              <1> 
    75 000001D1 84C7                <1> 		test	bh, al							; ZF = (背景色 & plane);
    76 000001D3 0F94C6              <1> 		setz	dh								; AH = ZF ? 0x01 : 0x00
    77 000001D6 FECE                <1> 		dec		dh								; AH--; // 0x00 or 0xFF
    78                              <1> 
    79 000001D8 84C3                <1> 		test	bl, al							; ZF = (前景色 & plane);
    80 000001DA 0F94C2              <1> 		setz	dl								; AL = ZF ? 0x01 : 0x00
    81 000001DD FECA                <1> 		dec		dl								; AL--; // 0x00 or 0xFF
    82                              <1> 
    83                              <1> 		;---------------------------------------
    84                              <1> 		; 复制16个点的font
    85                              <1> 		;---------------------------------------
    86 000001DF FC                  <1> 		cld										; DF  = 0; 
    87                              <1> 
    88 000001E0 B910000000          <1> 		mov		ecx, 16							; ECX = 16; // 16个点
    89                              <1> .10L:											; do
    90                              <1> 												; {
    91                              <1> 		;---------------------------------------
    92                              <1> 		; 生成font_mask
    93                              <1> 		;---------------------------------------
    94 000001E5 AC                  <1> 		lodsb									;   AL  = *ESI++; //  font
    95 000001E6 88C4                <1> 		mov		ah, al							;   AH ~= AL;     // !font(比特反转)
    96 000001E8 F6D4                <1> 		not		ah								;   
    97                              <1> 
    98                              <1> 		;---------------------------------------
    99                              <1> 		; 前景色
   100                              <1> 		;---------------------------------------
   101 000001EA 20D0                <1> 		and		al, dl							;   AL =前景色 & font;
   102                              <1> 
   103                              <1> 		;---------------------------------------
   104                              <1> 		; 背景色
   105                              <1> 		;---------------------------------------
   106 000001EC F7C310000000        <1> 		test	ebx, 0x0010						;   if (透明模式)
   107 000001F2 7404                <1> 		jz		.11F							;   {
   108 000001F4 2227                <1> 		and		ah, [edi]						;     AH = !font & [EDI] // 现在值
   109 000001F6 EB02                <1> 		jmp		.11E							;   }
   110                              <1> .11F:											;   else
   111                              <1> 												;   {
   112 000001F8 20F4                <1> 		and		ah, dh							;     AH = !font & 背景色;
   113                              <1> .11E:											;   }
   114                              <1> 
   115                              <1> 		;---------------------------------------
   116                              <1> 		; 前景色和背景色的合成
   117                              <1> 		;---------------------------------------
   118 000001FA 08E0                <1> 		or		al, ah							;   AL  = 前景 | 背景;
   119                              <1> 
   120                              <1> 		;---------------------------------------
   121                              <1> 		; 输出新的值
   122                              <1> 		;---------------------------------------
   123 000001FC 8807                <1> 		mov		[edi], al						;   [EDI] = AL; // 写入plane
   124                              <1> 
   125 000001FE 83C750              <1> 		add		edi, 80							;   EDI += 80;(font是30x80)
   126 00000201 E2E2                <1> 		loop	.10L							; } while (--ECX);
   127                              <1> .10E:											; 
   128 00000203 5F                  <1> 		pop		edi
   129 00000204 5E                  <1> 		pop		esi
   130 00000205 5A                  <1> 		pop		edx
   131 00000206 59                  <1> 		pop		ecx
   132 00000207 5B                  <1> 		pop		ebx
   133 00000208 58                  <1> 		pop		eax
   134                              <1> 
   135 00000209 89EC                <1> 		mov		esp, ebp
   136 0000020B 5D                  <1> 		pop		ebp
   137                              <1> 
   138 0000020C C3                  <1> 		ret
   139                              <1> 
   140                              <1> vram_bit_copy:
   141                              <1> 
   142 0000020D 55                  <1> 		push	ebp							
   143 0000020E 89E5                <1> 		mov		ebp, esp						
   144                              <1> 												
   145 00000210 50                  <1> 		push	eax
   146 00000211 53                  <1> 		push	ebx
   147 00000212 57                  <1> 		push	edi
   148                              <1> 
   149                              <1> 		;---------------------------------------
   150                              <1> 		; 获取参数
   151                              <1> 		;---------------------------------------
   152 00000213 8B7D0C              <1> 		mov		edi, [ebp +12]					; EDI = VRAM地址
   153 00000216 0FB64510            <1> 		movzx	eax, byte [ebp +16]				; EAX = palne(bit);
   154 0000021A 0FB75D14            <1> 		movzx	ebx, word [ebp +20]				; EBX = 表示颜色;
   155                              <1> 
   156 0000021E 84C3                <1> 		test	bl, al							; ZF = (前景色 & plane);
   157 00000220 0F94C3              <1> 		setz	bl								; BL = ZF ? 0x01 : 0x00
   158 00000223 FECB                <1> 		dec		bl								; BL--; // 0x00 or 0xFF
   159                              <1> 
   160                              <1> 		;---------------------------------------
   161                              <1> 		; 输出比特模式的反
   162                              <1> 		;---------------------------------------
   163 00000225 8A4508              <1> 		mov		al, [ebp + 8]					; AL = 输出比特模式
   164 00000228 88C4                <1> 		mov		ah, al							; AH ~= AL;     // ! 输出比特模式
   165 0000022A F6D4                <1> 		not		ah								; 
   166                              <1> 
   167                              <1> 		;---------------------------------------
   168                              <1> 		; 生成输入的值
   169                              <1> 		;---------------------------------------
   170 0000022C 2227                <1> 		and		ah, [edi]						; AH  =  ! 输出比特模式 & 现在值
   171 0000022E 20D8                <1> 		and		al, bl							; AL  = 输出比特模式 &  表示色
   172 00000230 08E0                <1> 		or		al, ah							; AL |= AH;
   173                              <1> 
   174                              <1> 		;---------------------------------------
   175                              <1> 		; 数据写入
   176                              <1> 		;---------------------------------------
   177 00000232 8807                <1> 		mov		[edi], al						; [EDI] = BL; // 写入palne
   178                              <1> 
   179                              <1> 
   180 00000234 5F                  <1> 		pop		edi
   181 00000235 5B                  <1> 		pop		ebx
   182 00000236 58                  <1> 		pop		eax
   183                              <1> 
   184 00000237 89EC                <1> 		mov		esp, ebp
   185 00000239 5D                  <1> 		pop		ebp
   186                              <1> 
   187 0000023A C3                  <1> 		ret
   188                              <1> 
    56                                  %include "../modules/protect/draw_char.s"
     1                              <1> draw_char:
     2                              <1> 
     3 0000023B 55                  <1> 		push	ebp			
     4 0000023C 89E5                <1> 		mov		ebp, esp	
     5                              <1> 											
     6                              <1> 
     7 0000023E 50                  <1> 		push	eax
     8 0000023F 53                  <1> 		push	ebx
     9 00000240 51                  <1> 		push	ecx
    10 00000241 52                  <1> 		push	edx
    11 00000242 56                  <1> 		push	esi
    12 00000243 57                  <1> 		push	edi
    13                              <1> 
    14                              <1> 		;---------------------------------------
    15                              <1> 		; 取得参数
    16                              <1> 		;---------------------------------------
    17 00000244 0FB67514            <1> 		movzx	esi, byte [ebp +20]				; ESI  = 字符码
    18 00000248 C1E604              <1> 		shl		esi, 4							; CL *= 16; // 1字符16byte
    19 0000024B 0335[84010000]      <1> 		add		esi, [FONT_ADR]					; ESI = font地址;
    20                              <1> 
    21                              <1> 		;---------------------------------------
    22                              <1> 		; 取得复制目的地的地址
    23                              <1> 		; Adr = 0xA0000 + (640 / 8 * 16) * y + x
    24                              <1> 		;---------------------------------------
    25 00000251 8B7D0C              <1> 		mov		edi, [ebp +12]					; Y(行)
    26 00000254 C1E708              <1> 		shl		edi, 8							; EDI = Y * 256;
    27 00000257 8DBCBF00000A00      <1> 		lea		edi, [edi * 4 + edi + 0xA0000]	; EDI = Y *   4 + Y;
    28 0000025E 037D08              <1> 		add		edi, [ebp + 8]					; X(列)
    29                              <1> 
    30                              <1> 		;---------------------------------------
    31                              <1> 		; 输出一字符的font
    32                              <1> 		;---------------------------------------
    33 00000261 0FB75D10            <1> 		movzx	ebx, word [ebp +16]				; // 颜色
    34                              <1> 
    35 00000265 6A03E81CFFFFFF6683- <1> 		cdecl	vga_set_read_plane, 0x03		; // 写入plane(亮度:I)
    35 0000026E C404                <1>
    36 00000270 6A08E82AFFFFFF6683- <1> 		cdecl	vga_set_write_plane, 0x08		; // 输出plane(亮度:I)
    36 00000279 C404                <1>
    37 0000027B 536A085756E835FFFF- <1> 		cdecl	vram_font_copy, esi, edi, 0x08, ebx
    37 00000284 FF6683C410          <1>
    38                              <1> 
    39 00000289 6A02E8F8FEFFFF6683- <1> 		cdecl	vga_set_read_plane, 0x02		; //写入plane(红:R)
    39 00000292 C404                <1>
    40 00000294 6A04E806FFFFFF6683- <1> 		cdecl	vga_set_write_plane, 0x04		; //输出plane(红:R)
    40 0000029D C404                <1>
    41 0000029F 536A045756E811FFFF- <1> 		cdecl	vram_font_copy, esi, edi, 0x04, ebx
    41 000002A8 FF6683C410          <1>
    42                              <1> 
    43 000002AD 6A01E8D4FEFFFF6683- <1> 		cdecl	vga_set_read_plane, 0x01		; // 写入plane(绿:G)
    43 000002B6 C404                <1>
    44 000002B8 6A02E8E2FEFFFF6683- <1> 		cdecl	vga_set_write_plane, 0x02		; // 输出plane(绿:G)
    44 000002C1 C404                <1>
    45 000002C3 536A025756E8EDFEFF- <1> 		cdecl	vram_font_copy, esi, edi, 0x02, ebx
    45 000002CC FF6683C410          <1>
    46                              <1> 
    47 000002D1 6A00E8B0FEFFFF6683- <1> 		cdecl	vga_set_read_plane, 0x00		; // 写入plane(蓝:B)
    47 000002DA C404                <1>
    48 000002DC 6A01E8BEFEFFFF6683- <1> 		cdecl	vga_set_write_plane, 0x01		; // 输出plane(蓝:B)
    48 000002E5 C404                <1>
    49 000002E7 536A015756E8C9FEFF- <1> 		cdecl	vram_font_copy, esi, edi, 0x01, ebx
    49 000002F0 FF6683C410          <1>
    50                              <1> 
    51                              <1> 
    52 000002F5 5F                  <1> 		pop		edi
    53 000002F6 5E                  <1> 		pop		esi
    54 000002F7 5A                  <1> 		pop		edx
    55 000002F8 59                  <1> 		pop		ecx
    56 000002F9 5B                  <1> 		pop		ebx
    57 000002FA 58                  <1> 		pop		eax
    58                              <1> 
    59 000002FB 89EC                <1> 		mov		esp, ebp
    60 000002FD 5D                  <1> 		pop		ebp
    61                              <1> 
    62 000002FE C3                  <1> 		ret
    63                              <1> 
    57                                  %include "../modules/protect/draw_font.s"
     1                              <1> draw_font:
     2 000002FF 55                  <1> 		push	ebp		
     3 00000300 89E5                <1> 		mov		ebp, esp		
     4                              <1> 							
     5                              <1> 
     6 00000302 50                  <1> 		push	eax
     7 00000303 53                  <1> 		push	ebx
     8 00000304 51                  <1> 		push	ecx
     9 00000305 52                  <1> 		push	edx
    10 00000306 56                  <1> 		push	esi
    11 00000307 57                  <1> 		push	edi
    12                              <1> 
    13 00000308 8B7508              <1> 		mov		esi, [ebp + 8]					; ESI = X(列)
    14 0000030B 8B7D0C              <1> 		mov		edi, [ebp +12]					; EDI = Y(行)
    15                              <1> 
    16                              <1> 		;---------------------------------------
    17                              <1> 		; 僼僅儞僩堦棗傪昞帵
    18                              <1> 		;---------------------------------------
    19 0000030E B900000000          <1> 		mov		ecx, 0							; for (ECX = 0;
    20 00000313 81F900010000        <1> .10L:	cmp		ecx, 256						;      ECX < 256;
    21 00000319 731F                <1> 		jae		.10E							; 
    22                              <1> 												;      ECX++)
    23                              <1> 												; {
    24                              <1> 												;   // 一行表示16个字符,列位置
    25 0000031B 89C8                <1> 		mov		eax, ecx						;   EAX  = ECX;
    26 0000031D 83E00F              <1> 		and		eax, 0x0F						;   EAX &= 0x0F
    27 00000320 01F0                <1> 		add		eax, esi						;   EAX += X;
    28                              <1> 												;   
    29                              <1> 												;   // 行位置
    30 00000322 89CB                <1> 		mov		ebx, ecx						;   EBX  = ECX;
    31 00000324 C1EB04              <1> 		shr		ebx, 4							;   EBX /= 16
    32 00000327 01FB                <1> 		add		ebx, edi						;   EBX += Y;
    33                              <1> 
    34 00000329 516A075350E808FFFF- <1> 		cdecl	draw_char, eax, ebx, 0x07, ecx	;   draw_char();
    34 00000332 FF6683C410          <1>
    35                              <1> 
    36 00000337 41                  <1> 		inc		ecx								;   // for (... ECX++)
    37 00000338 EBD9                <1> 		jmp		.10L							; 
    38                              <1> .10E:											; }
    39                              <1> 
    40                              <1> 
    41 0000033A 5F                  <1> 		pop		edi
    42 0000033B 5E                  <1> 		pop		esi
    43 0000033C 5A                  <1> 		pop		edx
    44 0000033D 59                  <1> 		pop		ecx
    45 0000033E 5B                  <1> 		pop		ebx
    46 0000033F 58                  <1> 		pop		eax
    47                              <1> 
    48 00000340 89EC                <1> 		mov		esp, ebp
    49 00000342 5D                  <1> 		pop		ebp
    50                              <1> 
    51 00000343 C3                  <1> 		ret
    52                              <1> 
    58                                  %include "../modules/protect/draw_str.s"
     1                              <1> draw_str:
     2                              <1> 
     3 00000344 55                  <1> 		push	ebp							
     4 00000345 89E5                <1> 		mov		ebp, esp					
     5                              <1> 
     6                              <1> 
     7 00000347 50                  <1> 		push	eax
     8 00000348 53                  <1> 		push	ebx
     9 00000349 51                  <1> 		push	ecx
    10 0000034A 52                  <1> 		push	edx
    11 0000034B 56                  <1> 		push	esi
    12                              <1> 
    13                              <1> 		;---------------------------------------
    14                              <1> 		; 获取参数
    15                              <1> 		;---------------------------------------
    16 0000034C 8B4D08              <1> 		mov		ecx, [ebp + 8]					; ECX = 列;
    17 0000034F 8B550C              <1> 		mov		edx, [ebp +12]					; EDX = 行;
    18 00000352 0FB75D10            <1> 		movzx	ebx, word [ebp + 16]			; EBX = 颜色;
    19 00000356 8B7514              <1> 		mov		esi, [ebp +20]					; ESI = 字符串地址;
    20                              <1> 
    21 00000359 FC                  <1> 		cld										; DF = 0; // 正方向
    22                              <1> .10L:											; do
    23                              <1> 												; {
    24 0000035A AC                  <1> 		lodsb									;   AL = *ESI++; // 暥帤傪庢摼
    25 0000035B 3C00                <1> 		cmp		al, 0							;   if (0 == AL)
    26 0000035D 7425                <1> 		je		.10E							;     break;
    27                              <1> 
    28 0000035F 50535251E8D3FEFFFF- <1> 		cdecl	draw_char, ecx, edx, ebx, eax	;   draw_char();
    28 00000368 6683C410            <1>
    29                              <1> 
    30                              <1> 		; 師偺暥帤偺埵抲傪挷惍
    31 0000036C 41                  <1> 		inc		ecx								;   ECX++;           // 列+1
    32 0000036D 83F950              <1> 		cmp		ecx, 80							;   if (80 <= ECX)   // 80列超过的话要换行
    33 00000370 7C10                <1> 		jl		.12E							;   {
    34 00000372 B900000000          <1> 		mov		ecx, 0							;     ECX = 0;       // 列 = 0
    35 00000377 42                  <1> 		inc		edx								;     EDX++;         // 行 + 1
    36 00000378 83FA1E              <1> 		cmp		edx, 30							;     if (30 <= EDX) // 30行以上换页
    37 0000037B 7C05                <1> 		jl		.12E							;     {
    38 0000037D BA00000000          <1> 		mov		edx, 0							;       EDX = 0;     // 行 = 0
    39                              <1> 												;     }
    40                              <1> .12E:											;   }
    41 00000382 EBD6                <1> 		jmp		.10L							;   
    42                              <1> .10E:											; } while (1);
    43                              <1> 
    44 00000384 5E                  <1> 		pop		esi
    45 00000385 5A                  <1> 		pop		edx
    46 00000386 59                  <1> 		pop		ecx
    47 00000387 5B                  <1> 		pop		ebx
    48 00000388 58                  <1> 		pop		eax
    49                              <1> 
    50 00000389 89EC                <1> 		mov		esp, ebp
    51 0000038B 5D                  <1> 		pop		ebp
    52                              <1> 
    53 0000038C C3                  <1> 		ret
    54                              <1> 
    59                                  %include "../modules/protect/draw_color_bar.s"
     1                              <1> draw_color_bar:
     2 0000038D 55                  <1> 		push	ebp						
     3 0000038E 89E5                <1> 		mov		ebp, esp						
     4                              <1> 
     5 00000390 50                  <1> 		push	eax
     6 00000391 53                  <1> 		push	ebx
     7 00000392 51                  <1> 		push	ecx
     8 00000393 52                  <1> 		push	edx
     9 00000394 56                  <1> 		push	esi
    10 00000395 57                  <1> 		push	edi
    11                              <1> 
    12 00000396 8B7508              <1> 		mov		esi, [ebp + 8]					; ESI = X乮楍乯
    13 00000399 8B7D0C              <1> 		mov		edi, [ebp +12]					; EDI = Y乮峴乯
    14                              <1> 
    15                              <1> 		;---------------------------------------
    16                              <1> 		; 表示colorbar
    17                              <1> 		;---------------------------------------
    18 0000039C B900000000          <1> 		mov		ecx, 0							; for (ECX = 0;
    19 000003A1 83F910              <1> .10L:	cmp		ecx, 16							;      ECX < 16;
    20 000003A4 732E                <1> 		jae		.10E							; 
    21                              <1> 												;      ECX++)
    22                              <1> 												; {
    23                              <1> 												;   // 偶数列在左边,奇数列在右边
    24 000003A6 89C8                <1> 		mov		eax, ecx						;   EAX  = ECX;
    25 000003A8 83E001              <1> 		and		eax, 0x01						;   EAX &= 0x01;;//奇数
    26 000003AB C1E003              <1> 		shl		eax, 3							;   EAX *= 8;  // 往右移动8个字符
    27 000003AE 01F0                <1> 		add		eax, esi						;   EAX += X;
    28                              <1> 												;   
    29                              <1> 												;   // 每两个颜色10E行
    30 000003B0 89CB                <1> 		mov		ebx, ecx						;   EBX  = ECX;
    31 000003B2 D1EB                <1> 		shr		ebx, 1							;   EBX /= 2
    32 000003B4 01FB                <1> 		add		ebx, edi						;   EBX += Y;
    33                              <1> 												;   
    34                              <1> 												;   //输出的颜色
    35 000003B6 89CA                <1> 		mov		edx, ecx						;   EDX  = ECX;
    36 000003B8 D1E2                <1> 		shl		edx, 1							;   EDX *= 2;
    37 000003BA 8B92[E7030000]      <1> 		mov		edx, [.t0 + edx]				;   EDX += Y;
    38                              <1> 
    39 000003C0 68[DE030000]525350- <1> 		cdecl	draw_str, eax, ebx, edx, .s0	;   draw_str();
    39 000003C8 E877FFFFFF6683C410  <1>
    40                              <1> 
    41 000003D1 41                  <1> 		inc		ecx								;   // for (... ECX++)
    42 000003D2 EBCD                <1> 		jmp		.10L							; 
    43                              <1> .10E:											; }
    44                              <1> 
    45 000003D4 5F                  <1> 		pop		edi
    46 000003D5 5E                  <1> 		pop		esi
    47 000003D6 5A                  <1> 		pop		edx
    48 000003D7 59                  <1> 		pop		ecx
    49 000003D8 5B                  <1> 		pop		ebx
    50 000003D9 58                  <1> 		pop		eax
    51                              <1> 
    52 000003DA 89EC                <1> 		mov		esp, ebp
    53 000003DC 5D                  <1> 		pop		ebp
    54                              <1> 
    55 000003DD C3                  <1> 		ret
    56                              <1> 
    57 000003DE 202020202020202000  <1> .s0:	db '        ', 0						;8个空白字符
    58                              <1> 
    59 000003E7 00000008            <1> .t0:	dw	0x0000, 0x0800						; colorbar的背景色
    60 000003EB 00010009            <1> 		dw	0x0100, 0x0900
    61 000003EF 0002000A            <1> 		dw	0x0200, 0x0A00
    62 000003F3 0003000B            <1> 		dw	0x0300, 0x0B00
    63 000003F7 0004000C            <1> 		dw	0x0400, 0x0C00
    64 000003FB 0005000D            <1> 		dw	0x0500, 0x0D00
    65 000003FF 0006000E            <1> 		dw	0x0600, 0x0E00
    66 00000403 0007000F            <1> 		dw	0x0700, 0x0F00
    67                              <1> 
    60                                  %include "../modules/protect/draw_pixel.s"
     1                              <1> 
     2                              <1> draw_pixel:
     3                              <1> 
     4 00000407 55                  <1> 		push	ebp			
     5 00000408 89E5                <1> 		mov		ebp, esp						
     6 0000040A 50                  <1> 		push	eax
     7 0000040B 53                  <1> 		push	ebx
     8 0000040C 51                  <1> 		push	ecx
     9 0000040D 57                  <1> 		push	edi
    10                              <1> 
    11                              <1> 		;---------------------------------------
    12                              <1> 		; 将Y坐标扩大80倍(640/8)
    13                              <1> 		;---------------------------------------
    14 0000040E 8B7D0C              <1> 		mov		edi, [ebp +12]					; EDI  = Y坐标
    15 00000411 C1E704              <1> 		shl		edi, 4							; EDI *= 16;
    16 00000414 8DBCBF00000A00      <1> 		lea		edi, [edi * 4 + edi + 0xA_0000]	; EDI  = 0xA00000[EDI * 4 + EDI];
    17                              <1> 
    18                              <1> 		;---------------------------------------
    19                              <1> 		; 加上X坐标的1/8
    20                              <1> 		;---------------------------------------
    21 0000041B 8B5D08              <1> 		mov		ebx, [ebp + 8]					; EBX  = X坐标
    22 0000041E 89D9                <1> 		mov		ecx, ebx						; ECX  = X坐标;(暂存)
    23 00000420 C1EB03              <1> 		shr		ebx, 3							; EBX /= 8;
    24 00000423 01DF                <1> 		add		edi, ebx						; EDI += EBX;
    25                              <1> 
    26                              <1> 		;---------------------------------------
    27                              <1> 		; X坐标除8的余数来计算bit位置
    28                              <1> 		; (0=0x80, 1=0x40,... 7=0x01)
    29                              <1> 		;---------------------------------------
    30 00000425 83E107              <1> 		and		ecx, 0x07						; ECX = X & 0x07;
    31 00000428 BB80000000          <1> 		mov		ebx, 0x80						; EBX = 0x80;
    32 0000042D D3EB                <1> 		shr		ebx, cl							; EBX >>= ECX;
    33                              <1> 
    34                              <1> 		;---------------------------------------
    35                              <1> 		; 指定颜色
    36                              <1> 		;---------------------------------------
    37 0000042F 8B4D10              <1> 		mov		ecx, [ebp +16]					; // 昞帵怓
    38                              <1> 
    39                              <1> 		;---------------------------------------
    40                              <1> 		; 输出plane
    41                              <1> 		;---------------------------------------
    42 00000432 6A03E84FFDFFFF6683- <1> 		cdecl	vga_set_read_plane, 0x03		; 
    42 0000043B C404                <1>
    43 0000043D 6A08E85DFDFFFF6683- <1> 		cdecl	vga_set_write_plane, 0x08		;
    43 00000446 C404                <1>
    44 00000448 516A085753E8BBFDFF- <1> 		cdecl	vram_bit_copy, ebx, edi, 0x08, ecx
    44 00000451 FF6683C410          <1>
    45                              <1> 
    46 00000456 6A02E82BFDFFFF6683- <1> 		cdecl	vga_set_read_plane, 0x02		; 
    46 0000045F C404                <1>
    47 00000461 6A04E839FDFFFF6683- <1> 		cdecl	vga_set_write_plane, 0x04		; 
    47 0000046A C404                <1>
    48 0000046C 516A045753E897FDFF- <1> 		cdecl	vram_bit_copy, ebx, edi, 0x04, ecx
    48 00000475 FF6683C410          <1>
    49                              <1> 
    50 0000047A 6A01E807FDFFFF6683- <1> 		cdecl	vga_set_read_plane, 0x01		; 
    50 00000483 C404                <1>
    51 00000485 6A02E815FDFFFF6683- <1> 		cdecl	vga_set_write_plane, 0x02		; 
    51 0000048E C404                <1>
    52 00000490 516A025753E873FDFF- <1> 		cdecl	vram_bit_copy, ebx, edi, 0x02, ecx
    52 00000499 FF6683C410          <1>
    53                              <1> 
    54 0000049E 6A00E8E3FCFFFF6683- <1> 		cdecl	vga_set_read_plane, 0x00		; 
    54 000004A7 C404                <1>
    55 000004A9 6A01E8F1FCFFFF6683- <1> 		cdecl	vga_set_write_plane, 0x01		; 
    55 000004B2 C404                <1>
    56 000004B4 516A015753E84FFDFF- <1> 		cdecl	vram_bit_copy, ebx, edi, 0x01, ecx
    56 000004BD FF6683C410          <1>
    57                              <1> 
    58                              <1> 
    59 000004C2 5F                  <1> 		pop		edi
    60 000004C3 59                  <1> 		pop		ecx
    61 000004C4 5B                  <1> 		pop		ebx
    62 000004C5 58                  <1> 		pop		eax
    63                              <1> 
    64 000004C6 89EC                <1> 		mov		esp, ebp
    65 000004C8 5D                  <1> 		pop		ebp
    66                              <1> 
    67 000004C9 C3                  <1> 		ret
    68                              <1> 
    61                                  %include "../modules/protect/draw_line.s"
     1                              <1> draw_line:
     2                              <1> 
     3                              <1> 
     4 000004CA 55                  <1> 		push	ebp								
     5 000004CB 89E5                <1> 		mov		ebp, esp					
     6                              <1> 												; ---------------
     7 000004CD 6A00                <1> 		push	dword 0							;    - 4| sum   = 0; // 相对轴的积算值
     8 000004CF 6A00                <1> 		push	dword 0							;    - 8| x0    = 0; // X坐标
     9 000004D1 6A00                <1> 		push	dword 0							;    -12| dx    = 0; // X增加份
    10 000004D3 6A00                <1> 		push	dword 0							;    -16| inc_x = 0; // X坐标增加份(1 or -1)
    11 000004D5 6A00                <1> 		push	dword 0							;    -20| y0    = 0; // Y坐标
    12 000004D7 6A00                <1> 		push	dword 0							;    -24| dy    = 0; // Y增加份
    13 000004D9 6A00                <1> 		push	dword 0							;    -28| inc_y = 0; // Y坐标增加份(1 or -1)
    14                              <1> 												; ------|--------
    15 000004DB 50                  <1> 		push	eax
    16 000004DC 53                  <1> 		push	ebx
    17 000004DD 51                  <1> 		push	ecx
    18 000004DE 52                  <1> 		push	edx
    19 000004DF 56                  <1> 		push	esi
    20 000004E0 57                  <1> 		push	edi
    21                              <1> 
    22                              <1> 		;---------------------------------------
    23                              <1> 		; 计算宽(X轴)
    24                              <1> 		;---------------------------------------
    25 000004E1 8B4508              <1> 		mov		eax, [ebp + 8]					; EAX = X0;
    26 000004E4 8B5D10              <1> 		mov		ebx, [ebp +16]					; EBX = X1;
    27 000004E7 29C3                <1> 		sub		ebx, eax						; EBX = X1 - X0; //宽
    28 000004E9 7D09                <1> 		jge		.10F							; if (宽 < 0)
    29                              <1> 												; {
    30 000004EB F7DB                <1> 		neg		ebx								;   宽   *= -1;
    31 000004ED BEFFFFFFFF          <1> 		mov		esi, -1							;   // X坐标的增加份
    32 000004F2 EB05                <1> 		jmp		.10E							; }
    33                              <1> .10F:											; else
    34                              <1> 												; {
    35 000004F4 BE01000000          <1> 		mov		esi, 1							;   // X坐标的增加份
    36                              <1> .10E:											; }
    37                              <1> 
    38                              <1> 		;---------------------------------------
    39                              <1> 		; 计算高(Y轴)
    40                              <1> 		;---------------------------------------
    41 000004F9 8B4D0C              <1> 		mov		ecx, [ebp +12]					; ECX = Y0
    42 000004FC 8B5514              <1> 		mov		edx, [ebp +20]					; EDX = Y1
    43 000004FF 29CA                <1> 		sub		edx, ecx						; EDX = Y1 - Y0; // 高
    44 00000501 7D09                <1> 		jge		.20F							; if (高 < 0)
    45                              <1> 												; {
    46 00000503 F7DA                <1> 		neg		edx								;   高 *= -1;
    47 00000505 BFFFFFFFFF          <1> 		mov		edi, -1							;   // Y坐标的增加份
    48 0000050A EB05                <1> 		jmp		.20E							; }
    49                              <1> .20F:											; else
    50                              <1> 												; {
    51 0000050C BF01000000          <1> 		mov		edi, 1							;   // Y坐标的增加份
    52                              <1> .20E:											; }
    53                              <1> 
    54                              <1> 		;---------------------------------------
    55                              <1> 		; X轴
    56                              <1> 		;---------------------------------------
    57 00000511 8945F8              <1> 		mov		[ebp - 8], eax					;   // X轴:开始坐标
    58 00000514 895DF4              <1> 		mov		[ebp -12], ebx					;   // X轴:宽
    59 00000517 8975F0              <1> 		mov		[ebp -16], esi					;   // X轴:增加份(基准轴1 or -1)
    60                              <1> 
    61                              <1> 		;---------------------------------------
    62                              <1> 		; Y轴
    63                              <1> 		;---------------------------------------
    64 0000051A 894DEC              <1> 		mov		[ebp -20], ecx					;   // Y轴:开始坐标
    65 0000051D 8955E8              <1> 		mov		[ebp -24], edx					;   // Y轴:长
    66 00000520 897DE4              <1> 		mov		[ebp -28], edi					;   // Y轴:增加份(基准轴 1 or -1)
    67                              <1> 
    68                              <1> 		;---------------------------------------
    69                              <1> 		; 决定哪个是基准轴
    70                              <1> 		;---------------------------------------
    71 00000523 39D3                <1> 		cmp		ebx, edx						; if (宽 <= 高)
    72 00000525 7F08                <1> 		jg		.22F							; {
    73                              <1> 												;   
    74 00000527 8D75EC              <1> 		lea		esi, [ebp -20]					;   // Y轴是基准轴
    75 0000052A 8D7DF8              <1> 		lea		edi, [ebp - 8]					;   // X轴是相对轴
    76                              <1> 												;   
    77 0000052D EB06                <1> 		jmp		.22E							; }
    78                              <1> .22F:											; else
    79                              <1> 												; {
    80 0000052F 8D75F8              <1> 		lea		esi, [ebp - 8]					;   // X轴是基准轴
    81 00000532 8D7DEC              <1> 		lea		edi, [ebp -20]					;   // Y轴是相对轴
    82                              <1> .22E:											; }
    83                              <1> 
    84                              <1> 		;---------------------------------------
    85                              <1> 		; 循环执行次数(基准轴的点数)
    86                              <1> 		;---------------------------------------
    87 00000535 8B4EFC              <1> 		mov		ecx, [esi - 4]					; ECX = 基准轴画面宽度;
    88 00000538 83F900              <1> 		cmp		ecx, 0							; if (0 == ECX)
    89 0000053B 7505                <1> 		jnz		.30E							; {
    90 0000053D B901000000          <1> 		mov		ecx, 1							;   ECX = 1;
    91                              <1> .30E:											; }
    92                              <1> 
    93                              <1> 		;---------------------------------------
    94                              <1> 		; 划线
    95                              <1> 		;---------------------------------------
    96                              <1> .50L:											; do
    97                              <1> 												; {
    98 00000542 FF7518FF75ECFF75F8- <1> 		cdecl	draw_pixel, dword [ebp - 8],dword [ebp -20],dword [ebp +24]		; //画点
    98 0000054B E8B7FEFFFF6683C40C  <1>
    99                              <1> 
   100                              <1> 												;   // 基准轴更新(1个点)
   101 00000554 8B46F8              <1> 		mov		eax, [esi - 8]					;   EAX = 基准轴增加份(1 or -1);
   102 00000557 0106                <1> 		add		[esi - 0], eax					;   
   103                              <1> 
   104                              <1> 												;   // 相对轴更新
   105 00000559 8B45FC              <1> 		mov		eax, [ebp - 4]					;   EAX  = sum; // 相对轴的积算值;
   106 0000055C 0347FC              <1> 		add		eax, [edi - 4]					;   EAX += dy;  // 增加的分(相对轴的积算值)
   107 0000055F 8B5EFC              <1> 		mov		ebx, [esi - 4]					;   EBX  = dx;  // 增加的分(基准轴的画幅)
   108                              <1> 
   109 00000562 39D8                <1> 		cmp		eax, ebx						;   if (积算值 <= 相对轴的增加份)
   110 00000564 7C07                <1> 		jl		.52E							;   {
   111 00000566 29D8                <1> 		sub		eax, ebx						;     EAX -= EBX; // 积算值减去相对轴的增加份
   112                              <1> 												;     
   113                              <1> 												;     // 相对值坐标更新(1个点)
   114 00000568 8B5FF8              <1> 		mov		ebx, [edi - 8]					;     EBX =  相对轴增加的分;
   115 0000056B 011F                <1> 		add		[edi - 0], ebx					;		
   116                              <1> .52E:											;   }
   117 0000056D 8945FC              <1> 		mov		[ebp - 4], eax					;   // 积算值更新
   118                              <1> 												;   
   119 00000570 E2D0                <1> 		loop	.50L							;   
   120                              <1> .50E:											; } while (迭代次数--);
   121                              <1> 
   122                              <1> 
   123 00000572 5F                  <1> 		pop		edi
   124 00000573 5E                  <1> 		pop		esi
   125 00000574 5A                  <1> 		pop		edx
   126 00000575 59                  <1> 		pop		ecx
   127 00000576 5B                  <1> 		pop		ebx
   128 00000577 58                  <1> 		pop		eax
   129                              <1> 
   130 00000578 89EC                <1> 		mov		esp, ebp
   131 0000057A 5D                  <1> 		pop		ebp
   132                              <1> 
   133 0000057B C3                  <1> 		ret
   134                              <1> 
    62                                  
    63                                  ;********************
    64                                  ;padding
    65                                  ;********************
    66 0000057C 00<rept>                	times KERNEL_SIZE -($-$$) db 0;
