     1                                  %include "../include/define.s"
     1                              <1> BOOT_LOAD equ 0x7C00      ;//boot程序加载地址
     2                              <1> BOOT_SIZE equ (1024 * 8)  ;//boot代码段大小
     3                              <1> BOOT_END  equ (BOOT_LOAD + BOOT_SIZE) ;
     4                              <1> 
     5                              <1> SECT_SIZE equ (512)       ;//sector大小
     6                              <1> BOOT_SECT equ (BOOT_SIZE / SECT_SIZE)   ;//boot的sector数
     7                              <1> 
     8                              <1> E820_RECORD_SIZE equ 20
     9                              <1> 
    10                              <1> KERNEL_LOAD equ 0x0010_1000
    11                              <1> KERNEL_SIZE equ (1024*8) ;//kernel的大小仍然是8k
    12                              <1> KERNEL_SECT equ (KERNEL_SIZE / SECT_SIZE)
     2                                  %include "../include/macro.s"
     1                              <1> %macro cdecl 1-*.nolist  ;//1-*是一个以上的参数
     2                              <1> 
     3                              <1> 	%rep %0 - 1         ;//%0是参数的个数
     4                              <1> 		push %{-1:-1}  ;//%将参数倒着压栈
     5                              <1> 		%rotate -1   
     6                              <1> 	%endrep
     7                              <1> 	%rotate -1      ;//恢复原来的参数
     8                              <1> 
     9                              <1> 	call %1
    10                              <1> 	%if 1 < %0
    11                              <1> 		add sp,(__BITS__ >> 3)*(%0 - 1)     ;//__BITS__是表示16比特模式还是32比特模式
    12                              <1> 	%endif									;//给每个参数分配栈空间
    13                              <1> %endmacro
    14                              <1> 
    15                              <1> struc drive
    16 00000000 <res 00000002>      <1> 	.no resw 1	 ;驱动号
    17 00000002 <res 00000002>      <1> 	.cyln resw 1 ;cylinder
    18 00000004 <res 00000002>      <1> 	.head resw 1 ;head
    19 00000006 <res 00000002>      <1> 	.sect resw 1 ;sector
    20                              <1> endstruc
    21                              <1> 
     3                                  	
     4                                  	ORG KERNEL_LOAD
     5                                  
     6                                  [BITS 32]
     7                                  ;*******************
     8                                  ;entry  point
     9                                  ;*******************
    10                                  kernel:
    11                                  	;----------------------
    12                                  	;获取font address
    13                                  	;----------------------
    14 00000000 BE007E0000              	mov esi,BOOT_LOAD + SECT_SIZE ;ESI = 0x7C00 + 512
    15 00000005 0FB706                  	movzx eax,word[esi + 0]				;//eax = segment
    16 00000008 0FB75E02                	movzx ebx,word[esi + 2]				;//ebx = offset
    17 0000000C C1E004                  	shl eax,4
    18 0000000F 01D8                    	add eax,ebx
    19 00000011 A3[74000000]            	mov [FONT_ADR],eax					;FONT_ADR[0] = eax
    20                                  
    21 00000016 68[64000000]680F01-     	cdecl draw_str,25,14,0x010F,.s0;
    21 0000001E 00006A0E6A19E80F02-
    21 00000027 00006683C410       
    22                                  	;------------------------------
    23                                  	;打印时间
    24                                  	;------------------------------
    25                                  .10L:
    26 0000002D 68[78000000]E82805-     		cdecl rtc_get_time,RCT_TIME
    26 00000035 00006683C404       
    27 0000003B FF35[78000000]6800-     		cdecl draw_time,72,0,0x0700,dword[RCT_TIME]
    27 00000043 0700006A006A48E851-
    27 0000004C 0500006683C410     
    28                                      ;------------------------
    29                                  	;中断测试
    30                                  	;------------------------
    31 00000053 6844332211              	push 0x11223344 ;//任意
    32 00000058 9C                      	pushf           ;//保存状态标志
    33 00000059 9A[37060000]0800        	call 0x0008:int_default   ;//调用default中断
    34                                  
    35 00000060 EBCB                    		jmp	.10L
    36                                  			
    37                                  		
    38 00000062 EBFE                    	jmp $
    39 00000064 48656C6C6F2C206B65-     .s0 db "Hello, kernel!",0
    39 0000006D 726E656C2100       
    40                                  
    41 00000073 00                      ALIGN 4,db 0
    42 00000074 00000000                FONT_ADR: dd 0
    43 00000078 00000000                RCT_TIME : dd 0
    44                                  
    45                                  ;*************************
    46                                  ;model
    47                                  ;*************************
    48                                  %include "../modules/protect/vga.s"
     1                              <1> vga_set_read_plane:
     2                              <1> 	
     3 0000007C 55                  <1> 		push	ebp	
     4 0000007D 89E5                <1> 		mov		ebp, esp						
     5                              <1> 
     6 0000007F 50                  <1> 		push	eax
     7 00000080 52                  <1> 		push	edx
     8                              <1> 
     9                              <1> 		;---------------------------------------
    10                              <1> 		;选择读取的plane
    11                              <1> 		;---------------------------------------
    12 00000081 8A6508              <1> 		mov		ah, [ebp + 8]					; AH  = 指定读取的palne(----RGB)
    13 00000084 80E403              <1> 		and		ah, 0x03						; AH &= 0x03; // mask掉不要的bit
    14 00000087 B004                <1> 		mov		al, 0x04						; AL  = 读取map选择寄存器
    15 00000089 66BACE03            <1> 		mov		dx, 0x03CE						; DX  = 图像控制端口
    16 0000008D 66EF                <1> 		out		dx, ax							; // 端口输出
    17                              <1> 
    18 0000008F 5A                  <1> 		pop		edx
    19 00000090 58                  <1> 		pop		eax
    20 00000091 89EC                <1> 		mov		esp, ebp
    21 00000093 5D                  <1> 		pop		ebp
    22                              <1> 
    23 00000094 C3                  <1> 		ret
    24                              <1> 
    25                              <1> vga_set_write_plane:
    26                              <1> 											
    27 00000095 55                  <1> 		push	ebp								
    28 00000096 89E5                <1> 		mov		ebp, esp						
    29                              <1> 											
    30 00000098 50                  <1> 		push	eax
    31 00000099 52                  <1> 		push	edx
    32                              <1> 
    33                              <1> 		;---------------------------------------
    34                              <1> 		; 选择写入的plane
    35                              <1> 		;---------------------------------------
    36 0000009A 8A6508              <1> 		mov		ah, [ebp + 8]					; AH = 指定写入的plane(Bit:----IRGB)
    37 0000009D 80E40F              <1> 		and		ah, 0x0F						; AH = 0x0F; // mask掉不需要的比特
    38 000000A0 B002                <1> 		mov		al, 0x02						; AL = 指定写入plane
    39 000000A2 66BAC403            <1> 		mov		dx, 0x03C4						; DX = sequence控制端口
    40 000000A6 66EF                <1> 		out		dx, ax							; // 端口输出
    41                              <1> 
    42                              <1> 
    43 000000A8 5A                  <1> 		pop		edx
    44 000000A9 58                  <1> 		pop		eax
    45                              <1> 
    46 000000AA 89EC                <1> 		mov		esp, ebp
    47 000000AC 5D                  <1> 		pop		ebp
    48                              <1> 
    49 000000AD C3                  <1> 		ret
    50                              <1> 
    51                              <1> ;
    52                              <1> vram_font_copy:
    53                              <1> 
    54                              <1> 
    55 000000AE 55                  <1> 		push	ebp							
    56 000000AF 89E5                <1> 		mov		ebp, esp						
    57                              <1> 
    58 000000B1 50                  <1> 		push	eax
    59 000000B2 53                  <1> 		push	ebx
    60 000000B3 51                  <1> 		push	ecx
    61 000000B4 52                  <1> 		push	edx
    62 000000B5 56                  <1> 		push	esi
    63 000000B6 57                  <1> 		push	edi
    64                              <1> 
    65                              <1> 		;---------------------------------------
    66                              <1> 		; 获取参数
    67                              <1> 		;---------------------------------------
    68 000000B7 8B7508              <1> 		mov		esi, [ebp + 8]					; ESI = font地址
    69 000000BA 8B7D0C              <1> 		mov		edi, [ebp +12]					; EDI = VRAM地址;
    70 000000BD 0FB64510            <1> 		movzx	eax, byte [ebp +16]				; EAX = plane(用比特指定);
    71 000000C1 0FB75D14            <1> 		movzx	ebx, word [ebp +20]				; EBX = 颜色;
    72                              <1> 
    73                              <1> 		;//背景色或者前景色包含plane的时候设置为0xff,不包含的时候设置为0x00
    74                              <1> 
    75 000000C5 84C7                <1> 		test	bh, al							; ZF = (背景色 & plane);
    76 000000C7 0F94C6              <1> 		setz	dh								; AH = ZF ? 0x01 : 0x00
    77 000000CA FECE                <1> 		dec		dh								; AH--; // 0x00 or 0xFF
    78                              <1> 
    79 000000CC 84C3                <1> 		test	bl, al							; ZF = (前景色 & plane);
    80 000000CE 0F94C2              <1> 		setz	dl								; AL = ZF ? 0x01 : 0x00
    81 000000D1 FECA                <1> 		dec		dl								; AL--; // 0x00 or 0xFF
    82                              <1> 
    83                              <1> 		;---------------------------------------
    84                              <1> 		; 复制16个点的font
    85                              <1> 		;---------------------------------------
    86 000000D3 FC                  <1> 		cld										; DF  = 0; 
    87                              <1> 
    88 000000D4 B910000000          <1> 		mov		ecx, 16							; ECX = 16; // 16个点
    89                              <1> .10L:											; do
    90                              <1> 												; {
    91                              <1> 		;---------------------------------------
    92                              <1> 		; 生成font_mask
    93                              <1> 		;---------------------------------------
    94 000000D9 AC                  <1> 		lodsb									;   AL  = *ESI++; //  font
    95 000000DA 88C4                <1> 		mov		ah, al							;   AH ~= AL;     // !font(比特反转)
    96 000000DC F6D4                <1> 		not		ah								;   
    97                              <1> 
    98                              <1> 		;---------------------------------------
    99                              <1> 		; 前景色
   100                              <1> 		;---------------------------------------
   101 000000DE 20D0                <1> 		and		al, dl							;   AL =前景色 & font;
   102                              <1> 
   103                              <1> 		;---------------------------------------
   104                              <1> 		; 背景色
   105                              <1> 		;---------------------------------------
   106 000000E0 F7C310000000        <1> 		test	ebx, 0x0010						;   if (透明模式)
   107 000000E6 7404                <1> 		jz		.11F							;   {
   108 000000E8 2227                <1> 		and		ah, [edi]						;     AH = !font & [EDI] // 现在值
   109 000000EA EB02                <1> 		jmp		.11E							;   }
   110                              <1> .11F:											;   else
   111                              <1> 												;   {
   112 000000EC 20F4                <1> 		and		ah, dh							;     AH = !font & 背景色;
   113                              <1> .11E:											;   }
   114                              <1> 
   115                              <1> 		;---------------------------------------
   116                              <1> 		; 前景色和背景色的合成
   117                              <1> 		;---------------------------------------
   118 000000EE 08E0                <1> 		or		al, ah							;   AL  = 前景 | 背景;
   119                              <1> 
   120                              <1> 		;---------------------------------------
   121                              <1> 		; 输出新的值
   122                              <1> 		;---------------------------------------
   123 000000F0 8807                <1> 		mov		[edi], al						;   [EDI] = AL; // 写入plane
   124                              <1> 
   125 000000F2 83C750              <1> 		add		edi, 80							;   EDI += 80;(font是30x80)
   126 000000F5 E2E2                <1> 		loop	.10L							; } while (--ECX);
   127                              <1> .10E:											; 
   128 000000F7 5F                  <1> 		pop		edi
   129 000000F8 5E                  <1> 		pop		esi
   130 000000F9 5A                  <1> 		pop		edx
   131 000000FA 59                  <1> 		pop		ecx
   132 000000FB 5B                  <1> 		pop		ebx
   133 000000FC 58                  <1> 		pop		eax
   134                              <1> 
   135 000000FD 89EC                <1> 		mov		esp, ebp
   136 000000FF 5D                  <1> 		pop		ebp
   137                              <1> 
   138 00000100 C3                  <1> 		ret
   139                              <1> 
   140                              <1> vram_bit_copy:
   141                              <1> 
   142 00000101 55                  <1> 		push	ebp							
   143 00000102 89E5                <1> 		mov		ebp, esp						
   144                              <1> 												
   145 00000104 50                  <1> 		push	eax
   146 00000105 53                  <1> 		push	ebx
   147 00000106 57                  <1> 		push	edi
   148                              <1> 
   149                              <1> 		;---------------------------------------
   150                              <1> 		; 获取参数
   151                              <1> 		;---------------------------------------
   152 00000107 8B7D0C              <1> 		mov		edi, [ebp +12]					; EDI = VRAM地址
   153 0000010A 0FB64510            <1> 		movzx	eax, byte [ebp +16]				; EAX = palne(bit);
   154 0000010E 0FB75D14            <1> 		movzx	ebx, word [ebp +20]				; EBX = 表示颜色;
   155                              <1> 
   156 00000112 84C3                <1> 		test	bl, al							; ZF = (前景色 & plane);
   157 00000114 0F94C3              <1> 		setz	bl								; BL = ZF ? 0x01 : 0x00
   158 00000117 FECB                <1> 		dec		bl								; BL--; // 0x00 or 0xFF
   159                              <1> 
   160                              <1> 		;---------------------------------------
   161                              <1> 		; 输出比特模式的反
   162                              <1> 		;---------------------------------------
   163 00000119 8A4508              <1> 		mov		al, [ebp + 8]					; AL = 输出比特模式
   164 0000011C 88C4                <1> 		mov		ah, al							; AH ~= AL;     // ! 输出比特模式
   165 0000011E F6D4                <1> 		not		ah								; 
   166                              <1> 
   167                              <1> 		;---------------------------------------
   168                              <1> 		; 生成输入的值
   169                              <1> 		;---------------------------------------
   170 00000120 2227                <1> 		and		ah, [edi]						; AH  =  ! 输出比特模式 & 现在值
   171 00000122 20D8                <1> 		and		al, bl							; AL  = 输出比特模式 &  表示色
   172 00000124 08E0                <1> 		or		al, ah							; AL |= AH;
   173                              <1> 
   174                              <1> 		;---------------------------------------
   175                              <1> 		; 数据写入
   176                              <1> 		;---------------------------------------
   177 00000126 8807                <1> 		mov		[edi], al						; [EDI] = BL; // 写入palne
   178                              <1> 
   179                              <1> 
   180 00000128 5F                  <1> 		pop		edi
   181 00000129 5B                  <1> 		pop		ebx
   182 0000012A 58                  <1> 		pop		eax
   183                              <1> 
   184 0000012B 89EC                <1> 		mov		esp, ebp
   185 0000012D 5D                  <1> 		pop		ebp
   186                              <1> 
   187 0000012E C3                  <1> 		ret
   188                              <1> 
    49                                  %include "../modules/protect/draw_char.s"
     1                              <1> draw_char:
     2                              <1> 
     3 0000012F 55                  <1> 		push	ebp			
     4 00000130 89E5                <1> 		mov		ebp, esp	
     5                              <1> 											
     6                              <1> 
     7 00000132 50                  <1> 		push	eax
     8 00000133 53                  <1> 		push	ebx
     9 00000134 51                  <1> 		push	ecx
    10 00000135 52                  <1> 		push	edx
    11 00000136 56                  <1> 		push	esi
    12 00000137 57                  <1> 		push	edi
    13                              <1> 
    14                              <1> 		;---------------------------------------
    15                              <1> 		; 取得参数
    16                              <1> 		;---------------------------------------
    17 00000138 0FB67514            <1> 		movzx	esi, byte [ebp +20]				; ESI  = 字符码
    18 0000013C C1E604              <1> 		shl		esi, 4							; CL *= 16; // 1字符16byte
    19 0000013F 0335[74000000]      <1> 		add		esi, [FONT_ADR]					; ESI = font地址;
    20                              <1> 
    21                              <1> 		;---------------------------------------
    22                              <1> 		; 取得复制目的地的地址
    23                              <1> 		; Adr = 0xA0000 + (640 / 8 * 16) * y + x
    24                              <1> 		;---------------------------------------
    25 00000145 8B7D0C              <1> 		mov		edi, [ebp +12]					; Y(行)
    26 00000148 C1E708              <1> 		shl		edi, 8							; EDI = Y * 256;
    27 0000014B 8DBCBF00000A00      <1> 		lea		edi, [edi * 4 + edi + 0xA0000]	; EDI = Y *   4 + Y;
    28 00000152 037D08              <1> 		add		edi, [ebp + 8]					; X(列)
    29                              <1> 
    30                              <1> 		;---------------------------------------
    31                              <1> 		; 输出一字符的font
    32                              <1> 		;---------------------------------------
    33 00000155 0FB75D10            <1> 		movzx	ebx, word [ebp +16]				; // 颜色
    34                              <1> 
    35 00000159 6A03E81CFFFFFF6683- <1> 		cdecl	vga_set_read_plane, 0x03		; // 写入plane(亮度:I)
    35 00000162 C404                <1>
    36 00000164 6A08E82AFFFFFF6683- <1> 		cdecl	vga_set_write_plane, 0x08		; // 输出plane(亮度:I)
    36 0000016D C404                <1>
    37 0000016F 536A085756E835FFFF- <1> 		cdecl	vram_font_copy, esi, edi, 0x08, ebx
    37 00000178 FF6683C410          <1>
    38                              <1> 
    39 0000017D 6A02E8F8FEFFFF6683- <1> 		cdecl	vga_set_read_plane, 0x02		; //写入plane(红:R)
    39 00000186 C404                <1>
    40 00000188 6A04E806FFFFFF6683- <1> 		cdecl	vga_set_write_plane, 0x04		; //输出plane(红:R)
    40 00000191 C404                <1>
    41 00000193 536A045756E811FFFF- <1> 		cdecl	vram_font_copy, esi, edi, 0x04, ebx
    41 0000019C FF6683C410          <1>
    42                              <1> 
    43 000001A1 6A01E8D4FEFFFF6683- <1> 		cdecl	vga_set_read_plane, 0x01		; // 写入plane(绿:G)
    43 000001AA C404                <1>
    44 000001AC 6A02E8E2FEFFFF6683- <1> 		cdecl	vga_set_write_plane, 0x02		; // 输出plane(绿:G)
    44 000001B5 C404                <1>
    45 000001B7 536A025756E8EDFEFF- <1> 		cdecl	vram_font_copy, esi, edi, 0x02, ebx
    45 000001C0 FF6683C410          <1>
    46                              <1> 
    47 000001C5 6A00E8B0FEFFFF6683- <1> 		cdecl	vga_set_read_plane, 0x00		; // 写入plane(蓝:B)
    47 000001CE C404                <1>
    48 000001D0 6A01E8BEFEFFFF6683- <1> 		cdecl	vga_set_write_plane, 0x01		; // 输出plane(蓝:B)
    48 000001D9 C404                <1>
    49 000001DB 536A015756E8C9FEFF- <1> 		cdecl	vram_font_copy, esi, edi, 0x01, ebx
    49 000001E4 FF6683C410          <1>
    50                              <1> 
    51                              <1> 
    52 000001E9 5F                  <1> 		pop		edi
    53 000001EA 5E                  <1> 		pop		esi
    54 000001EB 5A                  <1> 		pop		edx
    55 000001EC 59                  <1> 		pop		ecx
    56 000001ED 5B                  <1> 		pop		ebx
    57 000001EE 58                  <1> 		pop		eax
    58                              <1> 
    59 000001EF 89EC                <1> 		mov		esp, ebp
    60 000001F1 5D                  <1> 		pop		ebp
    61                              <1> 
    62 000001F2 C3                  <1> 		ret
    63                              <1> 
    50                                  %include "../modules/protect/draw_font.s"
     1                              <1> draw_font:
     2 000001F3 55                  <1> 		push	ebp		
     3 000001F4 89E5                <1> 		mov		ebp, esp		
     4                              <1> 							
     5                              <1> 
     6 000001F6 50                  <1> 		push	eax
     7 000001F7 53                  <1> 		push	ebx
     8 000001F8 51                  <1> 		push	ecx
     9 000001F9 52                  <1> 		push	edx
    10 000001FA 56                  <1> 		push	esi
    11 000001FB 57                  <1> 		push	edi
    12                              <1> 
    13 000001FC 8B7508              <1> 		mov		esi, [ebp + 8]					; ESI = X(列)
    14 000001FF 8B7D0C              <1> 		mov		edi, [ebp +12]					; EDI = Y(行)
    15                              <1> 
    16                              <1> 		;---------------------------------------
    17                              <1> 		; 僼僅儞僩堦棗傪昞帵
    18                              <1> 		;---------------------------------------
    19 00000202 B900000000          <1> 		mov		ecx, 0							; for (ECX = 0;
    20 00000207 81F900010000        <1> .10L:	cmp		ecx, 256						;      ECX < 256;
    21 0000020D 731F                <1> 		jae		.10E							; 
    22                              <1> 												;      ECX++)
    23                              <1> 												; {
    24                              <1> 												;   // 一行表示16个字符,列位置
    25 0000020F 89C8                <1> 		mov		eax, ecx						;   EAX  = ECX;
    26 00000211 83E00F              <1> 		and		eax, 0x0F						;   EAX &= 0x0F
    27 00000214 01F0                <1> 		add		eax, esi						;   EAX += X;
    28                              <1> 												;   
    29                              <1> 												;   // 行位置
    30 00000216 89CB                <1> 		mov		ebx, ecx						;   EBX  = ECX;
    31 00000218 C1EB04              <1> 		shr		ebx, 4							;   EBX /= 16
    32 0000021B 01FB                <1> 		add		ebx, edi						;   EBX += Y;
    33                              <1> 
    34 0000021D 516A075350E808FFFF- <1> 		cdecl	draw_char, eax, ebx, 0x07, ecx	;   draw_char();
    34 00000226 FF6683C410          <1>
    35                              <1> 
    36 0000022B 41                  <1> 		inc		ecx								;   // for (... ECX++)
    37 0000022C EBD9                <1> 		jmp		.10L							; 
    38                              <1> .10E:											; }
    39                              <1> 
    40                              <1> 
    41 0000022E 5F                  <1> 		pop		edi
    42 0000022F 5E                  <1> 		pop		esi
    43 00000230 5A                  <1> 		pop		edx
    44 00000231 59                  <1> 		pop		ecx
    45 00000232 5B                  <1> 		pop		ebx
    46 00000233 58                  <1> 		pop		eax
    47                              <1> 
    48 00000234 89EC                <1> 		mov		esp, ebp
    49 00000236 5D                  <1> 		pop		ebp
    50                              <1> 
    51 00000237 C3                  <1> 		ret
    52                              <1> 
    51                                  %include "../modules/protect/draw_str.s"
     1                              <1> draw_str:
     2                              <1> 
     3 00000238 55                  <1> 		push	ebp							
     4 00000239 89E5                <1> 		mov		ebp, esp					
     5                              <1> 
     6                              <1> 
     7 0000023B 50                  <1> 		push	eax
     8 0000023C 53                  <1> 		push	ebx
     9 0000023D 51                  <1> 		push	ecx
    10 0000023E 52                  <1> 		push	edx
    11 0000023F 56                  <1> 		push	esi
    12                              <1> 
    13                              <1> 		;---------------------------------------
    14                              <1> 		; 获取参数
    15                              <1> 		;---------------------------------------
    16 00000240 8B4D08              <1> 		mov		ecx, [ebp + 8]					; ECX = 列;
    17 00000243 8B550C              <1> 		mov		edx, [ebp +12]					; EDX = 行;
    18 00000246 0FB75D10            <1> 		movzx	ebx, word [ebp + 16]			; EBX = 颜色;
    19 0000024A 8B7514              <1> 		mov		esi, [ebp +20]					; ESI = 字符串地址;
    20                              <1> 
    21 0000024D FC                  <1> 		cld										; DF = 0; // 正方向
    22                              <1> .10L:											; do
    23                              <1> 												; {
    24 0000024E AC                  <1> 		lodsb									;   AL = *ESI++; // 暥帤傪庢摼
    25 0000024F 3C00                <1> 		cmp		al, 0							;   if (0 == AL)
    26 00000251 7425                <1> 		je		.10E							;     break;
    27                              <1> 
    28 00000253 50535251E8D3FEFFFF- <1> 		cdecl	draw_char, ecx, edx, ebx, eax	;   draw_char();
    28 0000025C 6683C410            <1>
    29                              <1> 
    30                              <1> 		; 師偺暥帤偺埵抲傪挷惍
    31 00000260 41                  <1> 		inc		ecx								;   ECX++;           // 列+1
    32 00000261 83F950              <1> 		cmp		ecx, 80							;   if (80 <= ECX)   // 80列超过的话要换行
    33 00000264 7C10                <1> 		jl		.12E							;   {
    34 00000266 B900000000          <1> 		mov		ecx, 0							;     ECX = 0;       // 列 = 0
    35 0000026B 42                  <1> 		inc		edx								;     EDX++;         // 行 + 1
    36 0000026C 83FA1E              <1> 		cmp		edx, 30							;     if (30 <= EDX) // 30行以上换页
    37 0000026F 7C05                <1> 		jl		.12E							;     {
    38 00000271 BA00000000          <1> 		mov		edx, 0							;       EDX = 0;     // 行 = 0
    39                              <1> 												;     }
    40                              <1> .12E:											;   }
    41 00000276 EBD6                <1> 		jmp		.10L							;   
    42                              <1> .10E:											; } while (1);
    43                              <1> 
    44 00000278 5E                  <1> 		pop		esi
    45 00000279 5A                  <1> 		pop		edx
    46 0000027A 59                  <1> 		pop		ecx
    47 0000027B 5B                  <1> 		pop		ebx
    48 0000027C 58                  <1> 		pop		eax
    49                              <1> 
    50 0000027D 89EC                <1> 		mov		esp, ebp
    51 0000027F 5D                  <1> 		pop		ebp
    52                              <1> 
    53 00000280 C3                  <1> 		ret
    54                              <1> 
    52                                  %include "../modules/protect/draw_color_bar.s"
     1                              <1> draw_color_bar:
     2 00000281 55                  <1> 		push	ebp						
     3 00000282 89E5                <1> 		mov		ebp, esp						
     4                              <1> 
     5 00000284 50                  <1> 		push	eax
     6 00000285 53                  <1> 		push	ebx
     7 00000286 51                  <1> 		push	ecx
     8 00000287 52                  <1> 		push	edx
     9 00000288 56                  <1> 		push	esi
    10 00000289 57                  <1> 		push	edi
    11                              <1> 
    12 0000028A 8B7508              <1> 		mov		esi, [ebp + 8]					; ESI = X乮楍乯
    13 0000028D 8B7D0C              <1> 		mov		edi, [ebp +12]					; EDI = Y乮峴乯
    14                              <1> 
    15                              <1> 		;---------------------------------------
    16                              <1> 		; 表示colorbar
    17                              <1> 		;---------------------------------------
    18 00000290 B900000000          <1> 		mov		ecx, 0							; for (ECX = 0;
    19 00000295 83F910              <1> .10L:	cmp		ecx, 16							;      ECX < 16;
    20 00000298 732E                <1> 		jae		.10E							; 
    21                              <1> 												;      ECX++)
    22                              <1> 												; {
    23                              <1> 												;   // 偶数列在左边,奇数列在右边
    24 0000029A 89C8                <1> 		mov		eax, ecx						;   EAX  = ECX;
    25 0000029C 83E001              <1> 		and		eax, 0x01						;   EAX &= 0x01;;//奇数
    26 0000029F C1E003              <1> 		shl		eax, 3							;   EAX *= 8;  // 往右移动8个字符
    27 000002A2 01F0                <1> 		add		eax, esi						;   EAX += X;
    28                              <1> 												;   
    29                              <1> 												;   // 每两个颜色10E行
    30 000002A4 89CB                <1> 		mov		ebx, ecx						;   EBX  = ECX;
    31 000002A6 D1EB                <1> 		shr		ebx, 1							;   EBX /= 2
    32 000002A8 01FB                <1> 		add		ebx, edi						;   EBX += Y;
    33                              <1> 												;   
    34                              <1> 												;   //输出的颜色
    35 000002AA 89CA                <1> 		mov		edx, ecx						;   EDX  = ECX;
    36 000002AC D1E2                <1> 		shl		edx, 1							;   EDX *= 2;
    37 000002AE 8B92[DB020000]      <1> 		mov		edx, [.t0 + edx]				;   EDX += Y;
    38                              <1> 
    39 000002B4 68[D2020000]525350- <1> 		cdecl	draw_str, eax, ebx, edx, .s0	;   draw_str();
    39 000002BC E877FFFFFF6683C410  <1>
    40                              <1> 
    41 000002C5 41                  <1> 		inc		ecx								;   // for (... ECX++)
    42 000002C6 EBCD                <1> 		jmp		.10L							; 
    43                              <1> .10E:											; }
    44                              <1> 
    45 000002C8 5F                  <1> 		pop		edi
    46 000002C9 5E                  <1> 		pop		esi
    47 000002CA 5A                  <1> 		pop		edx
    48 000002CB 59                  <1> 		pop		ecx
    49 000002CC 5B                  <1> 		pop		ebx
    50 000002CD 58                  <1> 		pop		eax
    51                              <1> 
    52 000002CE 89EC                <1> 		mov		esp, ebp
    53 000002D0 5D                  <1> 		pop		ebp
    54                              <1> 
    55 000002D1 C3                  <1> 		ret
    56                              <1> 
    57 000002D2 202020202020202000  <1> .s0:	db '        ', 0						;8个空白字符
    58                              <1> 
    59 000002DB 00000008            <1> .t0:	dw	0x0000, 0x0800						; colorbar的背景色
    60 000002DF 00010009            <1> 		dw	0x0100, 0x0900
    61 000002E3 0002000A            <1> 		dw	0x0200, 0x0A00
    62 000002E7 0003000B            <1> 		dw	0x0300, 0x0B00
    63 000002EB 0004000C            <1> 		dw	0x0400, 0x0C00
    64 000002EF 0005000D            <1> 		dw	0x0500, 0x0D00
    65 000002F3 0006000E            <1> 		dw	0x0600, 0x0E00
    66 000002F7 0007000F            <1> 		dw	0x0700, 0x0F00
    67                              <1> 
    53                                  %include "../modules/protect/draw_pixel.s"
     1                              <1> 
     2                              <1> draw_pixel:
     3                              <1> 
     4 000002FB 55                  <1> 		push	ebp			
     5 000002FC 89E5                <1> 		mov		ebp, esp						
     6 000002FE 50                  <1> 		push	eax
     7 000002FF 53                  <1> 		push	ebx
     8 00000300 51                  <1> 		push	ecx
     9 00000301 57                  <1> 		push	edi
    10                              <1> 
    11                              <1> 		;---------------------------------------
    12                              <1> 		; 将Y坐标扩大80倍(640/8)
    13                              <1> 		;---------------------------------------
    14 00000302 8B7D0C              <1> 		mov		edi, [ebp +12]					; EDI  = Y坐标
    15 00000305 C1E704              <1> 		shl		edi, 4							; EDI *= 16;
    16 00000308 8DBCBF00000A00      <1> 		lea		edi, [edi * 4 + edi + 0xA_0000]	; EDI  = 0xA00000[EDI * 4 + EDI];
    17                              <1> 
    18                              <1> 		;---------------------------------------
    19                              <1> 		; 加上X坐标的1/8
    20                              <1> 		;---------------------------------------
    21 0000030F 8B5D08              <1> 		mov		ebx, [ebp + 8]					; EBX  = X坐标
    22 00000312 89D9                <1> 		mov		ecx, ebx						; ECX  = X坐标;(暂存)
    23 00000314 C1EB03              <1> 		shr		ebx, 3							; EBX /= 8;
    24 00000317 01DF                <1> 		add		edi, ebx						; EDI += EBX;
    25                              <1> 
    26                              <1> 		;---------------------------------------
    27                              <1> 		; X坐标除8的余数来计算bit位置
    28                              <1> 		; (0=0x80, 1=0x40,... 7=0x01)
    29                              <1> 		;---------------------------------------
    30 00000319 83E107              <1> 		and		ecx, 0x07						; ECX = X & 0x07;
    31 0000031C BB80000000          <1> 		mov		ebx, 0x80						; EBX = 0x80;
    32 00000321 D3EB                <1> 		shr		ebx, cl							; EBX >>= ECX;
    33                              <1> 
    34                              <1> 		;---------------------------------------
    35                              <1> 		; 指定颜色
    36                              <1> 		;---------------------------------------
    37 00000323 8B4D10              <1> 		mov		ecx, [ebp +16]					; // 昞帵怓
    38                              <1> 
    39                              <1> 		;---------------------------------------
    40                              <1> 		; 输出plane
    41                              <1> 		;---------------------------------------
    42 00000326 6A03E84FFDFFFF6683- <1> 		cdecl	vga_set_read_plane, 0x03		; 
    42 0000032F C404                <1>
    43 00000331 6A08E85DFDFFFF6683- <1> 		cdecl	vga_set_write_plane, 0x08		;
    43 0000033A C404                <1>
    44 0000033C 516A085753E8BBFDFF- <1> 		cdecl	vram_bit_copy, ebx, edi, 0x08, ecx
    44 00000345 FF6683C410          <1>
    45                              <1> 
    46 0000034A 6A02E82BFDFFFF6683- <1> 		cdecl	vga_set_read_plane, 0x02		; 
    46 00000353 C404                <1>
    47 00000355 6A04E839FDFFFF6683- <1> 		cdecl	vga_set_write_plane, 0x04		; 
    47 0000035E C404                <1>
    48 00000360 516A045753E897FDFF- <1> 		cdecl	vram_bit_copy, ebx, edi, 0x04, ecx
    48 00000369 FF6683C410          <1>
    49                              <1> 
    50 0000036E 6A01E807FDFFFF6683- <1> 		cdecl	vga_set_read_plane, 0x01		; 
    50 00000377 C404                <1>
    51 00000379 6A02E815FDFFFF6683- <1> 		cdecl	vga_set_write_plane, 0x02		; 
    51 00000382 C404                <1>
    52 00000384 516A025753E873FDFF- <1> 		cdecl	vram_bit_copy, ebx, edi, 0x02, ecx
    52 0000038D FF6683C410          <1>
    53                              <1> 
    54 00000392 6A00E8E3FCFFFF6683- <1> 		cdecl	vga_set_read_plane, 0x00		; 
    54 0000039B C404                <1>
    55 0000039D 6A01E8F1FCFFFF6683- <1> 		cdecl	vga_set_write_plane, 0x01		; 
    55 000003A6 C404                <1>
    56 000003A8 516A015753E84FFDFF- <1> 		cdecl	vram_bit_copy, ebx, edi, 0x01, ecx
    56 000003B1 FF6683C410          <1>
    57                              <1> 
    58                              <1> 
    59 000003B6 5F                  <1> 		pop		edi
    60 000003B7 59                  <1> 		pop		ecx
    61 000003B8 5B                  <1> 		pop		ebx
    62 000003B9 58                  <1> 		pop		eax
    63                              <1> 
    64 000003BA 89EC                <1> 		mov		esp, ebp
    65 000003BC 5D                  <1> 		pop		ebp
    66                              <1> 
    67 000003BD C3                  <1> 		ret
    68                              <1> 
    54                                  %include "../modules/protect/draw_line.s"
     1                              <1> draw_line:
     2                              <1> 
     3                              <1> 
     4 000003BE 55                  <1> 		push	ebp								
     5 000003BF 89E5                <1> 		mov		ebp, esp					
     6                              <1> 												; ---------------
     7 000003C1 6A00                <1> 		push	dword 0							;    - 4| sum   = 0; // 相对轴的积算值
     8 000003C3 6A00                <1> 		push	dword 0							;    - 8| x0    = 0; // X坐标
     9 000003C5 6A00                <1> 		push	dword 0							;    -12| dx    = 0; // X增加份
    10 000003C7 6A00                <1> 		push	dword 0							;    -16| inc_x = 0; // X坐标增加份(1 or -1)
    11 000003C9 6A00                <1> 		push	dword 0							;    -20| y0    = 0; // Y坐标
    12 000003CB 6A00                <1> 		push	dword 0							;    -24| dy    = 0; // Y增加份
    13 000003CD 6A00                <1> 		push	dword 0							;    -28| inc_y = 0; // Y坐标增加份(1 or -1)
    14                              <1> 												; ------|--------
    15 000003CF 50                  <1> 		push	eax
    16 000003D0 53                  <1> 		push	ebx
    17 000003D1 51                  <1> 		push	ecx
    18 000003D2 52                  <1> 		push	edx
    19 000003D3 56                  <1> 		push	esi
    20 000003D4 57                  <1> 		push	edi
    21                              <1> 
    22                              <1> 		;---------------------------------------
    23                              <1> 		; 计算宽(X轴)
    24                              <1> 		;---------------------------------------
    25 000003D5 8B4508              <1> 		mov		eax, [ebp + 8]					; EAX = X0;
    26 000003D8 8B5D10              <1> 		mov		ebx, [ebp +16]					; EBX = X1;
    27 000003DB 29C3                <1> 		sub		ebx, eax						; EBX = X1 - X0; //宽
    28 000003DD 7D09                <1> 		jge		.10F							; if (宽 < 0)
    29                              <1> 												; {
    30 000003DF F7DB                <1> 		neg		ebx								;   宽   *= -1;
    31 000003E1 BEFFFFFFFF          <1> 		mov		esi, -1							;   // X坐标的增加份
    32 000003E6 EB05                <1> 		jmp		.10E							; }
    33                              <1> .10F:											; else
    34                              <1> 												; {
    35 000003E8 BE01000000          <1> 		mov		esi, 1							;   // X坐标的增加份
    36                              <1> .10E:											; }
    37                              <1> 
    38                              <1> 		;---------------------------------------
    39                              <1> 		; 计算高(Y轴)
    40                              <1> 		;---------------------------------------
    41 000003ED 8B4D0C              <1> 		mov		ecx, [ebp +12]					; ECX = Y0
    42 000003F0 8B5514              <1> 		mov		edx, [ebp +20]					; EDX = Y1
    43 000003F3 29CA                <1> 		sub		edx, ecx						; EDX = Y1 - Y0; // 高
    44 000003F5 7D09                <1> 		jge		.20F							; if (高 < 0)
    45                              <1> 												; {
    46 000003F7 F7DA                <1> 		neg		edx								;   高 *= -1;
    47 000003F9 BFFFFFFFFF          <1> 		mov		edi, -1							;   // Y坐标的增加份
    48 000003FE EB05                <1> 		jmp		.20E							; }
    49                              <1> .20F:											; else
    50                              <1> 												; {
    51 00000400 BF01000000          <1> 		mov		edi, 1							;   // Y坐标的增加份
    52                              <1> .20E:											; }
    53                              <1> 
    54                              <1> 		;---------------------------------------
    55                              <1> 		; X轴
    56                              <1> 		;---------------------------------------
    57 00000405 8945F8              <1> 		mov		[ebp - 8], eax					;   // X轴:开始坐标
    58 00000408 895DF4              <1> 		mov		[ebp -12], ebx					;   // X轴:宽
    59 0000040B 8975F0              <1> 		mov		[ebp -16], esi					;   // X轴:增加份(基准轴1 or -1)
    60                              <1> 
    61                              <1> 		;---------------------------------------
    62                              <1> 		; Y轴
    63                              <1> 		;---------------------------------------
    64 0000040E 894DEC              <1> 		mov		[ebp -20], ecx					;   // Y轴:开始坐标
    65 00000411 8955E8              <1> 		mov		[ebp -24], edx					;   // Y轴:长
    66 00000414 897DE4              <1> 		mov		[ebp -28], edi					;   // Y轴:增加份(基准轴 1 or -1)
    67                              <1> 
    68                              <1> 		;---------------------------------------
    69                              <1> 		; 决定哪个是基准轴
    70                              <1> 		;---------------------------------------
    71 00000417 39D3                <1> 		cmp		ebx, edx						; if (宽 <= 高)
    72 00000419 7F08                <1> 		jg		.22F							; {
    73                              <1> 												;   
    74 0000041B 8D75EC              <1> 		lea		esi, [ebp -20]					;   // Y轴是基准轴
    75 0000041E 8D7DF8              <1> 		lea		edi, [ebp - 8]					;   // X轴是相对轴
    76                              <1> 												;   
    77 00000421 EB06                <1> 		jmp		.22E							; }
    78                              <1> .22F:											; else
    79                              <1> 												; {
    80 00000423 8D75F8              <1> 		lea		esi, [ebp - 8]					;   // X轴是基准轴
    81 00000426 8D7DEC              <1> 		lea		edi, [ebp -20]					;   // Y轴是相对轴
    82                              <1> .22E:											; }
    83                              <1> 
    84                              <1> 		;---------------------------------------
    85                              <1> 		; 循环执行次数(基准轴的点数)
    86                              <1> 		;---------------------------------------
    87 00000429 8B4EFC              <1> 		mov		ecx, [esi - 4]					; ECX = 基准轴画面宽度;
    88 0000042C 83F900              <1> 		cmp		ecx, 0							; if (0 == ECX)
    89 0000042F 7505                <1> 		jnz		.30E							; {
    90 00000431 B901000000          <1> 		mov		ecx, 1							;   ECX = 1;
    91                              <1> .30E:											; }
    92                              <1> 
    93                              <1> 		;---------------------------------------
    94                              <1> 		; 划线
    95                              <1> 		;---------------------------------------
    96                              <1> .50L:											; do
    97                              <1> 												; {
    98 00000436 FF7518FF75ECFF75F8- <1> 		cdecl	draw_pixel, dword [ebp - 8],dword [ebp -20],dword [ebp +24]		; //画点
    98 0000043F E8B7FEFFFF6683C40C  <1>
    99                              <1> 
   100                              <1> 												;   // 基准轴更新(1个点)
   101 00000448 8B46F8              <1> 		mov		eax, [esi - 8]					;   EAX = 基准轴增加份(1 or -1);
   102 0000044B 0106                <1> 		add		[esi - 0], eax					;   
   103                              <1> 
   104                              <1> 												;   // 相对轴更新
   105 0000044D 8B45FC              <1> 		mov		eax, [ebp - 4]					;   EAX  = sum; // 相对轴的积算值;
   106 00000450 0347FC              <1> 		add		eax, [edi - 4]					;   EAX += dy;  // 增加的分(相对轴的积算值)
   107 00000453 8B5EFC              <1> 		mov		ebx, [esi - 4]					;   EBX  = dx;  // 增加的分(基准轴的画幅)
   108                              <1> 
   109 00000456 39D8                <1> 		cmp		eax, ebx						;   if (积算值 <= 相对轴的增加份)
   110 00000458 7C07                <1> 		jl		.52E							;   {
   111 0000045A 29D8                <1> 		sub		eax, ebx						;     EAX -= EBX; // 积算值减去相对轴的增加份
   112                              <1> 												;     
   113                              <1> 												;     // 相对值坐标更新(1个点)
   114 0000045C 8B5FF8              <1> 		mov		ebx, [edi - 8]					;     EBX =  相对轴增加的分;
   115 0000045F 011F                <1> 		add		[edi - 0], ebx					;		
   116                              <1> .52E:											;   }
   117 00000461 8945FC              <1> 		mov		[ebp - 4], eax					;   // 积算值更新
   118                              <1> 												;   
   119 00000464 E2D0                <1> 		loop	.50L							;   
   120                              <1> .50E:											; } while (迭代次数--);
   121                              <1> 
   122                              <1> 
   123 00000466 5F                  <1> 		pop		edi
   124 00000467 5E                  <1> 		pop		esi
   125 00000468 5A                  <1> 		pop		edx
   126 00000469 59                  <1> 		pop		ecx
   127 0000046A 5B                  <1> 		pop		ebx
   128 0000046B 58                  <1> 		pop		eax
   129                              <1> 
   130 0000046C 89EC                <1> 		mov		esp, ebp
   131 0000046E 5D                  <1> 		pop		ebp
   132                              <1> 
   133 0000046F C3                  <1> 		ret
   134                              <1> 
    55                                  %include "../modules/protect/draw_rect.s"
     1                              <1> draw_rect:
     2                              <1> 
     3 00000470 55                  <1> 		push	ebp								
     4 00000471 89E5                <1> 		mov		ebp, esp						
     5                              <1> 
     6 00000473 50                  <1> 		push		eax
     7 00000474 53                  <1> 		push		ebx
     8 00000475 51                  <1> 		push		ecx
     9 00000476 52                  <1> 		push		edx
    10 00000477 56                  <1> 		push		esi
    11                              <1> 
    12                              <1> 		;---------------------------------------
    13                              <1> 		; 获取参数
    14                              <1> 		;---------------------------------------
    15 00000478 8B4508              <1> 		mov		eax, [ebp + 8]					; EAX = X0;
    16 0000047B 8B5D0C              <1> 		mov		ebx, [ebp +12]					; EBX = Y0;
    17 0000047E 8B4D10              <1> 		mov		ecx, [ebp +16]					; ECX = X1;
    18 00000481 8B5514              <1> 		mov		edx, [ebp +20]					; EDX = Y1;
    19 00000484 8B7518              <1> 		mov		esi, [ebp +24]					; ESI = 颜色;
    20                              <1> 
    21                              <1> 		;---------------------------------------
    22                              <1> 		; 确定坐标的大小
    23                              <1> 		;---------------------------------------
    24 00000487 39C8                <1> 		cmp		eax, ecx						; if (X1 < X0)
    25 00000489 7C01                <1> 		jl		.10E							; {
    26 0000048B 91                  <1> 		xchg	eax, ecx						;   交换X0和X1
    27                              <1> .10E:											; }
    28                              <1> 
    29 0000048C 39D3                <1> 		cmp		ebx, edx						; if (Y1 < Y0)
    30 0000048E 7C02                <1> 		jl		.20E							; {
    31 00000490 87DA                <1> 		xchg	ebx, edx						;   交换Y0和Y1
    32                              <1> .20E:											; }
    33                              <1> 
    34                              <1> 		;---------------------------------------
    35                              <1> 		; 画矩形
    36                              <1> 		;---------------------------------------
    37 00000492 5653515350E822FFFF- <1> 		cdecl	draw_line, eax, ebx, ecx, ebx, esi	; 上线
    37 0000049B FF6683C414          <1>
    38 000004A0 5652505350E814FFFF- <1> 		cdecl	draw_line, eax, ebx, eax, edx, esi	; 左线
    38 000004A9 FF6683C414          <1>
    39                              <1> 
    40 000004AE 4A                  <1> 		dec		edx									; EDX--; // 下线往上挪一个点
    41 000004AF 5652515250E805FFFF- <1> 		cdecl	draw_line, eax, edx, ecx, edx, esi	; 下线
    41 000004B8 FF6683C414          <1>
    42 000004BD 42                  <1> 		inc		edx
    43                              <1> 
    44 000004BE 49                  <1> 		dec		ecx									; ECX--; // 右线向左挪一个点
    45 000004BF 5652515351E8F5FEFF- <1> 		cdecl	draw_line, ecx, ebx, ecx, edx, esi	; 右线
    45 000004C8 FF6683C414          <1>
    46                              <1> 
    47                              <1> 
    48 000004CD 5E                  <1> 		pop		esi
    49 000004CE 5A                  <1> 		pop		edx
    50 000004CF 59                  <1> 		pop		ecx
    51 000004D0 5B                  <1> 		pop		ebx
    52 000004D1 58                  <1> 		pop		eax
    53                              <1> 
    54 000004D2 89EC                <1> 		mov		esp, ebp
    55 000004D4 5D                  <1> 		pop		ebp
    56                              <1> 
    57 000004D5 C3                  <1> 		ret
    58                              <1> 
    56                                  %include "../modules/protect/itoa.s"
     1                              <1> 
     2                              <1> itoa:
     3                              <1> 
     4 000004D6 55                  <1> 		push	ebp								
     5 000004D7 89E5                <1> 		mov		ebp, esp					
     6                              <1> 
     7 000004D9 50                  <1> 		push	eax
     8 000004DA 53                  <1> 		push	ebx
     9 000004DB 51                  <1> 		push	ecx
    10 000004DC 52                  <1> 		push	edx
    11 000004DD 56                  <1> 		push	esi
    12 000004DE 57                  <1> 		push	edi
    13                              <1> 
    14                              <1> 		;---------------------------------------
    15                              <1> 		; 获取参数
    16                              <1> 		;---------------------------------------
    17 000004DF 8B4508              <1> 		mov		eax, [ebp + 8]					; val  = 数值;
    18 000004E2 8B750C              <1> 		mov		esi, [ebp +12]					; dst  = buffer address;
    19 000004E5 8B4D10              <1> 		mov		ecx, [ebp +16]					; size = 剩下的buffer address;
    20                              <1> 
    21 000004E8 89F7                <1> 		mov		edi, esi						; // buffer的末尾
    22 000004EA 01CF                <1> 		add		edi, ecx						; dst  = &dst[size - 1];
    23 000004EC 4F                  <1> 		dec		edi								; 
    24                              <1> 
    25 000004ED 8B5D18              <1> 		mov		ebx, [ebp +24]					; flags = option;
    26                              <1> 
    27                              <1> 		;---------------------------------------
    28                              <1> 		; 判定是否有符号
    29                              <1> 		;---------------------------------------
    30 000004F0 F7C301000000        <1> 		test	ebx, 0b0001						; if (flags & 0x01)// 有符号
    31 000004F6 7408                <1> .10Q:	je		.10E							; {
    32 000004F8 83F800              <1> 		cmp		eax, 0							;   if (val < 0)
    33 000004FB 7D03                <1> .12Q:	jge		.12E							;   {
    34 000004FD 83CB02              <1> 		or		ebx, 0b0010						;     flags |=  2; // 表示符号
    35                              <1> .12E:											;   }
    36                              <1> .10E:											; }
    37                              <1> 
    38                              <1> 		;---------------------------------------
    39                              <1> 		; 符号输出判定
    40                              <1> 		;---------------------------------------
    41 00000500 F7C302000000        <1> 		test	ebx, 0b0010						; if (flags & 0x02)// 符号输出判定
    42 00000506 7410                <1> .20Q:	je		.20E							; {
    43 00000508 83F800              <1> 		cmp		eax, 0							;   if (val < 0)
    44 0000050B 7D07                <1> .22Q:	jge		.22F							;   {
    45 0000050D F7D8                <1> 		neg		eax								;     val *= -1;   // 变成正数
    46 0000050F C6062D              <1> 		mov		[esi], byte '-'					;     *dst = '-';  // 打印负号
    47 00000512 EB03                <1> 		jmp		.22E							;   }
    48                              <1> .22F:											;   else
    49                              <1> 												;   {
    50 00000514 C6062B              <1> 		mov		[esi], byte '+'					;     *dst = '+';  // 正号
    51                              <1> .22E:											;   }
    52 00000517 49                  <1> 		dec		ecx								;   size--;        // 剩下的buffer_size-1
    53                              <1> .20E:											; }
    54                              <1> 
    55                              <1> 		;---------------------------------------
    56                              <1> 		; ASCII变换
    57                              <1> 		;---------------------------------------
    58 00000518 8B5D14              <1> 		mov		ebx, [ebp +20]					; BX = 基数
    59                              <1> .30L:											; do
    60                              <1> 												; {
    61 0000051B BA00000000          <1> 		mov		edx, 0							;   
    62 00000520 F7F3                <1> 		div		ebx								;   DX = DX:AX % 基数;
    63                              <1> 												;   AX = DX:AX / 基数;
    64                              <1> 												;   
    65 00000522 89D6                <1> 		mov		esi, edx						;   // 查表
    66 00000524 8A96[4F050000]      <1> 		mov		dl, byte [.ascii + esi]			;   DL = ASCII[DX];
    67                              <1> 												;   
    68 0000052A 8817                <1> 		mov		[edi], dl						;   *dst = DL;
    69 0000052C 4F                  <1> 		dec		edi								;   dst--;
    70                              <1> 												;   
    71 0000052D 83F800              <1> 		cmp		eax, 0							;   
    72 00000530 E0E9                <1> 		loopnz	.30L							; } while (AX);
    73                              <1> .30E:
    74                              <1> 
    75                              <1> 		;---------------------------------------
    76                              <1> 		; 空栏填充
    77                              <1> 		;---------------------------------------
    78 00000532 83F900              <1> 		cmp		ecx, 0							; if (size)
    79 00000535 740E                <1> .40Q:	je		.40E							; {
    80 00000537 B020                <1> 		mov		al, ' '							;   AL = ' ';  // ' '填充()默认值
    81 00000539 66837D1804          <1> 		cmp		[ebp +24], word 0b0100			;   if (flags & 0x04)
    82 0000053E 7502                <1> .42Q:	jne		.42E							;   {
    83 00000540 B030                <1> 		mov		al, '0'							;     AL = '0'; // '0'填充
    84                              <1> .42E:											;   }
    85 00000542 FD                  <1> 		std										;   // DF = 1(-方向)
    86 00000543 F3AA                <1> 		rep stosb								;   while (--CX) *DI-- = ' ';
    87                              <1> .40E:											; }
    88                              <1> 
    89                              <1> 
    90 00000545 5F                  <1> 		pop		edi
    91 00000546 5E                  <1> 		pop		esi
    92 00000547 5A                  <1> 		pop		edx
    93 00000548 59                  <1> 		pop		ecx
    94 00000549 5B                  <1> 		pop		ebx
    95 0000054A 58                  <1> 		pop		eax
    96                              <1> 
    97                              <1> 
    98 0000054B 89EC                <1> 		mov		esp, ebp
    99 0000054D 5D                  <1> 		pop		ebp
   100                              <1> 
   101 0000054E C3                  <1> 		ret
   102                              <1> 
   103 0000054F 303132333435363738- <1> .ascii	db		"0123456789ABCDEF"				; 变换表
   103 00000558 39414243444546      <1>
   104                              <1> 
    57                                  %include "../modules/protect/rtc.s"
     1                              <1> rtc_get_time:
     2 0000055F 55                  <1> 		push	ebp								
     3 00000560 89E5                <1> 		mov		ebp, esp
     4                              <1> 										
     5 00000562 53                  <1> 		push	ebx
     6                              <1> 
     7                              <1> 		;---------------------------------------
     8                              <1> 		; RTC时间信息获得
     9                              <1> 		;---------------------------------------
    10 00000563 B00A                <1> 		mov		al, 0x0A						; // 寄存器A
    11 00000565 E670                <1> 		out		0x70, al						; outp(0x70, AL);
    12 00000567 E471                <1> 		in		al, 0x71						; AL = 寄存器A;
    13 00000569 A880                <1> 		test	al, 0x80						; if (DM & UIP) // 更新中
    14 0000056B 7407                <1> 		je		.10F							; {
    15 0000056D B801000000          <1> 		mov		eax, 1							;   ret = 1; // 数据更新中
    16 00000572 EB27                <1> 		jmp		.10E							; }
    17                              <1> .10F:											; else
    18                              <1> 												; {
    19                              <1> 												;   // RAM[0x04]:时
    20 00000574 B004                <1> 		mov		al, 0x04						;   AL = 0x04;
    21 00000576 E670                <1> 		out		0x70, al						;   outp(0x70, AL);
    22 00000578 E471                <1> 		in		al, 0x71						;   AL = inp(0x71); // 时data
    23                              <1> 												;   
    24 0000057A C1E008              <1> 		shl		eax, 8							;   EAX <<= 8;      // bit移位
    25                              <1> 												;   
    26                              <1> 												;   // RAM[0x02]:分
    27 0000057D B002                <1> 		mov		al, 0x02						;   AL = 0x02;
    28 0000057F E670                <1> 		out		0x70, al						;   outp(0x70, AL);
    29 00000581 E471                <1> 		in		al, 0x71						;   AL = inp(0x71); // 分data
    30                              <1> 												;   
    31 00000583 C1E008              <1> 		shl		eax, 8							;   EAX <<= 8;      // bit移位
    32                              <1> 												;   
    33                              <1> 												;   // RAM[0x00]:秒
    34 00000586 B000                <1> 		mov		al, 0x00						;   AL = 0x00;
    35 00000588 E670                <1> 		out		0x70, al						;   outp(0x70, AL);
    36 0000058A E471                <1> 		in		al, 0x71						;   AL = inp(0x71); //秒data
    37                              <1> 												;   
    38 0000058C 25FFFFFF00          <1> 		and		eax, 0x00_FF_FF_FF				;   // 只有低位的3byte有效
    39                              <1> 												;   
    40 00000591 8B5D08              <1> 		mov		ebx, [ebp + 8]					;   ebx = 保存地址;
    41 00000594 8903                <1> 		mov		[ebx], eax						;   [dst] = 时间;
    42                              <1> 												;   
    43 00000596 B800000000          <1> 		mov		eax, 0							;   ret = 0; // 正常
    44                              <1> .10E:											; }
    45                              <1> 
    46 0000059B 5B                  <1> 		pop		ebx
    47                              <1> 
    48 0000059C 89EC                <1> 		mov		esp, ebp
    49 0000059E 5D                  <1> 		pop		ebp
    50                              <1> 
    51 0000059F C3                  <1> 		ret
    52                              <1> 
    58                                  %include "../modules/protect/draw_time.s"
     1                              <1> draw_time:
     2 000005A0 55                  <1> 		push	ebp	
     3 000005A1 89E5                <1> 		mov		ebp, esp
     4                              <1> 											
     5                              <1> 
     6 000005A3 50                  <1> 		push	eax
     7 000005A4 53                  <1> 		push	ebx
     8                              <1> 
     9                              <1> 		;---------------------------------------
    10                              <1> 		; 获取时间数据
    11                              <1> 		;---------------------------------------
    12 000005A5 8B4514              <1> 	    mov		eax, [ebp +20]					; EAX = 时间数据;
    13 000005A8 3B05[26060000]      <1> 		cmp		eax, [.last]					; if (崱夞 != 慜夞)
    14 000005AE 7467                <1> 		je		.10E							; {
    15                              <1> 												;   
    16 000005B0 A3[26060000]        <1> 		mov		[.last], eax					;   // 慜夞偺帪崗抣傪峏怴
    17                              <1> 
    18 000005B5 BB00000000          <1> 		mov		ebx, 0							;   EBX = 0;
    19 000005BA 88C3                <1> 		mov		bl, al							;   EBX = 秒;
    20 000005BC 6A046A106A0268-     <1> 		cdecl	itoa, ebx, .sec, 2, 16, 0b0100	;   //转换成字符串
    20 000005C3 [34060000]53E809FF- <1>
    20 000005CB FFFF6683C414        <1>
    21                              <1> 
    22 000005D1 88E3                <1> 		mov		bl, ah							;   EBX = 分;
    23 000005D3 6A046A106A0268-     <1> 		cdecl	itoa, ebx, .min, 2, 16, 0b0100	;   // 转换成字符串
    23 000005DA [31060000]53E8F2FE- <1>
    23 000005E2 FFFF6683C414        <1>
    24                              <1> 
    25 000005E8 C1E810              <1> 		shr		eax, 16							;   EBX = 时;
    26 000005EB 6A046A106A0268-     <1> 		cdecl	itoa, eax, .hour, 2, 16, 0b0100	;   // 转换成字符串
    26 000005F2 [2E060000]50E8DAFE- <1>
    26 000005FA FFFF6683C414        <1>
    27                              <1> 
    28                              <1> 												;   // 输出时间
    29 00000600 68[2E060000]FF7510- <1> 		cdecl	draw_str, dword [ebp + 8], dword [ebp +12], dword [ebp +16], .hour
    29 00000608 FF750CFF7508E825FC- <1>
    29 00000611 FFFF6683C410        <1>
    30                              <1> 												;     
    31                              <1> 												;   }
    32                              <1> .10E:											; }
    33                              <1> 
    34 00000617 5B                  <1> 		pop		ebx
    35 00000618 58                  <1> 		pop		eax
    36                              <1> 
    37 00000619 89EC                <1> 		mov		esp, ebp
    38 0000061B 5D                  <1> 		pop		ebp
    39                              <1> 
    40 0000061C C3                  <1> 		ret
    41                              <1> 
    42 0000061D 00                  <1> ALIGN 2, db 0
    43 0000061E 0000000000000000    <1> .temp:	dq	0
    44 00000626 0000000000000000    <1> .last:	dq	0
    45 0000062E 5A5A3A              <1> .hour:	db	"ZZ:"
    46 00000631 5A5A3A              <1> .min:	db	"ZZ:"
    47 00000634 5A5A00              <1> .sec:	db	"ZZ", 0
    48                              <1> 
    59                                  %include "modules/interrupt.s"
     1                              <1> int_default:
     2 00000637 9C                  <1> 		pushf									; // EFLAGS(IF==0)
     3 00000638 0E                  <1> 		push	cs								; // CS
     4 00000639 68[55060000]        <1> 		push	int_stop						; // 表示stack
     5                              <1> 
     6 0000063E B8[44060000]        <1> 		mov		eax, .s0						; // 终止的类别
     7 00000643 CF                  <1> 		iret
     8                              <1> 
     9 00000644 203C2020202053544F- <1> .s0		db	" <    STOP    > ", 0
     9 0000064D 50202020203E2000    <1>
    10                              <1> 
    11                              <1> ;************************************************************************
    12                              <1> ;表示stack的值
    13                              <1> ;************************************************************************
    14                              <1> int_stop:
    15                              <1> 		;---------------------------------------
    16                              <1> 		; EAX表示的字符串
    17                              <1> 		;---------------------------------------
    18 00000655 50680F0600006A0F6A- <1> 		cdecl	draw_str, 25, 15, 0x060F, eax	; draw_str(EAX);
    18 0000065E 19E8D4FBFFFF6683C4- <1>
    18 00000667 10                  <1>
    19                              <1> 
    20                              <1> 		;---------------------------------------
    21                              <1> 		; 将stack_data转换成字符串
    22                              <1> 		;---------------------------------------
    23 00000668 8B0424              <1> 		mov		eax, [esp + 0]					; EAX = ESP[ 0];
    24 0000066B 6A046A106A0868-     <1> 		cdecl	itoa, eax, .p1, 8, 16, 0b0100	; itoa(EAX, 8, 16, 0b0100);
    24 00000672 [30070000]50E85AFE- <1>
    24 0000067A FFFF6683C414        <1>
    25                              <1> 
    26 00000680 8B442404            <1> 		mov		eax, [esp + 4]					; EAX = ESP[ 4];
    27 00000684 6A046A106A0868-     <1> 		cdecl	itoa, eax, .p2, 8, 16, 0b0100	; itoa(EAX, 8, 16, 0b0100);
    27 0000068B [41070000]50E841FE- <1>
    27 00000693 FFFF6683C414        <1>
    28                              <1> 
    29 00000699 8B442408            <1> 		mov		eax, [esp + 8]					; EAX = ESP[ 8];
    30 0000069D 6A046A106A0868-     <1> 		cdecl	itoa, eax, .p3, 8, 16, 0b0100	; itoa(EAX, 8, 16, 0b0100);
    30 000006A4 [52070000]50E828FE- <1>
    30 000006AC FFFF6683C414        <1>
    31                              <1> 
    32 000006B2 8B44240C            <1> 		mov		eax, [esp +12]					; EAX = ESP[12];
    33 000006B6 6A046A106A0868-     <1> 		cdecl	itoa, eax, .p4, 8, 16, 0b0100	; itoa(EAX, 8, 16, 0b0100);
    33 000006BD [63070000]50E80FFE- <1>
    33 000006C5 FFFF6683C414        <1>
    34                              <1> 
    35                              <1> 		;---------------------------------------
    36                              <1> 		; 字符串打印
    37                              <1> 		;---------------------------------------
    38 000006CB 68[29070000]68040F- <1> 		cdecl	draw_str, 25, 16, 0x0F04, .s1	; draw_str("ESP+ 0:-------- ");
    38 000006D3 00006A106A19E85AFB- <1>
    38 000006DC FFFF6683C410        <1>
    39 000006E2 68[3A070000]68040F- <1> 		cdecl	draw_str, 25, 17, 0x0F04, .s2	; draw_str("   + 4:-------- ");
    39 000006EA 00006A116A19E843FB- <1>
    39 000006F3 FFFF6683C410        <1>
    40 000006F9 68[4B070000]68040F- <1> 		cdecl	draw_str, 25, 18, 0x0F04, .s3	; draw_str("   + 8:-------- ");
    40 00000701 00006A126A19E82CFB- <1>
    40 0000070A FFFF6683C410        <1>
    41 00000710 68[5C070000]68040F- <1> 		cdecl	draw_str, 25, 19, 0x0F04, .s4	; draw_str("   +12:-------- ");
    41 00000718 00006A136A19E815FB- <1>
    41 00000721 FFFF6683C410        <1>
    42                              <1> 
    43                              <1> 		;---------------------------------------
    44                              <1> 		; 无限循环
    45                              <1> 		;---------------------------------------
    46 00000727 EBFE                <1> 		jmp		$								; while (1) ; // 无限循环
    47                              <1> 
    48 00000729 4553502B20303A      <1> .s1		db	"ESP+ 0:"
    49 00000730 5F5F5F5F5F5F5F5F20- <1> .p1		db	"________ ", 0
    49 00000739 00                  <1>
    50 0000073A 2020202B20343A      <1> .s2		db	"   + 4:"
    51 00000741 5F5F5F5F5F5F5F5F20- <1> .p2		db	"________ ", 0
    51 0000074A 00                  <1>
    52 0000074B 2020202B20383A      <1> .s3		db	"   + 8:"
    53 00000752 5F5F5F5F5F5F5F5F20- <1> .p3		db	"________ ", 0
    53 0000075B 00                  <1>
    54 0000075C 2020202B31323A      <1> .s4		db	"   +12:"
    55 00000763 5F5F5F5F5F5F5F5F20- <1> .p4		db	"________ ", 0
    55 0000076C 00                  <1>
    56                              <1> 
    60                                  
    61                                  ;********************
    62                                  ;padding
    63                                  ;********************
    64 0000076D 00<rept>                	times KERNEL_SIZE -($-$$) db 0;
