     1                                  %include "../include/define.s"
     1                              <1> BOOT_LOAD equ 0x7C00      ;//boot程序加载地址
     2                              <1> BOOT_SIZE equ (1024 * 8)  ;//boot代码段大小
     3                              <1> BOOT_END  equ (BOOT_LOAD + BOOT_SIZE) ;
     4                              <1> 
     5                              <1> SECT_SIZE equ (512)       ;//sector大小
     6                              <1> BOOT_SECT equ (BOOT_SIZE / SECT_SIZE)   ;//boot的sector数
     7                              <1> 
     8                              <1> E820_RECORD_SIZE equ 20
     9                              <1> 
    10                              <1> KERNEL_LOAD equ 0x0010_1000
    11                              <1> KERNEL_SIZE equ (1024*8) ;//kernel的大小仍然是8k
    12                              <1> KERNEL_SECT equ (KERNEL_SIZE / SECT_SIZE)
     2                                  %include "../include/macro.s"
     1                              <1> %macro cdecl 1-*.nolist  ;//1-*是一个以上的参数
     2                              <1> 
     3                              <1> 	%rep %0 - 1         ;//%0是参数的个数
     4                              <1> 		push %{-1:-1}  ;//%将参数倒着压栈
     5                              <1> 		%rotate -1   
     6                              <1> 	%endrep
     7                              <1> 	%rotate -1      ;//恢复原来的参数
     8                              <1> 
     9                              <1> 	call %1
    10                              <1> 	%if 1 < %0
    11                              <1> 		add sp,(__BITS__ >> 3)*(%0 - 1)     ;//__BITS__是表示16比特模式还是32比特模式
    12                              <1> 	%endif									;//给每个参数分配栈空间
    13                              <1> %endmacro
    14                              <1> 
    15                              <1> struc drive
    16 00000000 <res 00000002>      <1> 	.no resw 1	 ;驱动号
    17 00000002 <res 00000002>      <1> 	.cyln resw 1 ;cylinder
    18 00000004 <res 00000002>      <1> 	.head resw 1 ;head
    19 00000006 <res 00000002>      <1> 	.sect resw 1 ;sector
    20                              <1> endstruc
    21                              <1> 
     3                                  	
     4                                  	ORG KERNEL_LOAD
     5                                  
     6                                  [BITS 32]
     7                                  ;*******************
     8                                  ;entry  point
     9                                  ;*******************
    10                                  kernel:
    11                                  	;----------------------
    12                                  	;获取font address
    13                                  	;----------------------
    14 00000000 BE007E0000              	mov esi,BOOT_LOAD + SECT_SIZE ;ESI = 0x7C00 + 512
    15 00000005 0FB706                  	movzx eax,word[esi + 0]				;//eax = segment
    16 00000008 0FB75E02                	movzx ebx,word[esi + 2]				;//ebx = offset
    17 0000000C C1E004                  	shl eax,4
    18 0000000F 01D8                    	add eax,ebx
    19 00000011 A3[7C000000]            	mov [FONT_ADR],eax					;FONT_ADR[0] = eax
    20                                  
    21                                  	;------------------------------
    22                                  	;打印矩形
    23                                  	;------------------------------
    24 00000016 6A0368C800000068C8-     	cdecl draw_rect ,100,100,200,200,0x03
    24 0000001F 0000006A646A64E849-
    24 00000028 0400006683C414     
    25 0000002F 6A0568960000006896-     	cdecl draw_rect ,400,250,150,150,0x05
    25 00000038 00000068FA00000068-
    25 00000041 90010000E82A040000-
    25 0000004A 6683C414           
    26 0000004E 6A066A64682C010000-     	cdecl draw_rect ,350,400,300,100,0x06
    26 00000057 6890010000685E0100-
    26 00000060 00E80E0400006683C4-
    26 00000069 14                 
    27                                  
    28                                  
    29                                  
    30 0000006A EBFE                    	jmp $
    31 0000006C 48656C6C6F2C206B65-     .s0 db "Hello, kernel!",0
    31 00000075 726E656C2100       
    32                                  
    33 0000007B 00                      ALIGN 4,db 0
    34 0000007C 00000000                FONT_ADR: dd 0
    35                                  
    36                                  
    37                                  ;*************************
    38                                  ;model
    39                                  ;*************************
    40                                  %include "../modules/protect/vga.s"
     1                              <1> vga_set_read_plane:
     2                              <1> 	
     3 00000080 55                  <1> 		push	ebp	
     4 00000081 89E5                <1> 		mov		ebp, esp						
     5                              <1> 
     6 00000083 50                  <1> 		push	eax
     7 00000084 52                  <1> 		push	edx
     8                              <1> 
     9                              <1> 		;---------------------------------------
    10                              <1> 		;选择读取的plane
    11                              <1> 		;---------------------------------------
    12 00000085 8A6508              <1> 		mov		ah, [ebp + 8]					; AH  = 指定读取的palne(----RGB)
    13 00000088 80E403              <1> 		and		ah, 0x03						; AH &= 0x03; // mask掉不要的bit
    14 0000008B B004                <1> 		mov		al, 0x04						; AL  = 读取map选择寄存器
    15 0000008D 66BACE03            <1> 		mov		dx, 0x03CE						; DX  = 图像控制端口
    16 00000091 66EF                <1> 		out		dx, ax							; // 端口输出
    17                              <1> 
    18 00000093 5A                  <1> 		pop		edx
    19 00000094 58                  <1> 		pop		eax
    20 00000095 89EC                <1> 		mov		esp, ebp
    21 00000097 5D                  <1> 		pop		ebp
    22                              <1> 
    23 00000098 C3                  <1> 		ret
    24                              <1> 
    25                              <1> vga_set_write_plane:
    26                              <1> 											
    27 00000099 55                  <1> 		push	ebp								
    28 0000009A 89E5                <1> 		mov		ebp, esp						
    29                              <1> 											
    30 0000009C 50                  <1> 		push	eax
    31 0000009D 52                  <1> 		push	edx
    32                              <1> 
    33                              <1> 		;---------------------------------------
    34                              <1> 		; 选择写入的plane
    35                              <1> 		;---------------------------------------
    36 0000009E 8A6508              <1> 		mov		ah, [ebp + 8]					; AH = 指定写入的plane(Bit:----IRGB)
    37 000000A1 80E40F              <1> 		and		ah, 0x0F						; AH = 0x0F; // mask掉不需要的比特
    38 000000A4 B002                <1> 		mov		al, 0x02						; AL = 指定写入plane
    39 000000A6 66BAC403            <1> 		mov		dx, 0x03C4						; DX = sequence控制端口
    40 000000AA 66EF                <1> 		out		dx, ax							; // 端口输出
    41                              <1> 
    42                              <1> 
    43 000000AC 5A                  <1> 		pop		edx
    44 000000AD 58                  <1> 		pop		eax
    45                              <1> 
    46 000000AE 89EC                <1> 		mov		esp, ebp
    47 000000B0 5D                  <1> 		pop		ebp
    48                              <1> 
    49 000000B1 C3                  <1> 		ret
    50                              <1> 
    51                              <1> ;
    52                              <1> vram_font_copy:
    53                              <1> 
    54                              <1> 
    55 000000B2 55                  <1> 		push	ebp							
    56 000000B3 89E5                <1> 		mov		ebp, esp						
    57                              <1> 
    58 000000B5 50                  <1> 		push	eax
    59 000000B6 53                  <1> 		push	ebx
    60 000000B7 51                  <1> 		push	ecx
    61 000000B8 52                  <1> 		push	edx
    62 000000B9 56                  <1> 		push	esi
    63 000000BA 57                  <1> 		push	edi
    64                              <1> 
    65                              <1> 		;---------------------------------------
    66                              <1> 		; 获取参数
    67                              <1> 		;---------------------------------------
    68 000000BB 8B7508              <1> 		mov		esi, [ebp + 8]					; ESI = font地址
    69 000000BE 8B7D0C              <1> 		mov		edi, [ebp +12]					; EDI = VRAM地址;
    70 000000C1 0FB64510            <1> 		movzx	eax, byte [ebp +16]				; EAX = plane(用比特指定);
    71 000000C5 0FB75D14            <1> 		movzx	ebx, word [ebp +20]				; EBX = 颜色;
    72                              <1> 
    73                              <1> 		;//背景色或者前景色包含plane的时候设置为0xff,不包含的时候设置为0x00
    74                              <1> 
    75 000000C9 84C7                <1> 		test	bh, al							; ZF = (背景色 & plane);
    76 000000CB 0F94C6              <1> 		setz	dh								; AH = ZF ? 0x01 : 0x00
    77 000000CE FECE                <1> 		dec		dh								; AH--; // 0x00 or 0xFF
    78                              <1> 
    79 000000D0 84C3                <1> 		test	bl, al							; ZF = (前景色 & plane);
    80 000000D2 0F94C2              <1> 		setz	dl								; AL = ZF ? 0x01 : 0x00
    81 000000D5 FECA                <1> 		dec		dl								; AL--; // 0x00 or 0xFF
    82                              <1> 
    83                              <1> 		;---------------------------------------
    84                              <1> 		; 复制16个点的font
    85                              <1> 		;---------------------------------------
    86 000000D7 FC                  <1> 		cld										; DF  = 0; 
    87                              <1> 
    88 000000D8 B910000000          <1> 		mov		ecx, 16							; ECX = 16; // 16个点
    89                              <1> .10L:											; do
    90                              <1> 												; {
    91                              <1> 		;---------------------------------------
    92                              <1> 		; 生成font_mask
    93                              <1> 		;---------------------------------------
    94 000000DD AC                  <1> 		lodsb									;   AL  = *ESI++; //  font
    95 000000DE 88C4                <1> 		mov		ah, al							;   AH ~= AL;     // !font(比特反转)
    96 000000E0 F6D4                <1> 		not		ah								;   
    97                              <1> 
    98                              <1> 		;---------------------------------------
    99                              <1> 		; 前景色
   100                              <1> 		;---------------------------------------
   101 000000E2 20D0                <1> 		and		al, dl							;   AL =前景色 & font;
   102                              <1> 
   103                              <1> 		;---------------------------------------
   104                              <1> 		; 背景色
   105                              <1> 		;---------------------------------------
   106 000000E4 F7C310000000        <1> 		test	ebx, 0x0010						;   if (透明模式)
   107 000000EA 7404                <1> 		jz		.11F							;   {
   108 000000EC 2227                <1> 		and		ah, [edi]						;     AH = !font & [EDI] // 现在值
   109 000000EE EB02                <1> 		jmp		.11E							;   }
   110                              <1> .11F:											;   else
   111                              <1> 												;   {
   112 000000F0 20F4                <1> 		and		ah, dh							;     AH = !font & 背景色;
   113                              <1> .11E:											;   }
   114                              <1> 
   115                              <1> 		;---------------------------------------
   116                              <1> 		; 前景色和背景色的合成
   117                              <1> 		;---------------------------------------
   118 000000F2 08E0                <1> 		or		al, ah							;   AL  = 前景 | 背景;
   119                              <1> 
   120                              <1> 		;---------------------------------------
   121                              <1> 		; 输出新的值
   122                              <1> 		;---------------------------------------
   123 000000F4 8807                <1> 		mov		[edi], al						;   [EDI] = AL; // 写入plane
   124                              <1> 
   125 000000F6 83C750              <1> 		add		edi, 80							;   EDI += 80;(font是30x80)
   126 000000F9 E2E2                <1> 		loop	.10L							; } while (--ECX);
   127                              <1> .10E:											; 
   128 000000FB 5F                  <1> 		pop		edi
   129 000000FC 5E                  <1> 		pop		esi
   130 000000FD 5A                  <1> 		pop		edx
   131 000000FE 59                  <1> 		pop		ecx
   132 000000FF 5B                  <1> 		pop		ebx
   133 00000100 58                  <1> 		pop		eax
   134                              <1> 
   135 00000101 89EC                <1> 		mov		esp, ebp
   136 00000103 5D                  <1> 		pop		ebp
   137                              <1> 
   138 00000104 C3                  <1> 		ret
   139                              <1> 
   140                              <1> vram_bit_copy:
   141                              <1> 
   142 00000105 55                  <1> 		push	ebp							
   143 00000106 89E5                <1> 		mov		ebp, esp						
   144                              <1> 												
   145 00000108 50                  <1> 		push	eax
   146 00000109 53                  <1> 		push	ebx
   147 0000010A 57                  <1> 		push	edi
   148                              <1> 
   149                              <1> 		;---------------------------------------
   150                              <1> 		; 获取参数
   151                              <1> 		;---------------------------------------
   152 0000010B 8B7D0C              <1> 		mov		edi, [ebp +12]					; EDI = VRAM地址
   153 0000010E 0FB64510            <1> 		movzx	eax, byte [ebp +16]				; EAX = palne(bit);
   154 00000112 0FB75D14            <1> 		movzx	ebx, word [ebp +20]				; EBX = 表示颜色;
   155                              <1> 
   156 00000116 84C3                <1> 		test	bl, al							; ZF = (前景色 & plane);
   157 00000118 0F94C3              <1> 		setz	bl								; BL = ZF ? 0x01 : 0x00
   158 0000011B FECB                <1> 		dec		bl								; BL--; // 0x00 or 0xFF
   159                              <1> 
   160                              <1> 		;---------------------------------------
   161                              <1> 		; 输出比特模式的反
   162                              <1> 		;---------------------------------------
   163 0000011D 8A4508              <1> 		mov		al, [ebp + 8]					; AL = 输出比特模式
   164 00000120 88C4                <1> 		mov		ah, al							; AH ~= AL;     // ! 输出比特模式
   165 00000122 F6D4                <1> 		not		ah								; 
   166                              <1> 
   167                              <1> 		;---------------------------------------
   168                              <1> 		; 生成输入的值
   169                              <1> 		;---------------------------------------
   170 00000124 2227                <1> 		and		ah, [edi]						; AH  =  ! 输出比特模式 & 现在值
   171 00000126 20D8                <1> 		and		al, bl							; AL  = 输出比特模式 &  表示色
   172 00000128 08E0                <1> 		or		al, ah							; AL |= AH;
   173                              <1> 
   174                              <1> 		;---------------------------------------
   175                              <1> 		; 数据写入
   176                              <1> 		;---------------------------------------
   177 0000012A 8807                <1> 		mov		[edi], al						; [EDI] = BL; // 写入palne
   178                              <1> 
   179                              <1> 
   180 0000012C 5F                  <1> 		pop		edi
   181 0000012D 5B                  <1> 		pop		ebx
   182 0000012E 58                  <1> 		pop		eax
   183                              <1> 
   184 0000012F 89EC                <1> 		mov		esp, ebp
   185 00000131 5D                  <1> 		pop		ebp
   186                              <1> 
   187 00000132 C3                  <1> 		ret
   188                              <1> 
    41                                  %include "../modules/protect/draw_char.s"
     1                              <1> draw_char:
     2                              <1> 
     3 00000133 55                  <1> 		push	ebp			
     4 00000134 89E5                <1> 		mov		ebp, esp	
     5                              <1> 											
     6                              <1> 
     7 00000136 50                  <1> 		push	eax
     8 00000137 53                  <1> 		push	ebx
     9 00000138 51                  <1> 		push	ecx
    10 00000139 52                  <1> 		push	edx
    11 0000013A 56                  <1> 		push	esi
    12 0000013B 57                  <1> 		push	edi
    13                              <1> 
    14                              <1> 		;---------------------------------------
    15                              <1> 		; 取得参数
    16                              <1> 		;---------------------------------------
    17 0000013C 0FB67514            <1> 		movzx	esi, byte [ebp +20]				; ESI  = 字符码
    18 00000140 C1E604              <1> 		shl		esi, 4							; CL *= 16; // 1字符16byte
    19 00000143 0335[7C000000]      <1> 		add		esi, [FONT_ADR]					; ESI = font地址;
    20                              <1> 
    21                              <1> 		;---------------------------------------
    22                              <1> 		; 取得复制目的地的地址
    23                              <1> 		; Adr = 0xA0000 + (640 / 8 * 16) * y + x
    24                              <1> 		;---------------------------------------
    25 00000149 8B7D0C              <1> 		mov		edi, [ebp +12]					; Y(行)
    26 0000014C C1E708              <1> 		shl		edi, 8							; EDI = Y * 256;
    27 0000014F 8DBCBF00000A00      <1> 		lea		edi, [edi * 4 + edi + 0xA0000]	; EDI = Y *   4 + Y;
    28 00000156 037D08              <1> 		add		edi, [ebp + 8]					; X(列)
    29                              <1> 
    30                              <1> 		;---------------------------------------
    31                              <1> 		; 输出一字符的font
    32                              <1> 		;---------------------------------------
    33 00000159 0FB75D10            <1> 		movzx	ebx, word [ebp +16]				; // 颜色
    34                              <1> 
    35 0000015D 6A03E81CFFFFFF6683- <1> 		cdecl	vga_set_read_plane, 0x03		; // 写入plane(亮度:I)
    35 00000166 C404                <1>
    36 00000168 6A08E82AFFFFFF6683- <1> 		cdecl	vga_set_write_plane, 0x08		; // 输出plane(亮度:I)
    36 00000171 C404                <1>
    37 00000173 536A085756E835FFFF- <1> 		cdecl	vram_font_copy, esi, edi, 0x08, ebx
    37 0000017C FF6683C410          <1>
    38                              <1> 
    39 00000181 6A02E8F8FEFFFF6683- <1> 		cdecl	vga_set_read_plane, 0x02		; //写入plane(红:R)
    39 0000018A C404                <1>
    40 0000018C 6A04E806FFFFFF6683- <1> 		cdecl	vga_set_write_plane, 0x04		; //输出plane(红:R)
    40 00000195 C404                <1>
    41 00000197 536A045756E811FFFF- <1> 		cdecl	vram_font_copy, esi, edi, 0x04, ebx
    41 000001A0 FF6683C410          <1>
    42                              <1> 
    43 000001A5 6A01E8D4FEFFFF6683- <1> 		cdecl	vga_set_read_plane, 0x01		; // 写入plane(绿:G)
    43 000001AE C404                <1>
    44 000001B0 6A02E8E2FEFFFF6683- <1> 		cdecl	vga_set_write_plane, 0x02		; // 输出plane(绿:G)
    44 000001B9 C404                <1>
    45 000001BB 536A025756E8EDFEFF- <1> 		cdecl	vram_font_copy, esi, edi, 0x02, ebx
    45 000001C4 FF6683C410          <1>
    46                              <1> 
    47 000001C9 6A00E8B0FEFFFF6683- <1> 		cdecl	vga_set_read_plane, 0x00		; // 写入plane(蓝:B)
    47 000001D2 C404                <1>
    48 000001D4 6A01E8BEFEFFFF6683- <1> 		cdecl	vga_set_write_plane, 0x01		; // 输出plane(蓝:B)
    48 000001DD C404                <1>
    49 000001DF 536A015756E8C9FEFF- <1> 		cdecl	vram_font_copy, esi, edi, 0x01, ebx
    49 000001E8 FF6683C410          <1>
    50                              <1> 
    51                              <1> 
    52 000001ED 5F                  <1> 		pop		edi
    53 000001EE 5E                  <1> 		pop		esi
    54 000001EF 5A                  <1> 		pop		edx
    55 000001F0 59                  <1> 		pop		ecx
    56 000001F1 5B                  <1> 		pop		ebx
    57 000001F2 58                  <1> 		pop		eax
    58                              <1> 
    59 000001F3 89EC                <1> 		mov		esp, ebp
    60 000001F5 5D                  <1> 		pop		ebp
    61                              <1> 
    62 000001F6 C3                  <1> 		ret
    63                              <1> 
    42                                  %include "../modules/protect/draw_font.s"
     1                              <1> draw_font:
     2 000001F7 55                  <1> 		push	ebp		
     3 000001F8 89E5                <1> 		mov		ebp, esp		
     4                              <1> 							
     5                              <1> 
     6 000001FA 50                  <1> 		push	eax
     7 000001FB 53                  <1> 		push	ebx
     8 000001FC 51                  <1> 		push	ecx
     9 000001FD 52                  <1> 		push	edx
    10 000001FE 56                  <1> 		push	esi
    11 000001FF 57                  <1> 		push	edi
    12                              <1> 
    13 00000200 8B7508              <1> 		mov		esi, [ebp + 8]					; ESI = X(列)
    14 00000203 8B7D0C              <1> 		mov		edi, [ebp +12]					; EDI = Y(行)
    15                              <1> 
    16                              <1> 		;---------------------------------------
    17                              <1> 		; 僼僅儞僩堦棗傪昞帵
    18                              <1> 		;---------------------------------------
    19 00000206 B900000000          <1> 		mov		ecx, 0							; for (ECX = 0;
    20 0000020B 81F900010000        <1> .10L:	cmp		ecx, 256						;      ECX < 256;
    21 00000211 731F                <1> 		jae		.10E							; 
    22                              <1> 												;      ECX++)
    23                              <1> 												; {
    24                              <1> 												;   // 一行表示16个字符,列位置
    25 00000213 89C8                <1> 		mov		eax, ecx						;   EAX  = ECX;
    26 00000215 83E00F              <1> 		and		eax, 0x0F						;   EAX &= 0x0F
    27 00000218 01F0                <1> 		add		eax, esi						;   EAX += X;
    28                              <1> 												;   
    29                              <1> 												;   // 行位置
    30 0000021A 89CB                <1> 		mov		ebx, ecx						;   EBX  = ECX;
    31 0000021C C1EB04              <1> 		shr		ebx, 4							;   EBX /= 16
    32 0000021F 01FB                <1> 		add		ebx, edi						;   EBX += Y;
    33                              <1> 
    34 00000221 516A075350E808FFFF- <1> 		cdecl	draw_char, eax, ebx, 0x07, ecx	;   draw_char();
    34 0000022A FF6683C410          <1>
    35                              <1> 
    36 0000022F 41                  <1> 		inc		ecx								;   // for (... ECX++)
    37 00000230 EBD9                <1> 		jmp		.10L							; 
    38                              <1> .10E:											; }
    39                              <1> 
    40                              <1> 
    41 00000232 5F                  <1> 		pop		edi
    42 00000233 5E                  <1> 		pop		esi
    43 00000234 5A                  <1> 		pop		edx
    44 00000235 59                  <1> 		pop		ecx
    45 00000236 5B                  <1> 		pop		ebx
    46 00000237 58                  <1> 		pop		eax
    47                              <1> 
    48 00000238 89EC                <1> 		mov		esp, ebp
    49 0000023A 5D                  <1> 		pop		ebp
    50                              <1> 
    51 0000023B C3                  <1> 		ret
    52                              <1> 
    43                                  %include "../modules/protect/draw_str.s"
     1                              <1> draw_str:
     2                              <1> 
     3 0000023C 55                  <1> 		push	ebp							
     4 0000023D 89E5                <1> 		mov		ebp, esp					
     5                              <1> 
     6                              <1> 
     7 0000023F 50                  <1> 		push	eax
     8 00000240 53                  <1> 		push	ebx
     9 00000241 51                  <1> 		push	ecx
    10 00000242 52                  <1> 		push	edx
    11 00000243 56                  <1> 		push	esi
    12                              <1> 
    13                              <1> 		;---------------------------------------
    14                              <1> 		; 获取参数
    15                              <1> 		;---------------------------------------
    16 00000244 8B4D08              <1> 		mov		ecx, [ebp + 8]					; ECX = 列;
    17 00000247 8B550C              <1> 		mov		edx, [ebp +12]					; EDX = 行;
    18 0000024A 0FB75D10            <1> 		movzx	ebx, word [ebp + 16]			; EBX = 颜色;
    19 0000024E 8B7514              <1> 		mov		esi, [ebp +20]					; ESI = 字符串地址;
    20                              <1> 
    21 00000251 FC                  <1> 		cld										; DF = 0; // 正方向
    22                              <1> .10L:											; do
    23                              <1> 												; {
    24 00000252 AC                  <1> 		lodsb									;   AL = *ESI++; // 暥帤傪庢摼
    25 00000253 3C00                <1> 		cmp		al, 0							;   if (0 == AL)
    26 00000255 7425                <1> 		je		.10E							;     break;
    27                              <1> 
    28 00000257 50535251E8D3FEFFFF- <1> 		cdecl	draw_char, ecx, edx, ebx, eax	;   draw_char();
    28 00000260 6683C410            <1>
    29                              <1> 
    30                              <1> 		; 師偺暥帤偺埵抲傪挷惍
    31 00000264 41                  <1> 		inc		ecx								;   ECX++;           // 列+1
    32 00000265 83F950              <1> 		cmp		ecx, 80							;   if (80 <= ECX)   // 80列超过的话要换行
    33 00000268 7C10                <1> 		jl		.12E							;   {
    34 0000026A B900000000          <1> 		mov		ecx, 0							;     ECX = 0;       // 列 = 0
    35 0000026F 42                  <1> 		inc		edx								;     EDX++;         // 行 + 1
    36 00000270 83FA1E              <1> 		cmp		edx, 30							;     if (30 <= EDX) // 30行以上换页
    37 00000273 7C05                <1> 		jl		.12E							;     {
    38 00000275 BA00000000          <1> 		mov		edx, 0							;       EDX = 0;     // 行 = 0
    39                              <1> 												;     }
    40                              <1> .12E:											;   }
    41 0000027A EBD6                <1> 		jmp		.10L							;   
    42                              <1> .10E:											; } while (1);
    43                              <1> 
    44 0000027C 5E                  <1> 		pop		esi
    45 0000027D 5A                  <1> 		pop		edx
    46 0000027E 59                  <1> 		pop		ecx
    47 0000027F 5B                  <1> 		pop		ebx
    48 00000280 58                  <1> 		pop		eax
    49                              <1> 
    50 00000281 89EC                <1> 		mov		esp, ebp
    51 00000283 5D                  <1> 		pop		ebp
    52                              <1> 
    53 00000284 C3                  <1> 		ret
    54                              <1> 
    44                                  %include "../modules/protect/draw_color_bar.s"
     1                              <1> draw_color_bar:
     2 00000285 55                  <1> 		push	ebp						
     3 00000286 89E5                <1> 		mov		ebp, esp						
     4                              <1> 
     5 00000288 50                  <1> 		push	eax
     6 00000289 53                  <1> 		push	ebx
     7 0000028A 51                  <1> 		push	ecx
     8 0000028B 52                  <1> 		push	edx
     9 0000028C 56                  <1> 		push	esi
    10 0000028D 57                  <1> 		push	edi
    11                              <1> 
    12 0000028E 8B7508              <1> 		mov		esi, [ebp + 8]					; ESI = X乮楍乯
    13 00000291 8B7D0C              <1> 		mov		edi, [ebp +12]					; EDI = Y乮峴乯
    14                              <1> 
    15                              <1> 		;---------------------------------------
    16                              <1> 		; 表示colorbar
    17                              <1> 		;---------------------------------------
    18 00000294 B900000000          <1> 		mov		ecx, 0							; for (ECX = 0;
    19 00000299 83F910              <1> .10L:	cmp		ecx, 16							;      ECX < 16;
    20 0000029C 732E                <1> 		jae		.10E							; 
    21                              <1> 												;      ECX++)
    22                              <1> 												; {
    23                              <1> 												;   // 偶数列在左边,奇数列在右边
    24 0000029E 89C8                <1> 		mov		eax, ecx						;   EAX  = ECX;
    25 000002A0 83E001              <1> 		and		eax, 0x01						;   EAX &= 0x01;;//奇数
    26 000002A3 C1E003              <1> 		shl		eax, 3							;   EAX *= 8;  // 往右移动8个字符
    27 000002A6 01F0                <1> 		add		eax, esi						;   EAX += X;
    28                              <1> 												;   
    29                              <1> 												;   // 每两个颜色10E行
    30 000002A8 89CB                <1> 		mov		ebx, ecx						;   EBX  = ECX;
    31 000002AA D1EB                <1> 		shr		ebx, 1							;   EBX /= 2
    32 000002AC 01FB                <1> 		add		ebx, edi						;   EBX += Y;
    33                              <1> 												;   
    34                              <1> 												;   //输出的颜色
    35 000002AE 89CA                <1> 		mov		edx, ecx						;   EDX  = ECX;
    36 000002B0 D1E2                <1> 		shl		edx, 1							;   EDX *= 2;
    37 000002B2 8B92[DF020000]      <1> 		mov		edx, [.t0 + edx]				;   EDX += Y;
    38                              <1> 
    39 000002B8 68[D6020000]525350- <1> 		cdecl	draw_str, eax, ebx, edx, .s0	;   draw_str();
    39 000002C0 E877FFFFFF6683C410  <1>
    40                              <1> 
    41 000002C9 41                  <1> 		inc		ecx								;   // for (... ECX++)
    42 000002CA EBCD                <1> 		jmp		.10L							; 
    43                              <1> .10E:											; }
    44                              <1> 
    45 000002CC 5F                  <1> 		pop		edi
    46 000002CD 5E                  <1> 		pop		esi
    47 000002CE 5A                  <1> 		pop		edx
    48 000002CF 59                  <1> 		pop		ecx
    49 000002D0 5B                  <1> 		pop		ebx
    50 000002D1 58                  <1> 		pop		eax
    51                              <1> 
    52 000002D2 89EC                <1> 		mov		esp, ebp
    53 000002D4 5D                  <1> 		pop		ebp
    54                              <1> 
    55 000002D5 C3                  <1> 		ret
    56                              <1> 
    57 000002D6 202020202020202000  <1> .s0:	db '        ', 0						;8个空白字符
    58                              <1> 
    59 000002DF 00000008            <1> .t0:	dw	0x0000, 0x0800						; colorbar的背景色
    60 000002E3 00010009            <1> 		dw	0x0100, 0x0900
    61 000002E7 0002000A            <1> 		dw	0x0200, 0x0A00
    62 000002EB 0003000B            <1> 		dw	0x0300, 0x0B00
    63 000002EF 0004000C            <1> 		dw	0x0400, 0x0C00
    64 000002F3 0005000D            <1> 		dw	0x0500, 0x0D00
    65 000002F7 0006000E            <1> 		dw	0x0600, 0x0E00
    66 000002FB 0007000F            <1> 		dw	0x0700, 0x0F00
    67                              <1> 
    45                                  %include "../modules/protect/draw_pixel.s"
     1                              <1> 
     2                              <1> draw_pixel:
     3                              <1> 
     4 000002FF 55                  <1> 		push	ebp			
     5 00000300 89E5                <1> 		mov		ebp, esp						
     6 00000302 50                  <1> 		push	eax
     7 00000303 53                  <1> 		push	ebx
     8 00000304 51                  <1> 		push	ecx
     9 00000305 57                  <1> 		push	edi
    10                              <1> 
    11                              <1> 		;---------------------------------------
    12                              <1> 		; 将Y坐标扩大80倍(640/8)
    13                              <1> 		;---------------------------------------
    14 00000306 8B7D0C              <1> 		mov		edi, [ebp +12]					; EDI  = Y坐标
    15 00000309 C1E704              <1> 		shl		edi, 4							; EDI *= 16;
    16 0000030C 8DBCBF00000A00      <1> 		lea		edi, [edi * 4 + edi + 0xA_0000]	; EDI  = 0xA00000[EDI * 4 + EDI];
    17                              <1> 
    18                              <1> 		;---------------------------------------
    19                              <1> 		; 加上X坐标的1/8
    20                              <1> 		;---------------------------------------
    21 00000313 8B5D08              <1> 		mov		ebx, [ebp + 8]					; EBX  = X坐标
    22 00000316 89D9                <1> 		mov		ecx, ebx						; ECX  = X坐标;(暂存)
    23 00000318 C1EB03              <1> 		shr		ebx, 3							; EBX /= 8;
    24 0000031B 01DF                <1> 		add		edi, ebx						; EDI += EBX;
    25                              <1> 
    26                              <1> 		;---------------------------------------
    27                              <1> 		; X坐标除8的余数来计算bit位置
    28                              <1> 		; (0=0x80, 1=0x40,... 7=0x01)
    29                              <1> 		;---------------------------------------
    30 0000031D 83E107              <1> 		and		ecx, 0x07						; ECX = X & 0x07;
    31 00000320 BB80000000          <1> 		mov		ebx, 0x80						; EBX = 0x80;
    32 00000325 D3EB                <1> 		shr		ebx, cl							; EBX >>= ECX;
    33                              <1> 
    34                              <1> 		;---------------------------------------
    35                              <1> 		; 指定颜色
    36                              <1> 		;---------------------------------------
    37 00000327 8B4D10              <1> 		mov		ecx, [ebp +16]					; // 昞帵怓
    38                              <1> 
    39                              <1> 		;---------------------------------------
    40                              <1> 		; 输出plane
    41                              <1> 		;---------------------------------------
    42 0000032A 6A03E84FFDFFFF6683- <1> 		cdecl	vga_set_read_plane, 0x03		; 
    42 00000333 C404                <1>
    43 00000335 6A08E85DFDFFFF6683- <1> 		cdecl	vga_set_write_plane, 0x08		;
    43 0000033E C404                <1>
    44 00000340 516A085753E8BBFDFF- <1> 		cdecl	vram_bit_copy, ebx, edi, 0x08, ecx
    44 00000349 FF6683C410          <1>
    45                              <1> 
    46 0000034E 6A02E82BFDFFFF6683- <1> 		cdecl	vga_set_read_plane, 0x02		; 
    46 00000357 C404                <1>
    47 00000359 6A04E839FDFFFF6683- <1> 		cdecl	vga_set_write_plane, 0x04		; 
    47 00000362 C404                <1>
    48 00000364 516A045753E897FDFF- <1> 		cdecl	vram_bit_copy, ebx, edi, 0x04, ecx
    48 0000036D FF6683C410          <1>
    49                              <1> 
    50 00000372 6A01E807FDFFFF6683- <1> 		cdecl	vga_set_read_plane, 0x01		; 
    50 0000037B C404                <1>
    51 0000037D 6A02E815FDFFFF6683- <1> 		cdecl	vga_set_write_plane, 0x02		; 
    51 00000386 C404                <1>
    52 00000388 516A025753E873FDFF- <1> 		cdecl	vram_bit_copy, ebx, edi, 0x02, ecx
    52 00000391 FF6683C410          <1>
    53                              <1> 
    54 00000396 6A00E8E3FCFFFF6683- <1> 		cdecl	vga_set_read_plane, 0x00		; 
    54 0000039F C404                <1>
    55 000003A1 6A01E8F1FCFFFF6683- <1> 		cdecl	vga_set_write_plane, 0x01		; 
    55 000003AA C404                <1>
    56 000003AC 516A015753E84FFDFF- <1> 		cdecl	vram_bit_copy, ebx, edi, 0x01, ecx
    56 000003B5 FF6683C410          <1>
    57                              <1> 
    58                              <1> 
    59 000003BA 5F                  <1> 		pop		edi
    60 000003BB 59                  <1> 		pop		ecx
    61 000003BC 5B                  <1> 		pop		ebx
    62 000003BD 58                  <1> 		pop		eax
    63                              <1> 
    64 000003BE 89EC                <1> 		mov		esp, ebp
    65 000003C0 5D                  <1> 		pop		ebp
    66                              <1> 
    67 000003C1 C3                  <1> 		ret
    68                              <1> 
    46                                  %include "../modules/protect/draw_line.s"
     1                              <1> draw_line:
     2                              <1> 
     3                              <1> 
     4 000003C2 55                  <1> 		push	ebp								
     5 000003C3 89E5                <1> 		mov		ebp, esp					
     6                              <1> 												; ---------------
     7 000003C5 6A00                <1> 		push	dword 0							;    - 4| sum   = 0; // 相对轴的积算值
     8 000003C7 6A00                <1> 		push	dword 0							;    - 8| x0    = 0; // X坐标
     9 000003C9 6A00                <1> 		push	dword 0							;    -12| dx    = 0; // X增加份
    10 000003CB 6A00                <1> 		push	dword 0							;    -16| inc_x = 0; // X坐标增加份(1 or -1)
    11 000003CD 6A00                <1> 		push	dword 0							;    -20| y0    = 0; // Y坐标
    12 000003CF 6A00                <1> 		push	dword 0							;    -24| dy    = 0; // Y增加份
    13 000003D1 6A00                <1> 		push	dword 0							;    -28| inc_y = 0; // Y坐标增加份(1 or -1)
    14                              <1> 												; ------|--------
    15 000003D3 50                  <1> 		push	eax
    16 000003D4 53                  <1> 		push	ebx
    17 000003D5 51                  <1> 		push	ecx
    18 000003D6 52                  <1> 		push	edx
    19 000003D7 56                  <1> 		push	esi
    20 000003D8 57                  <1> 		push	edi
    21                              <1> 
    22                              <1> 		;---------------------------------------
    23                              <1> 		; 计算宽(X轴)
    24                              <1> 		;---------------------------------------
    25 000003D9 8B4508              <1> 		mov		eax, [ebp + 8]					; EAX = X0;
    26 000003DC 8B5D10              <1> 		mov		ebx, [ebp +16]					; EBX = X1;
    27 000003DF 29C3                <1> 		sub		ebx, eax						; EBX = X1 - X0; //宽
    28 000003E1 7D09                <1> 		jge		.10F							; if (宽 < 0)
    29                              <1> 												; {
    30 000003E3 F7DB                <1> 		neg		ebx								;   宽   *= -1;
    31 000003E5 BEFFFFFFFF          <1> 		mov		esi, -1							;   // X坐标的增加份
    32 000003EA EB05                <1> 		jmp		.10E							; }
    33                              <1> .10F:											; else
    34                              <1> 												; {
    35 000003EC BE01000000          <1> 		mov		esi, 1							;   // X坐标的增加份
    36                              <1> .10E:											; }
    37                              <1> 
    38                              <1> 		;---------------------------------------
    39                              <1> 		; 计算高(Y轴)
    40                              <1> 		;---------------------------------------
    41 000003F1 8B4D0C              <1> 		mov		ecx, [ebp +12]					; ECX = Y0
    42 000003F4 8B5514              <1> 		mov		edx, [ebp +20]					; EDX = Y1
    43 000003F7 29CA                <1> 		sub		edx, ecx						; EDX = Y1 - Y0; // 高
    44 000003F9 7D09                <1> 		jge		.20F							; if (高 < 0)
    45                              <1> 												; {
    46 000003FB F7DA                <1> 		neg		edx								;   高 *= -1;
    47 000003FD BFFFFFFFFF          <1> 		mov		edi, -1							;   // Y坐标的增加份
    48 00000402 EB05                <1> 		jmp		.20E							; }
    49                              <1> .20F:											; else
    50                              <1> 												; {
    51 00000404 BF01000000          <1> 		mov		edi, 1							;   // Y坐标的增加份
    52                              <1> .20E:											; }
    53                              <1> 
    54                              <1> 		;---------------------------------------
    55                              <1> 		; X轴
    56                              <1> 		;---------------------------------------
    57 00000409 8945F8              <1> 		mov		[ebp - 8], eax					;   // X轴:开始坐标
    58 0000040C 895DF4              <1> 		mov		[ebp -12], ebx					;   // X轴:宽
    59 0000040F 8975F0              <1> 		mov		[ebp -16], esi					;   // X轴:增加份(基准轴1 or -1)
    60                              <1> 
    61                              <1> 		;---------------------------------------
    62                              <1> 		; Y轴
    63                              <1> 		;---------------------------------------
    64 00000412 894DEC              <1> 		mov		[ebp -20], ecx					;   // Y轴:开始坐标
    65 00000415 8955E8              <1> 		mov		[ebp -24], edx					;   // Y轴:长
    66 00000418 897DE4              <1> 		mov		[ebp -28], edi					;   // Y轴:增加份(基准轴 1 or -1)
    67                              <1> 
    68                              <1> 		;---------------------------------------
    69                              <1> 		; 决定哪个是基准轴
    70                              <1> 		;---------------------------------------
    71 0000041B 39D3                <1> 		cmp		ebx, edx						; if (宽 <= 高)
    72 0000041D 7F08                <1> 		jg		.22F							; {
    73                              <1> 												;   
    74 0000041F 8D75EC              <1> 		lea		esi, [ebp -20]					;   // Y轴是基准轴
    75 00000422 8D7DF8              <1> 		lea		edi, [ebp - 8]					;   // X轴是相对轴
    76                              <1> 												;   
    77 00000425 EB06                <1> 		jmp		.22E							; }
    78                              <1> .22F:											; else
    79                              <1> 												; {
    80 00000427 8D75F8              <1> 		lea		esi, [ebp - 8]					;   // X轴是基准轴
    81 0000042A 8D7DEC              <1> 		lea		edi, [ebp -20]					;   // Y轴是相对轴
    82                              <1> .22E:											; }
    83                              <1> 
    84                              <1> 		;---------------------------------------
    85                              <1> 		; 循环执行次数(基准轴的点数)
    86                              <1> 		;---------------------------------------
    87 0000042D 8B4EFC              <1> 		mov		ecx, [esi - 4]					; ECX = 基准轴画面宽度;
    88 00000430 83F900              <1> 		cmp		ecx, 0							; if (0 == ECX)
    89 00000433 7505                <1> 		jnz		.30E							; {
    90 00000435 B901000000          <1> 		mov		ecx, 1							;   ECX = 1;
    91                              <1> .30E:											; }
    92                              <1> 
    93                              <1> 		;---------------------------------------
    94                              <1> 		; 划线
    95                              <1> 		;---------------------------------------
    96                              <1> .50L:											; do
    97                              <1> 												; {
    98 0000043A FF7518FF75ECFF75F8- <1> 		cdecl	draw_pixel, dword [ebp - 8],dword [ebp -20],dword [ebp +24]		; //画点
    98 00000443 E8B7FEFFFF6683C40C  <1>
    99                              <1> 
   100                              <1> 												;   // 基准轴更新(1个点)
   101 0000044C 8B46F8              <1> 		mov		eax, [esi - 8]					;   EAX = 基准轴增加份(1 or -1);
   102 0000044F 0106                <1> 		add		[esi - 0], eax					;   
   103                              <1> 
   104                              <1> 												;   // 相对轴更新
   105 00000451 8B45FC              <1> 		mov		eax, [ebp - 4]					;   EAX  = sum; // 相对轴的积算值;
   106 00000454 0347FC              <1> 		add		eax, [edi - 4]					;   EAX += dy;  // 增加的分(相对轴的积算值)
   107 00000457 8B5EFC              <1> 		mov		ebx, [esi - 4]					;   EBX  = dx;  // 增加的分(基准轴的画幅)
   108                              <1> 
   109 0000045A 39D8                <1> 		cmp		eax, ebx						;   if (积算值 <= 相对轴的增加份)
   110 0000045C 7C07                <1> 		jl		.52E							;   {
   111 0000045E 29D8                <1> 		sub		eax, ebx						;     EAX -= EBX; // 积算值减去相对轴的增加份
   112                              <1> 												;     
   113                              <1> 												;     // 相对值坐标更新(1个点)
   114 00000460 8B5FF8              <1> 		mov		ebx, [edi - 8]					;     EBX =  相对轴增加的分;
   115 00000463 011F                <1> 		add		[edi - 0], ebx					;		
   116                              <1> .52E:											;   }
   117 00000465 8945FC              <1> 		mov		[ebp - 4], eax					;   // 积算值更新
   118                              <1> 												;   
   119 00000468 E2D0                <1> 		loop	.50L							;   
   120                              <1> .50E:											; } while (迭代次数--);
   121                              <1> 
   122                              <1> 
   123 0000046A 5F                  <1> 		pop		edi
   124 0000046B 5E                  <1> 		pop		esi
   125 0000046C 5A                  <1> 		pop		edx
   126 0000046D 59                  <1> 		pop		ecx
   127 0000046E 5B                  <1> 		pop		ebx
   128 0000046F 58                  <1> 		pop		eax
   129                              <1> 
   130 00000470 89EC                <1> 		mov		esp, ebp
   131 00000472 5D                  <1> 		pop		ebp
   132                              <1> 
   133 00000473 C3                  <1> 		ret
   134                              <1> 
    47                                  %include "../modules/protect/draw_rect.s"
     1                              <1> draw_rect:
     2                              <1> 
     3 00000474 55                  <1> 		push	ebp								
     4 00000475 89E5                <1> 		mov		ebp, esp						
     5                              <1> 
     6 00000477 50                  <1> 		push		eax
     7 00000478 53                  <1> 		push		ebx
     8 00000479 51                  <1> 		push		ecx
     9 0000047A 52                  <1> 		push		edx
    10 0000047B 56                  <1> 		push		esi
    11                              <1> 
    12                              <1> 		;---------------------------------------
    13                              <1> 		; 获取参数
    14                              <1> 		;---------------------------------------
    15 0000047C 8B4508              <1> 		mov		eax, [ebp + 8]					; EAX = X0;
    16 0000047F 8B5D0C              <1> 		mov		ebx, [ebp +12]					; EBX = Y0;
    17 00000482 8B4D10              <1> 		mov		ecx, [ebp +16]					; ECX = X1;
    18 00000485 8B5514              <1> 		mov		edx, [ebp +20]					; EDX = Y1;
    19 00000488 8B7518              <1> 		mov		esi, [ebp +24]					; ESI = 颜色;
    20                              <1> 
    21                              <1> 		;---------------------------------------
    22                              <1> 		; 确定坐标的大小
    23                              <1> 		;---------------------------------------
    24 0000048B 39C8                <1> 		cmp		eax, ecx						; if (X1 < X0)
    25 0000048D 7C01                <1> 		jl		.10E							; {
    26 0000048F 91                  <1> 		xchg	eax, ecx						;   交换X0和X1
    27                              <1> .10E:											; }
    28                              <1> 
    29 00000490 39D3                <1> 		cmp		ebx, edx						; if (Y1 < Y0)
    30 00000492 7C02                <1> 		jl		.20E							; {
    31 00000494 87DA                <1> 		xchg	ebx, edx						;   交换Y0和Y1
    32                              <1> .20E:											; }
    33                              <1> 
    34                              <1> 		;---------------------------------------
    35                              <1> 		; 画矩形
    36                              <1> 		;---------------------------------------
    37 00000496 5653515350E822FFFF- <1> 		cdecl	draw_line, eax, ebx, ecx, ebx, esi	; 上线
    37 0000049F FF6683C414          <1>
    38 000004A4 5652505350E814FFFF- <1> 		cdecl	draw_line, eax, ebx, eax, edx, esi	; 左线
    38 000004AD FF6683C414          <1>
    39                              <1> 
    40 000004B2 4A                  <1> 		dec		edx									; EDX--; // 下线往上挪一个点
    41 000004B3 5652515250E805FFFF- <1> 		cdecl	draw_line, eax, edx, ecx, edx, esi	; 下线
    41 000004BC FF6683C414          <1>
    42 000004C1 42                  <1> 		inc		edx
    43                              <1> 
    44 000004C2 49                  <1> 		dec		ecx									; ECX--; // 右线向左挪一个点
    45 000004C3 5652515351E8F5FEFF- <1> 		cdecl	draw_line, ecx, ebx, ecx, edx, esi	; 右线
    45 000004CC FF6683C414          <1>
    46                              <1> 
    47                              <1> 
    48 000004D1 5E                  <1> 		pop		esi
    49 000004D2 5A                  <1> 		pop		edx
    50 000004D3 59                  <1> 		pop		ecx
    51 000004D4 5B                  <1> 		pop		ebx
    52 000004D5 58                  <1> 		pop		eax
    53                              <1> 
    54 000004D6 89EC                <1> 		mov		esp, ebp
    55 000004D8 5D                  <1> 		pop		ebp
    56                              <1> 
    57 000004D9 C3                  <1> 		ret
    58                              <1> 
    48                                  
    49                                  ;********************
    50                                  ;padding
    51                                  ;********************
    52 000004DA 00<rept>                	times KERNEL_SIZE -($-$$) db 0;
