     1                                  %include "../include/define.s"
     1                              <1> BOOT_LOAD equ 0x7C00      ;//boot程序加载地址
     2                              <1> BOOT_SIZE equ (1024 * 8)  ;//boot代码段大小
     3                              <1> BOOT_END  equ (BOOT_LOAD + BOOT_SIZE) ;
     4                              <1> 
     5                              <1> SECT_SIZE equ (512)       ;//sector大小
     6                              <1> BOOT_SECT equ (BOOT_SIZE / SECT_SIZE)   ;//boot的sector数
     7                              <1> 
     8                              <1> E820_RECORD_SIZE equ 20
     9                              <1> 
    10                              <1> KERNEL_LOAD equ 0x0010_1000
    11                              <1> KERNEL_SIZE equ (1024*8) ;//kernel的大小仍然是8k
    12                              <1> KERNEL_SECT equ (KERNEL_SIZE / SECT_SIZE)
     2                                  %include "../include/macro.s"
     1                              <1> %macro cdecl 1-*.nolist  ;//1-*是一个以上的参数
     2                              <1> 
     3                              <1> 	%rep %0 - 1         ;//%0是参数的个数
     4                              <1> 		push %{-1:-1}  ;//%将参数倒着压栈
     5                              <1> 		%rotate -1   
     6                              <1> 	%endrep
     7                              <1> 	%rotate -1      ;//恢复原来的参数
     8                              <1> 
     9                              <1> 	call %1
    10                              <1> 	%if 1 < %0
    11                              <1> 		add sp,(__BITS__ >> 3)*(%0 - 1)     ;//__BITS__是表示16比特模式还是32比特模式
    12                              <1> 	%endif									;//给每个参数分配栈空间
    13                              <1> %endmacro
    14                              <1> 
    15                              <1> struc drive
    16 00000000 <res 00000002>      <1> 	.no resw 1	 ;驱动号
    17 00000002 <res 00000002>      <1> 	.cyln resw 1 ;cylinder
    18 00000004 <res 00000002>      <1> 	.head resw 1 ;head
    19 00000006 <res 00000002>      <1> 	.sect resw 1 ;sector
    20                              <1> endstruc
    21                              <1> 
     3                                  	
     4                                  	ORG KERNEL_LOAD
     5                                  
     6                                  [BITS 32]
     7                                  ;*******************
     8                                  ;entry  point
     9                                  ;*******************
    10                                  kernel:
    11                                  	;----------------------
    12                                  	;获取font address
    13                                  	;----------------------
    14 00000000 BE007E0000              	mov esi,BOOT_LOAD + SECT_SIZE ;ESI = 0x7C00 + 512
    15 00000005 0FB706                  	movzx eax,word[esi + 0]				;//eax = segment
    16 00000008 0FB75E02                	movzx ebx,word[esi + 2]				;//ebx = offset
    17 0000000C C1E004                  	shl eax,4
    18 0000000F 01D8                    	add eax,ebx
    19 00000011 A3[58000000]            	mov [FONT_ADR],eax					;FONT_ADR[0] = eax
    20                                  
    21                                  	;------------------------------
    22                                  	;表示文字一览
    23                                  	;------------------------------
    24 00000016 6A0D6A3FE8B4010000-     	cdecl draw_font, 63,13
    24 0000001F 6683C408           
    25                                  	;------------------
    26                                  	;打印字符串
    27                                  	;-------------------
    28 00000023 68[49000000]680F01-     	cdecl draw_str,25,14,0x010F,.s0 ; 
    28 0000002B 00006A0E6A19E8E201-
    28 00000034 00006683C410       
    29                                  	;---------------
    30                                  	;打印colorbar
    31                                  	;---------------
    32 0000003A 6A046A3FE81E020000-     	cdecl draw_color_bar,63,4
    32 00000043 6683C408           
    33                                  
    34 00000047 EBFE                    	jmp $
    35 00000049 48656C6C6F2C206B65-     .s0 db "Hello, kernel!",0
    35 00000052 726E656C2100       
    36                                  
    37                                  ALIGN 4,db 0
    38 00000058 00000000                FONT_ADR: dd 0
    39                                  
    40                                  
    41                                  ;*************************
    42                                  ;model
    43                                  ;*************************
    44                                  %include "../modules/protect/vga.s"
     1                              <1> vga_set_read_plane:
     2                              <1> 	
     3 0000005C 55                  <1> 		push	ebp	
     4 0000005D 89E5                <1> 		mov		ebp, esp						
     5                              <1> 
     6 0000005F 50                  <1> 		push	eax
     7 00000060 52                  <1> 		push	edx
     8                              <1> 
     9                              <1> 		;---------------------------------------
    10                              <1> 		;选择读取的plane
    11                              <1> 		;---------------------------------------
    12 00000061 8A6508              <1> 		mov		ah, [ebp + 8]					; AH  = 指定读取的palne(----RGB)
    13 00000064 80E403              <1> 		and		ah, 0x03						; AH &= 0x03; // mask掉不要的bit
    14 00000067 B004                <1> 		mov		al, 0x04						; AL  = 读取map选择寄存器
    15 00000069 66BACE03            <1> 		mov		dx, 0x03CE						; DX  = 图像控制端口
    16 0000006D 66EF                <1> 		out		dx, ax							; // 端口输出
    17                              <1> 
    18 0000006F 5A                  <1> 		pop		edx
    19 00000070 58                  <1> 		pop		eax
    20 00000071 89EC                <1> 		mov		esp, ebp
    21 00000073 5D                  <1> 		pop		ebp
    22                              <1> 
    23 00000074 C3                  <1> 		ret
    24                              <1> 
    25                              <1> vga_set_write_plane:
    26                              <1> 											
    27 00000075 55                  <1> 		push	ebp								
    28 00000076 89E5                <1> 		mov		ebp, esp						
    29                              <1> 											
    30 00000078 50                  <1> 		push	eax
    31 00000079 52                  <1> 		push	edx
    32                              <1> 
    33                              <1> 		;---------------------------------------
    34                              <1> 		; 选择写入的plane
    35                              <1> 		;---------------------------------------
    36 0000007A 8A6508              <1> 		mov		ah, [ebp + 8]					; AH = 指定写入的plane(Bit:----IRGB)
    37 0000007D 80E40F              <1> 		and		ah, 0x0F						; AH = 0x0F; // mask掉不需要的比特
    38 00000080 B002                <1> 		mov		al, 0x02						; AL = 指定写入plane
    39 00000082 66BAC403            <1> 		mov		dx, 0x03C4						; DX = sequence控制端口
    40 00000086 66EF                <1> 		out		dx, ax							; // 端口输出
    41                              <1> 
    42                              <1> 
    43 00000088 5A                  <1> 		pop		edx
    44 00000089 58                  <1> 		pop		eax
    45                              <1> 
    46 0000008A 89EC                <1> 		mov		esp, ebp
    47 0000008C 5D                  <1> 		pop		ebp
    48                              <1> 
    49 0000008D C3                  <1> 		ret
    50                              <1> 
    51                              <1> ;
    52                              <1> vram_font_copy:
    53                              <1> 
    54                              <1> 
    55 0000008E 55                  <1> 		push	ebp							
    56 0000008F 89E5                <1> 		mov		ebp, esp						
    57                              <1> 
    58 00000091 50                  <1> 		push	eax
    59 00000092 53                  <1> 		push	ebx
    60 00000093 51                  <1> 		push	ecx
    61 00000094 52                  <1> 		push	edx
    62 00000095 56                  <1> 		push	esi
    63 00000096 57                  <1> 		push	edi
    64                              <1> 
    65                              <1> 		;---------------------------------------
    66                              <1> 		; 获取参数
    67                              <1> 		;---------------------------------------
    68 00000097 8B7508              <1> 		mov		esi, [ebp + 8]					; ESI = font地址
    69 0000009A 8B7D0C              <1> 		mov		edi, [ebp +12]					; EDI = VRAM地址;
    70 0000009D 0FB64510            <1> 		movzx	eax, byte [ebp +16]				; EAX = plane(用比特指定);
    71 000000A1 0FB75D14            <1> 		movzx	ebx, word [ebp +20]				; EBX = 颜色;
    72                              <1> 
    73                              <1> 		;//背景色或者前景色包含plane的时候设置为0xff,不包含的时候设置为0x00
    74                              <1> 
    75 000000A5 84C7                <1> 		test	bh, al							; ZF = (背景色 & plane);
    76 000000A7 0F94C6              <1> 		setz	dh								; AH = ZF ? 0x01 : 0x00
    77 000000AA FECE                <1> 		dec		dh								; AH--; // 0x00 or 0xFF
    78                              <1> 
    79 000000AC 84C3                <1> 		test	bl, al							; ZF = (前景色 & plane);
    80 000000AE 0F94C2              <1> 		setz	dl								; AL = ZF ? 0x01 : 0x00
    81 000000B1 FECA                <1> 		dec		dl								; AL--; // 0x00 or 0xFF
    82                              <1> 
    83                              <1> 		;---------------------------------------
    84                              <1> 		; 复制16个点的font
    85                              <1> 		;---------------------------------------
    86 000000B3 FC                  <1> 		cld										; DF  = 0; 
    87                              <1> 
    88 000000B4 B910000000          <1> 		mov		ecx, 16							; ECX = 16; // 16个点
    89                              <1> .10L:											; do
    90                              <1> 												; {
    91                              <1> 		;---------------------------------------
    92                              <1> 		; 生成font_mask
    93                              <1> 		;---------------------------------------
    94 000000B9 AC                  <1> 		lodsb									;   AL  = *ESI++; //  font
    95 000000BA 88C4                <1> 		mov		ah, al							;   AH ~= AL;     // !font(比特反转)
    96 000000BC F6D4                <1> 		not		ah								;   
    97                              <1> 
    98                              <1> 		;---------------------------------------
    99                              <1> 		; 前景色
   100                              <1> 		;---------------------------------------
   101 000000BE 20D0                <1> 		and		al, dl							;   AL =前景色 & font;
   102                              <1> 
   103                              <1> 		;---------------------------------------
   104                              <1> 		; 背景色
   105                              <1> 		;---------------------------------------
   106 000000C0 F7C310000000        <1> 		test	ebx, 0x0010						;   if (透明模式)
   107 000000C6 7404                <1> 		jz		.11F							;   {
   108 000000C8 2227                <1> 		and		ah, [edi]						;     AH = !font & [EDI] // 现在值
   109 000000CA EB02                <1> 		jmp		.11E							;   }
   110                              <1> .11F:											;   else
   111                              <1> 												;   {
   112 000000CC 20F4                <1> 		and		ah, dh							;     AH = !font & 背景色;
   113                              <1> .11E:											;   }
   114                              <1> 
   115                              <1> 		;---------------------------------------
   116                              <1> 		; 前景色和背景色的合成
   117                              <1> 		;---------------------------------------
   118 000000CE 08E0                <1> 		or		al, ah							;   AL  = 前景 | 背景;
   119                              <1> 
   120                              <1> 		;---------------------------------------
   121                              <1> 		; 输出新的值
   122                              <1> 		;---------------------------------------
   123 000000D0 8807                <1> 		mov		[edi], al						;   [EDI] = AL; // 写入plane
   124                              <1> 
   125 000000D2 83C750              <1> 		add		edi, 80							;   EDI += 80;(font是30x80)
   126 000000D5 E2E2                <1> 		loop	.10L							; } while (--ECX);
   127                              <1> .10E:											; 
   128 000000D7 5F                  <1> 		pop		edi
   129 000000D8 5E                  <1> 		pop		esi
   130 000000D9 5A                  <1> 		pop		edx
   131 000000DA 59                  <1> 		pop		ecx
   132 000000DB 5B                  <1> 		pop		ebx
   133 000000DC 58                  <1> 		pop		eax
   134                              <1> 
   135 000000DD 89EC                <1> 		mov		esp, ebp
   136 000000DF 5D                  <1> 		pop		ebp
   137                              <1> 
   138 000000E0 C3                  <1> 		ret
   139                              <1> 
   140                              <1> vram_bit_copy:
   141                              <1> 
   142 000000E1 55                  <1> 		push	ebp							
   143 000000E2 89E5                <1> 		mov		ebp, esp						
   144                              <1> 												
   145 000000E4 50                  <1> 		push	eax
   146 000000E5 53                  <1> 		push	ebx
   147 000000E6 57                  <1> 		push	edi
   148                              <1> 
   149                              <1> 		;---------------------------------------
   150                              <1> 		; 获取参数
   151                              <1> 		;---------------------------------------
   152 000000E7 8B7D0C              <1> 		mov		edi, [ebp +12]					; EDI = VRAM地址
   153 000000EA 0FB64510            <1> 		movzx	eax, byte [ebp +16]				; EAX = palne(bit);
   154 000000EE 0FB75D14            <1> 		movzx	ebx, word [ebp +20]				; EBX = 表示颜色;
   155                              <1> 
   156 000000F2 84C3                <1> 		test	bl, al							; ZF = (前景色 & plane);
   157 000000F4 0F94C3              <1> 		setz	bl								; BL = ZF ? 0x01 : 0x00
   158 000000F7 FECB                <1> 		dec		bl								; BL--; // 0x00 or 0xFF
   159                              <1> 
   160                              <1> 		;---------------------------------------
   161                              <1> 		; 输出比特模式的反
   162                              <1> 		;---------------------------------------
   163 000000F9 8A4508              <1> 		mov		al, [ebp + 8]					; AL = 输出比特模式
   164 000000FC 88C4                <1> 		mov		ah, al							; AH ~= AL;     // ! 输出比特模式
   165 000000FE F6D4                <1> 		not		ah								; 
   166                              <1> 
   167                              <1> 		;---------------------------------------
   168                              <1> 		; 生成输入的值
   169                              <1> 		;---------------------------------------
   170 00000100 2227                <1> 		and		ah, [edi]						; AH  =  ! 输出比特模式 & 现在值
   171 00000102 20D8                <1> 		and		al, bl							; AL  = 输出比特模式 &  表示色
   172 00000104 08E0                <1> 		or		al, ah							; AL |= AH;
   173                              <1> 
   174                              <1> 		;---------------------------------------
   175                              <1> 		; 数据写入
   176                              <1> 		;---------------------------------------
   177 00000106 8807                <1> 		mov		[edi], al						; [EDI] = BL; // 写入palne
   178                              <1> 
   179                              <1> 
   180 00000108 5F                  <1> 		pop		edi
   181 00000109 5B                  <1> 		pop		ebx
   182 0000010A 58                  <1> 		pop		eax
   183                              <1> 
   184 0000010B 89EC                <1> 		mov		esp, ebp
   185 0000010D 5D                  <1> 		pop		ebp
   186                              <1> 
   187 0000010E C3                  <1> 		ret
   188                              <1> 
    45                                  %include "../modules/protect/draw_char.s"
     1                              <1> draw_char:
     2                              <1> 
     3 0000010F 55                  <1> 		push	ebp			
     4 00000110 89E5                <1> 		mov		ebp, esp	
     5                              <1> 											
     6                              <1> 
     7 00000112 50                  <1> 		push	eax
     8 00000113 53                  <1> 		push	ebx
     9 00000114 51                  <1> 		push	ecx
    10 00000115 52                  <1> 		push	edx
    11 00000116 56                  <1> 		push	esi
    12 00000117 57                  <1> 		push	edi
    13                              <1> 
    14                              <1> 		;---------------------------------------
    15                              <1> 		; 取得参数
    16                              <1> 		;---------------------------------------
    17 00000118 0FB67514            <1> 		movzx	esi, byte [ebp +20]				; ESI  = 字符码
    18 0000011C C1E604              <1> 		shl		esi, 4							; CL *= 16; // 1字符16byte
    19 0000011F 0335[58000000]      <1> 		add		esi, [FONT_ADR]					; ESI = font地址;
    20                              <1> 
    21                              <1> 		;---------------------------------------
    22                              <1> 		; 取得复制目的地的地址
    23                              <1> 		; Adr = 0xA0000 + (640 / 8 * 16) * y + x
    24                              <1> 		;---------------------------------------
    25 00000125 8B7D0C              <1> 		mov		edi, [ebp +12]					; Y(行)
    26 00000128 C1E708              <1> 		shl		edi, 8							; EDI = Y * 256;
    27 0000012B 8DBCBF00000A00      <1> 		lea		edi, [edi * 4 + edi + 0xA0000]	; EDI = Y *   4 + Y;
    28 00000132 037D08              <1> 		add		edi, [ebp + 8]					; X(列)
    29                              <1> 
    30                              <1> 		;---------------------------------------
    31                              <1> 		; 输出一字符的font
    32                              <1> 		;---------------------------------------
    33 00000135 0FB75D10            <1> 		movzx	ebx, word [ebp +16]				; // 颜色
    34                              <1> 
    35 00000139 6A03E81CFFFFFF6683- <1> 		cdecl	vga_set_read_plane, 0x03		; // 写入plane(亮度:I)
    35 00000142 C404                <1>
    36 00000144 6A08E82AFFFFFF6683- <1> 		cdecl	vga_set_write_plane, 0x08		; // 输出plane(亮度:I)
    36 0000014D C404                <1>
    37 0000014F 536A085756E835FFFF- <1> 		cdecl	vram_font_copy, esi, edi, 0x08, ebx
    37 00000158 FF6683C410          <1>
    38                              <1> 
    39 0000015D 6A02E8F8FEFFFF6683- <1> 		cdecl	vga_set_read_plane, 0x02		; //写入plane(红:R)
    39 00000166 C404                <1>
    40 00000168 6A04E806FFFFFF6683- <1> 		cdecl	vga_set_write_plane, 0x04		; //输出plane(红:R)
    40 00000171 C404                <1>
    41 00000173 536A045756E811FFFF- <1> 		cdecl	vram_font_copy, esi, edi, 0x04, ebx
    41 0000017C FF6683C410          <1>
    42                              <1> 
    43 00000181 6A01E8D4FEFFFF6683- <1> 		cdecl	vga_set_read_plane, 0x01		; // 写入plane(绿:G)
    43 0000018A C404                <1>
    44 0000018C 6A02E8E2FEFFFF6683- <1> 		cdecl	vga_set_write_plane, 0x02		; // 输出plane(绿:G)
    44 00000195 C404                <1>
    45 00000197 536A025756E8EDFEFF- <1> 		cdecl	vram_font_copy, esi, edi, 0x02, ebx
    45 000001A0 FF6683C410          <1>
    46                              <1> 
    47 000001A5 6A00E8B0FEFFFF6683- <1> 		cdecl	vga_set_read_plane, 0x00		; // 写入plane(蓝:B)
    47 000001AE C404                <1>
    48 000001B0 6A01E8BEFEFFFF6683- <1> 		cdecl	vga_set_write_plane, 0x01		; // 输出plane(蓝:B)
    48 000001B9 C404                <1>
    49 000001BB 536A015756E8C9FEFF- <1> 		cdecl	vram_font_copy, esi, edi, 0x01, ebx
    49 000001C4 FF6683C410          <1>
    50                              <1> 
    51                              <1> 
    52 000001C9 5F                  <1> 		pop		edi
    53 000001CA 5E                  <1> 		pop		esi
    54 000001CB 5A                  <1> 		pop		edx
    55 000001CC 59                  <1> 		pop		ecx
    56 000001CD 5B                  <1> 		pop		ebx
    57 000001CE 58                  <1> 		pop		eax
    58                              <1> 
    59 000001CF 89EC                <1> 		mov		esp, ebp
    60 000001D1 5D                  <1> 		pop		ebp
    61                              <1> 
    62 000001D2 C3                  <1> 		ret
    63                              <1> 
    46                                  %include "../modules/protect/draw_font.s"
     1                              <1> draw_font:
     2 000001D3 55                  <1> 		push	ebp		
     3 000001D4 89E5                <1> 		mov		ebp, esp		
     4                              <1> 							
     5                              <1> 
     6 000001D6 50                  <1> 		push	eax
     7 000001D7 53                  <1> 		push	ebx
     8 000001D8 51                  <1> 		push	ecx
     9 000001D9 52                  <1> 		push	edx
    10 000001DA 56                  <1> 		push	esi
    11 000001DB 57                  <1> 		push	edi
    12                              <1> 
    13 000001DC 8B7508              <1> 		mov		esi, [ebp + 8]					; ESI = X(列)
    14 000001DF 8B7D0C              <1> 		mov		edi, [ebp +12]					; EDI = Y(行)
    15                              <1> 
    16                              <1> 		;---------------------------------------
    17                              <1> 		; 僼僅儞僩堦棗傪昞帵
    18                              <1> 		;---------------------------------------
    19 000001E2 B900000000          <1> 		mov		ecx, 0							; for (ECX = 0;
    20 000001E7 81F900010000        <1> .10L:	cmp		ecx, 256						;      ECX < 256;
    21 000001ED 731F                <1> 		jae		.10E							; 
    22                              <1> 												;      ECX++)
    23                              <1> 												; {
    24                              <1> 												;   // 一行表示16个字符,列位置
    25 000001EF 89C8                <1> 		mov		eax, ecx						;   EAX  = ECX;
    26 000001F1 83E00F              <1> 		and		eax, 0x0F						;   EAX &= 0x0F
    27 000001F4 01F0                <1> 		add		eax, esi						;   EAX += X;
    28                              <1> 												;   
    29                              <1> 												;   // 行位置
    30 000001F6 89CB                <1> 		mov		ebx, ecx						;   EBX  = ECX;
    31 000001F8 C1EB04              <1> 		shr		ebx, 4							;   EBX /= 16
    32 000001FB 01FB                <1> 		add		ebx, edi						;   EBX += Y;
    33                              <1> 
    34 000001FD 516A075350E808FFFF- <1> 		cdecl	draw_char, eax, ebx, 0x07, ecx	;   draw_char();
    34 00000206 FF6683C410          <1>
    35                              <1> 
    36 0000020B 41                  <1> 		inc		ecx								;   // for (... ECX++)
    37 0000020C EBD9                <1> 		jmp		.10L							; 
    38                              <1> .10E:											; }
    39                              <1> 
    40                              <1> 
    41 0000020E 5F                  <1> 		pop		edi
    42 0000020F 5E                  <1> 		pop		esi
    43 00000210 5A                  <1> 		pop		edx
    44 00000211 59                  <1> 		pop		ecx
    45 00000212 5B                  <1> 		pop		ebx
    46 00000213 58                  <1> 		pop		eax
    47                              <1> 
    48 00000214 89EC                <1> 		mov		esp, ebp
    49 00000216 5D                  <1> 		pop		ebp
    50                              <1> 
    51 00000217 C3                  <1> 		ret
    52                              <1> 
    47                                  %include "../modules/protect/draw_str.s"
     1                              <1> draw_str:
     2                              <1> 
     3 00000218 55                  <1> 		push	ebp							
     4 00000219 89E5                <1> 		mov		ebp, esp					
     5                              <1> 
     6                              <1> 
     7 0000021B 50                  <1> 		push	eax
     8 0000021C 53                  <1> 		push	ebx
     9 0000021D 51                  <1> 		push	ecx
    10 0000021E 52                  <1> 		push	edx
    11 0000021F 56                  <1> 		push	esi
    12                              <1> 
    13                              <1> 		;---------------------------------------
    14                              <1> 		; 获取参数
    15                              <1> 		;---------------------------------------
    16 00000220 8B4D08              <1> 		mov		ecx, [ebp + 8]					; ECX = 列;
    17 00000223 8B550C              <1> 		mov		edx, [ebp +12]					; EDX = 行;
    18 00000226 0FB75D10            <1> 		movzx	ebx, word [ebp + 16]			; EBX = 颜色;
    19 0000022A 8B7514              <1> 		mov		esi, [ebp +20]					; ESI = 字符串地址;
    20                              <1> 
    21 0000022D FC                  <1> 		cld										; DF = 0; // 正方向
    22                              <1> .10L:											; do
    23                              <1> 												; {
    24 0000022E AC                  <1> 		lodsb									;   AL = *ESI++; // 暥帤傪庢摼
    25 0000022F 3C00                <1> 		cmp		al, 0							;   if (0 == AL)
    26 00000231 7425                <1> 		je		.10E							;     break;
    27                              <1> 
    28 00000233 50535251E8D3FEFFFF- <1> 		cdecl	draw_char, ecx, edx, ebx, eax	;   draw_char();
    28 0000023C 6683C410            <1>
    29                              <1> 
    30                              <1> 		; 師偺暥帤偺埵抲傪挷惍
    31 00000240 41                  <1> 		inc		ecx								;   ECX++;           // 列+1
    32 00000241 83F950              <1> 		cmp		ecx, 80							;   if (80 <= ECX)   // 80列超过的话要换行
    33 00000244 7C10                <1> 		jl		.12E							;   {
    34 00000246 B900000000          <1> 		mov		ecx, 0							;     ECX = 0;       // 列 = 0
    35 0000024B 42                  <1> 		inc		edx								;     EDX++;         // 行 + 1
    36 0000024C 83FA1E              <1> 		cmp		edx, 30							;     if (30 <= EDX) // 30行以上换页
    37 0000024F 7C05                <1> 		jl		.12E							;     {
    38 00000251 BA00000000          <1> 		mov		edx, 0							;       EDX = 0;     // 行 = 0
    39                              <1> 												;     }
    40                              <1> .12E:											;   }
    41 00000256 EBD6                <1> 		jmp		.10L							;   
    42                              <1> .10E:											; } while (1);
    43                              <1> 
    44 00000258 5E                  <1> 		pop		esi
    45 00000259 5A                  <1> 		pop		edx
    46 0000025A 59                  <1> 		pop		ecx
    47 0000025B 5B                  <1> 		pop		ebx
    48 0000025C 58                  <1> 		pop		eax
    49                              <1> 
    50 0000025D 89EC                <1> 		mov		esp, ebp
    51 0000025F 5D                  <1> 		pop		ebp
    52                              <1> 
    53 00000260 C3                  <1> 		ret
    54                              <1> 
    48                                  %include "../modules/protect/draw_color_bar.s"
     1                              <1> draw_color_bar:
     2 00000261 55                  <1> 		push	ebp						
     3 00000262 89E5                <1> 		mov		ebp, esp						
     4                              <1> 
     5 00000264 50                  <1> 		push	eax
     6 00000265 53                  <1> 		push	ebx
     7 00000266 51                  <1> 		push	ecx
     8 00000267 52                  <1> 		push	edx
     9 00000268 56                  <1> 		push	esi
    10 00000269 57                  <1> 		push	edi
    11                              <1> 
    12 0000026A 8B7508              <1> 		mov		esi, [ebp + 8]					; ESI = X乮楍乯
    13 0000026D 8B7D0C              <1> 		mov		edi, [ebp +12]					; EDI = Y乮峴乯
    14                              <1> 
    15                              <1> 		;---------------------------------------
    16                              <1> 		; 表示colorbar
    17                              <1> 		;---------------------------------------
    18 00000270 B900000000          <1> 		mov		ecx, 0							; for (ECX = 0;
    19 00000275 83F910              <1> .10L:	cmp		ecx, 16							;      ECX < 16;
    20 00000278 732E                <1> 		jae		.10E							; 
    21                              <1> 												;      ECX++)
    22                              <1> 												; {
    23                              <1> 												;   // 偶数列在左边,奇数列在右边
    24 0000027A 89C8                <1> 		mov		eax, ecx						;   EAX  = ECX;
    25 0000027C 83E001              <1> 		and		eax, 0x01						;   EAX &= 0x01;;//奇数
    26 0000027F C1E003              <1> 		shl		eax, 3							;   EAX *= 8;  // 往右移动8个字符
    27 00000282 01F0                <1> 		add		eax, esi						;   EAX += X;
    28                              <1> 												;   
    29                              <1> 												;   // 每两个颜色10E行
    30 00000284 89CB                <1> 		mov		ebx, ecx						;   EBX  = ECX;
    31 00000286 D1EB                <1> 		shr		ebx, 1							;   EBX /= 2
    32 00000288 01FB                <1> 		add		ebx, edi						;   EBX += Y;
    33                              <1> 												;   
    34                              <1> 												;   //输出的颜色
    35 0000028A 89CA                <1> 		mov		edx, ecx						;   EDX  = ECX;
    36 0000028C D1E2                <1> 		shl		edx, 1							;   EDX *= 2;
    37 0000028E 8B92[BB020000]      <1> 		mov		edx, [.t0 + edx]				;   EDX += Y;
    38                              <1> 
    39 00000294 68[B2020000]525350- <1> 		cdecl	draw_str, eax, ebx, edx, .s0	;   draw_str();
    39 0000029C E877FFFFFF6683C410  <1>
    40                              <1> 
    41 000002A5 41                  <1> 		inc		ecx								;   // for (... ECX++)
    42 000002A6 EBCD                <1> 		jmp		.10L							; 
    43                              <1> .10E:											; }
    44                              <1> 
    45 000002A8 5F                  <1> 		pop		edi
    46 000002A9 5E                  <1> 		pop		esi
    47 000002AA 5A                  <1> 		pop		edx
    48 000002AB 59                  <1> 		pop		ecx
    49 000002AC 5B                  <1> 		pop		ebx
    50 000002AD 58                  <1> 		pop		eax
    51                              <1> 
    52 000002AE 89EC                <1> 		mov		esp, ebp
    53 000002B0 5D                  <1> 		pop		ebp
    54                              <1> 
    55 000002B1 C3                  <1> 		ret
    56                              <1> 
    57 000002B2 202020202020202000  <1> .s0:	db '        ', 0						;8个空白字符
    58                              <1> 
    59 000002BB 00000008            <1> .t0:	dw	0x0000, 0x0800						; colorbar的背景色
    60 000002BF 00010009            <1> 		dw	0x0100, 0x0900
    61 000002C3 0002000A            <1> 		dw	0x0200, 0x0A00
    62 000002C7 0003000B            <1> 		dw	0x0300, 0x0B00
    63 000002CB 0004000C            <1> 		dw	0x0400, 0x0C00
    64 000002CF 0005000D            <1> 		dw	0x0500, 0x0D00
    65 000002D3 0006000E            <1> 		dw	0x0600, 0x0E00
    66 000002D7 0007000F            <1> 		dw	0x0700, 0x0F00
    67                              <1> 
    49                                  
    50                                  ;********************
    51                                  ;padding
    52                                  ;********************
    53 000002DB 00<rept>                	times KERNEL_SIZE -($-$$) db 0;
